<html>
<body>
<pre>
<h1>µVision Build Log</h1>
<h2>Project:</h2>
F:\MyData\Nixie Clock\MyNixie\Version2.0\Software\Project\RVMDK£¨uv4£©\iSO-STM32.uvproj
Project File Date:  11/26/2017

<h2>Output:</h2>
Build target 'Nixie Clock'
compiling main.c...
compiling other.c...
linking...
Program Size: Code=29884 RO-data=336 RW-data=300 ZI-data=2100  
FromELF: creating hex file...
"..\..\Output\Firmware.axf" - 0 Errors, 0 Warning(s).
Build target 'Nixie Clock'
compiling main.c...
compiling stm32f10x_it.c...
compiling bsp_ds18b20.c...
linking...
Program Size: Code=29900 RO-data=336 RW-data=300 ZI-data=2100  
FromELF: creating hex file...
"..\..\Output\Firmware.axf" - 0 Errors, 0 Warning(s).
Load "..\\..\\Output\\Firmware.axf" 
Erase Done.
Programming Done.
Verify OK.
Application running ...
Build target 'Nixie Clock'
linking...
Program Size: Code=29900 RO-data=336 RW-data=300 ZI-data=2100  
FromELF: creating hex file...
"..\..\Output\Firmware.axf" - 0 Errors, 0 Warning(s).
Load "..\\..\\Output\\Firmware.axf" 
Erase Done.
Programming Done.
Verify OK.
Application running ...
Build target 'Nixie Clock'
compiling bsp_ds18b20.c...
linking...
Program Size: Code=29904 RO-data=336 RW-data=300 ZI-data=2100  
FromELF: creating hex file...
"..\..\Output\Firmware.axf" - 0 Errors, 0 Warning(s).
Load "..\\..\\Output\\Firmware.axf" 
Erase Done.
Programming Done.
Verify OK.
Application running ...
Build target 'Nixie Clock'
compiling main.c...
compiling stm32f10x_it.c...
compiling bsp_SysTick.c...
compiling bsp_usart1.c...
compiling bsp_beep.c...
compiling bsp_ds18b20.c...
compiling other.c...
compiling remote.c...
linking...
..\..\Output\Firmware.axf: Error: L6218E: Undefined symbol BeepDelayTime100ms (referred from stm32f10x_it.o).
"..\..\Output\Firmware.axf" - 1 Errors, 0 Warning(s).
Target not created
Build target 'Nixie Clock'
compiling stm32f10x_it.c...
linking...
Program Size: Code=29960 RO-data=336 RW-data=300 ZI-data=2100  
FromELF: creating hex file...
"..\..\Output\Firmware.axf" - 0 Errors, 0 Warning(s).
Load "..\\..\\Output\\Firmware.axf" 
Erase Done.
Programming Done.
Verify OK.
Application running ...
Build target 'Nixie Clock'
compiling main.c...
linking...
Program Size: Code=29960 RO-data=336 RW-data=300 ZI-data=2100  
FromELF: creating hex file...
"..\..\Output\Firmware.axf" - 0 Errors, 0 Warning(s).
Load "..\\..\\Output\\Firmware.axf" 
Erase Done.
Programming Done.
Verify OK.
Application running ...
Build target 'Nixie Clock'
compiling main.c...
linking...
Program Size: Code=29844 RO-data=336 RW-data=300 ZI-data=2100  
FromELF: creating hex file...
"..\..\Output\Firmware.axf" - 0 Errors, 0 Warning(s).
Load "..\\..\\Output\\Firmware.axf" 
Erase Done.
Programming Done.
Verify OK.
Application running ...
Build target 'Nixie Clock'
compiling main.c...
compiling stm32f10x_it.c...
linking...
Program Size: Code=29844 RO-data=336 RW-data=300 ZI-data=2100  
FromELF: creating hex file...
"..\..\Output\Firmware.axf" - 0 Errors, 0 Warning(s).
Load "..\\..\\Output\\Firmware.axf" 
Erase Done.
Programming Done.
Verify OK.
Application running ...
Build target 'Nixie Clock'
compiling main.c...
compiling stm32f10x_it.c...
compiling bsp_beep.c...
linking...
Program Size: Code=29848 RO-data=336 RW-data=300 ZI-data=2100  
FromELF: creating hex file...
"..\..\Output\Firmware.axf" - 0 Errors, 0 Warning(s).
Build target 'Nixie Clock'
compiling bsp_beep.c...
linking...
Program Size: Code=29848 RO-data=336 RW-data=300 ZI-data=2100  
FromELF: creating hex file...
"..\..\Output\Firmware.axf" - 0 Errors, 0 Warning(s).
Load "..\\..\\Output\\Firmware.axf" 
Erase Done.
Programming Done.
Verify OK.
Application running ...
Build target 'Nixie Clock'
compiling stm32f10x_it.c...
compiling bsp_beep.c...
linking...
Program Size: Code=29836 RO-data=336 RW-data=300 ZI-data=2100  
FromELF: creating hex file...
"..\..\Output\Firmware.axf" - 0 Errors, 0 Warning(s).
Load "..\\..\\Output\\Firmware.axf" 
Erase Done.
Programming Done.
Verify OK.
Application running ...
Build target 'Nixie Clock'
compiling main.c...
compiling stm32f10x_it.c...
compiling bsp_usart1.c...
compiling bsp_beep.c...
compiling other.c...
linking...
Program Size: Code=29832 RO-data=336 RW-data=300 ZI-data=2100  
FromELF: creating hex file...
"..\..\Output\Firmware.axf" - 0 Errors, 0 Warning(s).
Load "..\\..\\Output\\Firmware.axf" 
Erase Done.
Programming Done.
Verify OK.
Application running ...
Build target 'Nixie Clock'
compiling main.c...
compiling stm32f10x_it.c...
compiling bsp_usart1.c...
compiling bsp_beep.c...
compiling other.c...
linking...
Program Size: Code=29792 RO-data=336 RW-data=300 ZI-data=2100  
FromELF: creating hex file...
"..\..\Output\Firmware.axf" - 0 Errors, 0 Warning(s).
Load "..\\..\\Output\\Firmware.axf" 
Erase Done.
Programming Done.
Verify OK.
Application running ...
Build target 'Nixie Clock'
compiling main.c...
linking...
Program Size: Code=29792 RO-data=336 RW-data=300 ZI-data=2100  
FromELF: creating hex file...
"..\..\Output\Firmware.axf" - 0 Errors, 0 Warning(s).
Load "..\\..\\Output\\Firmware.axf" 
Erase Done.
Programming Done.
Verify OK.
Application running ...
Build target 'Nixie Clock'
linking...
Program Size: Code=29792 RO-data=336 RW-data=300 ZI-data=2100  
FromELF: creating hex file...
"..\..\Output\Firmware.axf" - 0 Errors, 0 Warning(s).
Build target 'Nixie Clock'
compiling main.c...
compiling other.c...
linking...
Program Size: Code=29772 RO-data=336 RW-data=300 ZI-data=2100  
FromELF: creating hex file...
"..\..\Output\Firmware.axf" - 0 Errors, 0 Warning(s).
Load "..\\..\\Output\\Firmware.axf" 
Load "..\\..\\Output\\Firmware.axf" 
Load "..\\..\\Output\\Firmware.axf" 
Erase Done.
Programming Done.
Verify OK.
Application running ...
Build target 'Nixie Clock'
compiling main.c...
compiling stm32f10x_it.c...
compiling bsp_usart1.c...
compiling bsp_beep.c...
compiling other.c...
linking...
Program Size: Code=29772 RO-data=336 RW-data=300 ZI-data=2100  
FromELF: creating hex file...
"..\..\Output\Firmware.axf" - 0 Errors, 0 Warning(s).
Build target 'Nixie Clock'
compiling main.c...
compiling other.c...
linking...
Program Size: Code=29772 RO-data=336 RW-data=300 ZI-data=2100  
FromELF: creating hex file...
"..\..\Output\Firmware.axf" - 0 Errors, 0 Warning(s).
Build target 'Nixie Clock'
compiling main.c...
compiling other.c...
linking...
Program Size: Code=29776 RO-data=336 RW-data=300 ZI-data=2100  
FromELF: creating hex file...
"..\..\Output\Firmware.axf" - 0 Errors, 0 Warning(s).
Load "..\\..\\Output\\Firmware.axf" 
Erase Done.
Programming Done.
Verify OK.
Application running ...
Build target 'Nixie Clock'
compiling main.c...
linking...
Program Size: Code=29796 RO-data=336 RW-data=300 ZI-data=2100  
FromELF: creating hex file...
"..\..\Output\Firmware.axf" - 0 Errors, 0 Warning(s).
Load "..\\..\\Output\\Firmware.axf" 
Erase Done.
Programming Done.
Verify OK.
Application running ...
Build target 'Nixie Clock'
compiling main.c...
linking...
Program Size: Code=29800 RO-data=336 RW-data=300 ZI-data=2100  
FromELF: creating hex file...
"..\..\Output\Firmware.axf" - 0 Errors, 0 Warning(s).
Load "..\\..\\Output\\Firmware.axf" 
Erase Done.
Programming Done.
Verify OK.
Application running ...
Build target 'Nixie Clock'
compiling main.c...
linking...
Program Size: Code=29836 RO-data=336 RW-data=300 ZI-data=2100  
FromELF: creating hex file...
"..\..\Output\Firmware.axf" - 0 Errors, 0 Warning(s).
Load "..\\..\\Output\\Firmware.axf" 
Erase Done.
Programming Done.
Verify OK.
Application running ...
Build target 'Nixie Clock'
compiling main.c...
linking...
Program Size: Code=29828 RO-data=336 RW-data=300 ZI-data=2100  
FromELF: creating hex file...
"..\..\Output\Firmware.axf" - 0 Errors, 0 Warning(s).
Load "..\\..\\Output\\Firmware.axf" 
Erase Done.
Programming Done.
Verify OK.
Application running ...
Build target 'Nixie Clock'
compiling main.c...
compiling stm32f10x_it.c...
compiling bsp_usart1.c...
compiling bsp_beep.c...
compiling other.c...
compiling remote.c...
linking...
Program Size: Code=29812 RO-data=336 RW-data=300 ZI-data=2100  
FromELF: creating hex file...
"..\..\Output\Firmware.axf" - 0 Errors, 0 Warning(s).
Load "..\\..\\Output\\Firmware.axf" 
Erase Done.
Programming Done.
Verify OK.
Application running ...
Build target 'Nixie Clock'
compiling main.c...
linking...
Program Size: Code=29808 RO-data=336 RW-data=300 ZI-data=2100  
FromELF: creating hex file...
"..\..\Output\Firmware.axf" - 0 Errors, 0 Warning(s).
Load "..\\..\\Output\\Firmware.axf" 
Erase Done.
Programming Done.
Verify OK.
Application running ...
Build target 'Nixie Clock'
compiling main.c...
linking...
Program Size: Code=29740 RO-data=336 RW-data=300 ZI-data=2100  
FromELF: creating hex file...
"..\..\Output\Firmware.axf" - 0 Errors, 0 Warning(s).
Load "..\\..\\Output\\Firmware.axf" 
Erase Done.
Programming Done.
Verify OK.
Application running ...
Build target 'Nixie Clock'
compiling main.c...
linking...
Program Size: Code=29740 RO-data=336 RW-data=300 ZI-data=2100  
FromELF: creating hex file...
"..\..\Output\Firmware.axf" - 0 Errors, 0 Warning(s).
Build target 'Nixie Clock'
compiling main.c...
linking...
Program Size: Code=29744 RO-data=336 RW-data=300 ZI-data=2100  
FromELF: creating hex file...
"..\..\Output\Firmware.axf" - 0 Errors, 0 Warning(s).
Build target 'Nixie Clock'
compiling main.c...
linking...
Program Size: Code=29788 RO-data=336 RW-data=300 ZI-data=2100  
FromELF: creating hex file...
"..\..\Output\Firmware.axf" - 0 Errors, 0 Warning(s).
Load "..\\..\\Output\\Firmware.axf" 
Erase Done.
Programming Done.
Verify OK.
Application running ...
Build target 'Nixie Clock'
compiling main.c...
linking...
Program Size: Code=29788 RO-data=336 RW-data=300 ZI-data=2100  
FromELF: creating hex file...
"..\..\Output\Firmware.axf" - 0 Errors, 0 Warning(s).
Load "..\\..\\Output\\Firmware.axf" 
Erase Done.
Programming Done.
Verify OK.
Application running ...
Build target 'Nixie Clock'
compiling main.c...
linking...
Program Size: Code=29788 RO-data=336 RW-data=300 ZI-data=2100  
FromELF: creating hex file...
"..\..\Output\Firmware.axf" - 0 Errors, 0 Warning(s).
Load "..\\..\\Output\\Firmware.axf" 
Erase Done.
Programming Done.
Verify OK.
Application running ...
Build target 'Nixie Clock'
compiling main.c...
..\..\User\main.c(106): warning:  #223-D: function "ReadSavedSet" declared implicitly
compiling other.c...
linking...
..\..\Output\Firmware.axf: Error: L6218E: Undefined symbol ReadSavedSet (referred from main.o).
"..\..\Output\Firmware.axf" - 1 Errors, 1 Warning(s).
Target not created
Build target 'Nixie Clock'
compiling main.c...
linking...
Program Size: Code=29824 RO-data=336 RW-data=300 ZI-data=2100  
FromELF: creating hex file...
"..\..\Output\Firmware.axf" - 0 Errors, 0 Warning(s).
Build target 'Nixie Clock'
compiling main.c...
compiling other.c...
linking...
Program Size: Code=29876 RO-data=336 RW-data=300 ZI-data=2100  
FromELF: creating hex file...
"..\..\Output\Firmware.axf" - 0 Errors, 0 Warning(s).
Load "..\\..\\Output\\Firmware.axf" 
Erase Done.
Programming Done.
Verify OK.
Application running ...
Build target 'Nixie Clock'
compiling other.c...
linking...
Program Size: Code=29828 RO-data=336 RW-data=300 ZI-data=2100  
FromELF: creating hex file...
"..\..\Output\Firmware.axf" - 0 Errors, 0 Warning(s).
Load "..\\..\\Output\\Firmware.axf" 
Erase Done.
Programming Done.
Verify OK.
Application running ...
Build target 'Nixie Clock'
compiling other.c...
linking...
Program Size: Code=29828 RO-data=336 RW-data=300 ZI-data=2100  
FromELF: creating hex file...
"..\..\Output\Firmware.axf" - 0 Errors, 0 Warning(s).
Load "..\\..\\Output\\Firmware.axf" 
Erase Done.
Programming Done.
Verify OK.
Application running ...
