<html>
<body>
<pre>
<h1>µVision Build Log</h1>
<h2>Project:</h2>
F:\MyData\Nixie Clock\MyNixie\Version2.0\Software\Project\RVMDK£¨uv4£©\iSO-STM32.uvproj
Project File Date:  11/26/2017

<h2>Output:</h2>
Build target 'Nixie Clock'
compiling bsp_beep.c...
linking...
Program Size: Code=29880 RO-data=336 RW-data=300 ZI-data=2100  
FromELF: creating hex file...
"..\..\Output\Firmware.axf" - 0 Errors, 0 Warning(s).
Load "..\\..\\Output\\Firmware.axf" 
Erase Done.
Programming Done.
Verify OK.
Application running ...
Build target 'Nixie Clock'
compiling main.c...
compiling stm32f10x_it.c...
compiling bsp_usart1.c...
compiling bsp_beep.c...
compiling WS2812B.c...
..\..\User\WS2812B.c(85): warning:  #177-D: variable "Rdirect" was declared but never referenced
..\..\User\WS2812B.c(85): warning:  #177-D: variable "Gdirect" was declared but never referenced
..\..\User\WS2812B.c(85): warning:  #177-D: variable "Bdirect" was declared but never referenced
compiling other.c...
linking...
Program Size: Code=31048 RO-data=624 RW-data=308 ZI-data=2100  
FromELF: creating hex file...
"..\..\Output\Firmware.axf" - 0 Errors, 3 Warning(s).
Load "..\\..\\Output\\Firmware.axf" 
Erase Done.
Programming Done.
Verify OK.
Application running ...
Build target 'Nixie Clock'
compiling main.c...
compiling WS2812B.c...
linking...
Program Size: Code=30632 RO-data=624 RW-data=304 ZI-data=2104  
FromELF: creating hex file...
"..\..\Output\Firmware.axf" - 0 Errors, 0 Warning(s).
Load "..\\..\\Output\\Firmware.axf" 
Erase Done.
Programming Done.
Verify OK.
Application running ...
Build target 'Nixie Clock'
compiling WS2812B.c...
..\..\User\WS2812B.c(131): warning:  #223-D: function "abs" declared implicitly
linking...
Program Size: Code=30632 RO-data=624 RW-data=304 ZI-data=2104  
FromELF: creating hex file...
"..\..\Output\Firmware.axf" - 0 Errors, 1 Warning(s).
Build target 'Nixie Clock'
compiling main.c...
compiling stm32f10x_it.c...
compiling bsp_usart1.c...
compiling bsp_beep.c...
compiling WS2812B.c...
compiling other.c...
linking...
Program Size: Code=30632 RO-data=624 RW-data=304 ZI-data=2104  
FromELF: creating hex file...
"..\..\Output\Firmware.axf" - 0 Errors, 0 Warning(s).
Build target 'Nixie Clock'
compiling main.c...
compiling stm32f10x_it.c...
compiling bsp_usart1.c...
compiling bsp_beep.c...
compiling WS2812B.c...
compiling other.c...
linking...
Program Size: Code=30712 RO-data=624 RW-data=304 ZI-data=2104  
FromELF: creating hex file...
"..\..\Output\Firmware.axf" - 0 Errors, 0 Warning(s).
Load "..\\..\\Output\\Firmware.axf" 
Erase Done.
Programming Done.
Verify OK.
Application running ...
Build target 'Nixie Clock'
compiling main.c...
compiling stm32f10x_it.c...
compiling bsp_usart1.c...
compiling bsp_beep.c...
compiling WS2812B.c...
compiling other.c...
linking...
Program Size: Code=30712 RO-data=624 RW-data=304 ZI-data=2104  
FromELF: creating hex file...
"..\..\Output\Firmware.axf" - 0 Errors, 0 Warning(s).
Load "..\\..\\Output\\Firmware.axf" 
Erase Done.
Programming Done.
Verify OK.
Application running ...
Build target 'Nixie Clock'
compiling main.c...
compiling stm32f10x_it.c...
compiling bsp_usart1.c...
compiling bsp_beep.c...
compiling WS2812B.c...
compiling other.c...
linking...
Program Size: Code=30712 RO-data=624 RW-data=304 ZI-data=2104  
FromELF: creating hex file...
"..\..\Output\Firmware.axf" - 0 Errors, 0 Warning(s).
Load "..\\..\\Output\\Firmware.axf" 
Erase Done.
Programming Done.
Verify OK.
Application running ...
Build target 'Nixie Clock'
compiling main.c...
compiling stm32f10x_it.c...
compiling bsp_usart1.c...
compiling bsp_beep.c...
compiling WS2812B.c...
compiling other.c...
linking...
Program Size: Code=30496 RO-data=624 RW-data=300 ZI-data=2100  
FromELF: creating hex file...
"..\..\Output\Firmware.axf" - 0 Errors, 0 Warning(s).
Build target 'Nixie Clock'
compiling main.c...
linking...
Program Size: Code=31000 RO-data=624 RW-data=300 ZI-data=2100  
FromELF: creating hex file...
"..\..\Output\Firmware.axf" - 0 Errors, 0 Warning(s).
Load "..\\..\\Output\\Firmware.axf" 
Erase Done.
Programming Done.
Verify OK.
Application running ...
Build target 'Nixie Clock'
compiling main.c...
..\..\User\WS2812B.h(31): error:  #67: expected a "}"
..\..\User\WS2812B.h(31): warning:  #375-D: declaration requires a typedef name
..\..\User\WS2812B.h(32): error:  #77-D: this declaration has no storage class or type specifier
..\..\User\WS2812B.h(33): error:  #77-D: this declaration has no storage class or type specifier
..\..\User\WS2812B.h(34): error:  #169: expected a declaration
compiling stm32f10x_it.c...
..\..\User\WS2812B.h(31): error:  #67: expected a "}"
..\..\User\WS2812B.h(31): warning:  #375-D: declaration requires a typedef name
..\..\User\WS2812B.h(32): error:  #77-D: this declaration has no storage class or type specifier
..\..\User\WS2812B.h(33): error:  #77-D: this declaration has no storage class or type specifier
..\..\User\WS2812B.h(34): error:  #169: expected a declaration
compiling bsp_usart1.c...
..\..\User\WS2812B.h(31): error:  #67: expected a "}"
..\..\User\WS2812B.h(31): warning:  #375-D: declaration requires a typedef name
..\..\User\WS2812B.h(32): error:  #77-D: this declaration has no storage class or type specifier
..\..\User\WS2812B.h(33): error:  #77-D: this declaration has no storage class or type specifier
..\..\User\WS2812B.h(34): error:  #169: expected a declaration
compiling bsp_beep.c...
..\..\User\WS2812B.h(31): error:  #67: expected a "}"
..\..\User\WS2812B.h(31): warning:  #375-D: declaration requires a typedef name
..\..\User\WS2812B.h(32): error:  #77-D: this declaration has no storage class or type specifier
..\..\User\WS2812B.h(33): error:  #77-D: this declaration has no storage class or type specifier
..\..\User\WS2812B.h(34): error:  #169: expected a declaration
compiling WS2812B.c...
..\..\User\WS2812B.h(31): error:  #67: expected a "}"
..\..\User\WS2812B.h(31): warning:  #375-D: declaration requires a typedef name
..\..\User\WS2812B.h(32): error:  #77-D: this declaration has no storage class or type specifier
..\..\User\WS2812B.h(33): error:  #77-D: this declaration has no storage class or type specifier
..\..\User\WS2812B.h(34): error:  #169: expected a declaration
compiling other.c...
..\..\User\WS2812B.h(31): error:  #67: expected a "}"
..\..\User\WS2812B.h(31): warning:  #375-D: declaration requires a typedef name
..\..\User\WS2812B.h(32): error:  #77-D: this declaration has no storage class or type specifier
..\..\User\WS2812B.h(33): error:  #77-D: this declaration has no storage class or type specifier
..\..\User\WS2812B.h(34): error:  #169: expected a declaration
"..\..\Output\Firmware.axf" - 24 Errors, 6 Warning(s).
Target not created
Build target 'Nixie Clock'
compiling main.c...
compiling stm32f10x_it.c...
compiling bsp_usart1.c...
compiling bsp_beep.c...
compiling WS2812B.c...
compiling other.c...
linking...
Program Size: Code=31000 RO-data=624 RW-data=300 ZI-data=2100  
FromELF: creating hex file...
"..\..\Output\Firmware.axf" - 0 Errors, 0 Warning(s).
Build target 'Nixie Clock'
compiling main.c...
compiling stm32f10x_it.c...
compiling bsp_usart1.c...
compiling bsp_beep.c...
compiling WS2812B.c...
compiling other.c...
linking...
Program Size: Code=31000 RO-data=624 RW-data=300 ZI-data=2100  
FromELF: creating hex file...
"..\..\Output\Firmware.axf" - 0 Errors, 0 Warning(s).
Load "..\\..\\Output\\Firmware.axf" 
Load "..\\..\\Output\\Firmware.axf" 
Erase Done.
Programming Done.
Verify OK.
Application running ...
Build target 'Nixie Clock'
compiling main.c...
..\..\User\main.c(187): warning:  #188-D: enumerated type mixed with another type
..\..\User\main.c(189): warning:  #188-D: enumerated type mixed with another type
..\..\User\main.c(193): warning:  #188-D: enumerated type mixed with another type
..\..\User\main.c(213): warning:  #188-D: enumerated type mixed with another type
..\..\User\main.c(213): warning:  #188-D: enumerated type mixed with another type
compiling stm32f10x_it.c...
compiling bsp_usart1.c...
compiling bsp_beep.c...
compiling WS2812B.c...
..\..\User\WS2812B.c(5): warning:  #188-D: enumerated type mixed with another type
..\..\User\WS2812B.c(5): warning:  #188-D: enumerated type mixed with another type
..\..\User\WS2812B.c(5): error:  #146: too many initializer values
compiling other.c...
..\..\User\other.c(491): warning:  #188-D: enumerated type mixed with another type
..\..\User\other.c(651): warning:  #188-D: enumerated type mixed with another type
"..\..\Output\Firmware.axf" - 1 Errors, 9 Warning(s).
Target not created
Build target 'Nixie Clock'
compiling main.c...
compiling WS2812B.c...
linking...
Program Size: Code=31072 RO-data=624 RW-data=300 ZI-data=2100  
FromELF: creating hex file...
"..\..\Output\Firmware.axf" - 0 Errors, 0 Warning(s).
Build target 'Nixie Clock'
compiling WS2812B.c...
linking...
Program Size: Code=31096 RO-data=624 RW-data=300 ZI-data=2100  
FromELF: creating hex file...
"..\..\Output\Firmware.axf" - 0 Errors, 0 Warning(s).
Load "..\\..\\Output\\Firmware.axf" 
Erase Done.
Programming Done.
Verify OK.
Application running ...
Build target 'Nixie Clock'
compiling WS2812B.c...
linking...
Program Size: Code=31096 RO-data=624 RW-data=300 ZI-data=2100  
FromELF: creating hex file...
"..\..\Output\Firmware.axf" - 0 Errors, 0 Warning(s).
Load "..\\..\\Output\\Firmware.axf" 
Erase Done.
Programming Done.
Verify OK.
Application running ...
Build target 'Nixie Clock'
compiling WS2812B.c...
linking...
Program Size: Code=31000 RO-data=624 RW-data=300 ZI-data=2100  
FromELF: creating hex file...
"..\..\Output\Firmware.axf" - 0 Errors, 0 Warning(s).
Load "..\\..\\Output\\Firmware.axf" 
Erase Done.
Programming Done.
Verify OK.
Application running ...
Build target 'Nixie Clock'
compiling main.c...
compiling stm32f10x_it.c...
compiling bsp_usart1.c...
compiling bsp_beep.c...
compiling other.c...
..\..\User\other.c(490): warning:  #188-D: enumerated type mixed with another type
..\..\User\other.c(648): warning:  #188-D: enumerated type mixed with another type
linking...
Program Size: Code=30864 RO-data=624 RW-data=300 ZI-data=2100  
FromELF: creating hex file...
"..\..\Output\Firmware.axf" - 0 Errors, 2 Warning(s).
Build target 'Nixie Clock'
compiling main.c...
..\..\User\main.c(193): error:  #20: identifier "ModeState_e" is undefined
..\..\User\main.c(193): error:  #65: expected a ";"
..\..\User\main.c(212): error:  #20: identifier "SINGLECOLOUR" is undefined
compiling stm32f10x_it.c...
compiling bsp_usart1.c...
compiling bsp_beep.c...
compiling WS2812B.c...
..\..\User\WS2812B.c(5): error:  #20: identifier "SINGLECOLOUR" is undefined
..\..\User\WS2812B.c(109): error:  #20: identifier "MULTICOLOUR" is undefined
compiling other.c...
..\..\User\other.c(490): warning:  #188-D: enumerated type mixed with another type
..\..\User\other.c(496): error:  #20: identifier "SINGLECOLOUR" is undefined
..\..\User\other.c(536): error:  #20: identifier "MULTICOLOUR" is undefined
..\..\User\other.c(648): warning:  #188-D: enumerated type mixed with another type
"..\..\Output\Firmware.axf" - 7 Errors, 2 Warning(s).
Target not created
Build target 'Nixie Clock'
compiling main.c...
compiling WS2812B.c...
compiling other.c...
..\..\User\other.c(648): warning:  #188-D: enumerated type mixed with another type
linking...
Program Size: Code=30864 RO-data=624 RW-data=300 ZI-data=2100  
FromELF: creating hex file...
"..\..\Output\Firmware.axf" - 0 Errors, 1 Warning(s).
Build target 'Nixie Clock'
compiling main.c...
compiling other.c...
linking...
Program Size: Code=30872 RO-data=624 RW-data=300 ZI-data=2100  
FromELF: creating hex file...
"..\..\Output\Firmware.axf" - 0 Errors, 0 Warning(s).
Build target 'Nixie Clock'
compiling main.c...
compiling other.c...
linking...
Program Size: Code=30840 RO-data=624 RW-data=300 ZI-data=2100  
FromELF: creating hex file...
"..\..\Output\Firmware.axf" - 0 Errors, 0 Warning(s).
Build target 'Nixie Clock'
compiling main.c...
compiling stm32f10x_it.c...
compiling bsp_usart1.c...
compiling bsp_beep.c...
compiling other.c...
linking...
Program Size: Code=30840 RO-data=624 RW-data=300 ZI-data=2100  
FromELF: creating hex file...
"..\..\Output\Firmware.axf" - 0 Errors, 0 Warning(s).
Load "..\\..\\Output\\Firmware.axf" 
Erase Done.
Programming Done.
Verify OK.
Application running ...
Full Chip Erase Done.
Build target 'Nixie Clock'
linking...
Program Size: Code=30840 RO-data=624 RW-data=300 ZI-data=2100  
FromELF: creating hex file...
"..\..\Output\Firmware.axf" - 0 Errors, 0 Warning(s).
Load "..\\..\\Output\\Firmware.axf" 
Erase Done.
Programming Done.
Verify OK.
Application running ...
Build target 'Nixie Clock'
compiling other.c...
linking...
Program Size: Code=30872 RO-data=624 RW-data=300 ZI-data=2100  
FromELF: creating hex file...
"..\..\Output\Firmware.axf" - 0 Errors, 0 Warning(s).
Load "..\\..\\Output\\Firmware.axf" 
Load "..\\..\\Output\\Firmware.axf" 
Erase Done.
Programming Done.
Verify OK.
Application running ...
Build target 'Nixie Clock'
compiling other.c...
linking...
Program Size: Code=30912 RO-data=624 RW-data=300 ZI-data=2100  
FromELF: creating hex file...
"..\..\Output\Firmware.axf" - 0 Errors, 0 Warning(s).
Load "..\\..\\Output\\Firmware.axf" 
Erase Done.
Programming Done.
Verify OK.
Application running ...
Build target 'Nixie Clock'
compiling other.c...
linking...
Program Size: Code=30928 RO-data=624 RW-data=300 ZI-data=2100  
FromELF: creating hex file...
"..\..\Output\Firmware.axf" - 0 Errors, 0 Warning(s).
Load "..\\..\\Output\\Firmware.axf" 
Erase Done.
Programming Done.
Verify OK.
Application running ...
