<html>
<body>
<pre>
<h1>µVision Build Log</h1>
<h2>Tool Versions:</h2>
IDE-Version: ¦ÌVision V5.14.0.0
Copyright (C) 2015 ARM Ltd and ARM Germany GmbH. All rights reserved.
License Information: YYH, NUAA, LIC=UJWFW-QPTVM-8F7IE-549VN-0NQ0K-RFAB5
 
Tool Versions:
Toolchain:       MDK-ARM Standard  Version: 5.14.0.0
Toolchain Path:  D:\Keil_V5\ARM\ARMCC\Bin
C Compiler:      Armcc.exe V5.05 update 1 (build 106)
Assembler:       Armasm.exe V5.05 update 1 (build 106)
Linker/Locator:  ArmLink.exe V5.05 update 1 (build 106)
Library Manager: ArmAr.exe V5.05 update 1 (build 106)
Hex Converter:   FromElf.exe V5.05 update 1 (build 106)
CPU DLL:         SARMCM3.DLL V5.14.0.0
Dialog DLL:      DARMSTM.DLL V1.65.0.0
Target DLL:      STLink\ST-LINKIII-KEIL_SWO.dll V2.0.14.0_KEIL
Dialog DLL:      TARMSTM.DLL V1.64.0.0
 
<h2>Project:</h2>
F:\MyData\Nixie Clock\MyNixie\Version2.0\Software\Project\RVMDK£¨uv4£©\iSO-STM32.uvprojx
Project File Date:  01/14/2018

<h2>Output:</h2>
Build target 'Nixie Clock'
compiling main.c...
linking...
Program Size: Code=33424 RO-data=480 RW-data=308 ZI-data=2100  
FromELF: creating hex file...
"..\..\Output\Firmware.axf" - 0 Error(s), 0 Warning(s).

<h2>Collection of Component include folders:</h2>
  F:\MyData\Nixie Clock\MyNixie\Version2.0\Software\Project\RVMDK£¨uv4£©\RTE
  D:\Keil_V5\ARM\PACK\Keil\STM32F1xx_DFP\2.2.0

<h2>Collection of Component Files used:</h2>
</pre>
</body>
</html>
