Component: ARM Compiler 5.06 update 6 (build 750) Tool: armlink [4d35ed]

==============================================================================

Section Cross References

    startup_stm32f10x_hd.o(RESET) refers to startup_stm32f10x_hd.o(STACK) for __initial_sp
    startup_stm32f10x_hd.o(RESET) refers to startup_stm32f10x_hd.o(.text) for Reset_Handler
    startup_stm32f10x_hd.o(RESET) refers to stm32f10x_it.o(.text) for NMI_Handler
    startup_stm32f10x_hd.o(RESET) refers to remote.o(.text) for EXTI9_5_IRQHandler
    startup_stm32f10x_hd.o(RESET) refers to bsp_usart1.o(.text) for USART1_IRQHandler
    startup_stm32f10x_hd.o(.text) refers to system_stm32f10x.o(.text) for SystemInit
    startup_stm32f10x_hd.o(.text) refers to entry.o(.ARM.Collect$$$$00000000) for __main
    system_stm32f10x.o(.text) refers to system_stm32f10x.o(.data) for SystemCoreClock
    stm32f10x_adc.o(.text) refers to stm32f10x_rcc.o(.text) for RCC_APB2PeriphResetCmd
    stm32f10x_bkp.o(.text) refers to stm32f10x_rcc.o(.text) for RCC_BackupResetCmd
    stm32f10x_can.o(.text) refers to stm32f10x_rcc.o(.text) for RCC_APB1PeriphResetCmd
    stm32f10x_cec.o(.text) refers to stm32f10x_rcc.o(.text) for RCC_APB1PeriphResetCmd
    stm32f10x_dac.o(.text) refers to stm32f10x_rcc.o(.text) for RCC_APB1PeriphResetCmd
    stm32f10x_gpio.o(.text) refers to stm32f10x_rcc.o(.text) for RCC_APB2PeriphResetCmd
    stm32f10x_i2c.o(.text) refers to stm32f10x_rcc.o(.text) for RCC_APB1PeriphResetCmd
    stm32f10x_pwr.o(.text) refers to stm32f10x_rcc.o(.text) for RCC_APB1PeriphResetCmd
    stm32f10x_rcc.o(.text) refers to stm32f10x_rcc.o(.data) for APBAHBPrescTable
    stm32f10x_spi.o(.text) refers to stm32f10x_rcc.o(.text) for RCC_APB2PeriphResetCmd
    stm32f10x_tim.o(.text) refers to stm32f10x_rcc.o(.text) for RCC_APB2PeriphResetCmd
    stm32f10x_usart.o(.text) refers to stm32f10x_rcc.o(.text) for RCC_APB2PeriphResetCmd
    stm32f10x_wwdg.o(.text) refers to stm32f10x_rcc.o(.text) for RCC_APB1PeriphResetCmd
    main.o(.text) refers to misc.o(.text) for NVIC_PriorityGroupConfig
    main.o(.text) refers to printfa.o(i.__0printf) for __2printf
    main.o(.text) refers to eeprom.o(.text) for EE_WriteVariable
    main.o(.text) refers to fmul.o(.text) for __aeabi_fmul
    main.o(.text) refers to ffixui.o(.text) for __aeabi_f2uiz
    main.o(.text) refers to bsp_beep.o(.text) for Beep_State
    main.o(.text) refers to dfltui.o(.text) for __aeabi_ui2d
    main.o(.text) refers to ddiv.o(.text) for __aeabi_ddiv
    main.o(.text) refers to other.o(.text) for Nixie_Light_Ctl
    main.o(.text) refers to remote.o(.text) for Remote_Process
    main.o(.text) refers to ws2812b.o(.text) for WS2812_Breath
    main.o(.text) refers to stm32f10x_gpio.o(.text) for GPIO_ResetBits
    main.o(.text) refers to ds3231.o(.data) for Alarm
    main.o(.text) refers to main.o(.data) for AlarmSwitch
    main.o(.text) refers to ws2812b.o(.data) for RGB_Msg
    main.o(.text) refers to other.o(.data) for LightCoe
    main.o(.text) refers to eeprom.o(.data) for VirtAddVarTab
    main.o(.text) refers to remote.o(.data) for Remote_Cnt
    main.o(.text) refers to stm32f10x_it.o(.data) for Breath_Frq
    main.o(.text) refers to ds3231.o(.text) for DS3231_WriteTime
    main.o(.text) refers to d2f.o(.text) for __aeabi_d2f
    main.o(.text) refers to f2d.o(.text) for __aeabi_f2d
    main.o(.text) refers to ws2812b.o(.bss) for RcdMAX_RGB
    main.o(.text) refers to bsp_led.o(.text) for LED_GPIO_Config
    main.o(.text) refers to bsp_usart1.o(.text) for USART1_Config
    main.o(.text) refers to bsp_systick.o(.text) for SysTick_Init
    main.o(.text) refers to stm32f10x_flash.o(.text) for FLASH_Unlock
    main.o(.text) refers to bsp_74hc595.o(.text) for hc595_init
    main.o(.text) refers to bsp_ds18b20.o(.text) for DS18B20_Init
    main.o(.text) refers to sht2x.o(.text) for SHT2x_Init
    main.o(.text) refers to fadd.o(.text) for __aeabi_fadd
    main.o(.text) refers to fdiv.o(.text) for __aeabi_fdiv
    main.o(.text) refers to dmul.o(.text) for __aeabi_dmul
    main.o(.text) refers to dadd.o(.text) for __aeabi_dadd
    main.o(.text) refers to dfixui.o(.text) for __aeabi_d2uiz
    main.o(.text) refers to sht2x.o(.data) for SHT20
    main.o(.text) refers to bsp_ds18b20.o(.data) for DS18B20_Temp
    stm32f10x_it.o(.text) refers to stm32f10x_exti.o(.text) for EXTI_GetITStatus
    stm32f10x_it.o(.text) refers to ds3231.o(.text) for DS3231_ReadTime
    stm32f10x_it.o(.text) refers to bsp_systick.o(.text) for TimingDelay_Decrement
    stm32f10x_it.o(.text) refers to ds3231.o(.data) for GetTime
    stm32f10x_it.o(.text) refers to stm32f10x_it.o(.data) for SecAlarm
    stm32f10x_it.o(.text) refers to ws2812b.o(.data) for RGB_Msg
    stm32f10x_it.o(.text) refers to remote.o(.data) for Remote_Cnt
    stm32f10x_it.o(.text) refers to main.o(.data) for AlarmState
    bsp_led.o(.text) refers to stm32f10x_rcc.o(.text) for RCC_APB2PeriphClockCmd
[...]
    ..\..\User\stm32f10x_it.c                0x00000000   Number         0  stm32f10x_it.o ABSOLUTE
    ..\\..\\Libraries\\CMSIS\\core_cm3.c     0x00000000   Number         0  core_cm3.o ABSOLUTE
    cdcmple.s                                0x00000000   Number         0  cdcmple.o ABSOLUTE
    cdrcmple.s                               0x00000000   Number         0  cdrcmple.o ABSOLUTE
    cfcmple.s                                0x00000000   Number         0  cfcmple.o ABSOLUTE
    cfrcmple.s                               0x00000000   Number         0  cfrcmple.o ABSOLUTE
    dc.s                                     0x00000000   Number         0  dc.o ABSOLUTE
    handlers.s                               0x00000000   Number         0  handlers.o ABSOLUTE
    init.s                                   0x00000000   Number         0  init.o ABSOLUTE
    RESET                                    0x08000000   Section      304  startup_stm32f10x_hd.o(RESET)
    .ARM.Collect$$$$00000000                 0x08000130   Section        0  entry.o(.ARM.Collect$$$$00000000)
    .ARM.Collect$$$$00000001                 0x08000130   Section        4  entry2.o(.ARM.Collect$$$$00000001)
    .ARM.Collect$$$$00000004                 0x08000134   Section        4  entry5.o(.ARM.Collect$$$$00000004)
    .ARM.Collect$$$$00000008                 0x08000138   Section        0  entry7b.o(.ARM.Collect$$$$00000008)
    .ARM.Collect$$$$0000000A                 0x08000138   Section        0  entry8b.o(.ARM.Collect$$$$0000000A)
    .ARM.Collect$$$$0000000B                 0x08000138   Section        8  entry9a.o(.ARM.Collect$$$$0000000B)
    .ARM.Collect$$$$0000000D                 0x08000140   Section        0  entry10a.o(.ARM.Collect$$$$0000000D)
    .ARM.Collect$$$$0000000F                 0x08000140   Section        0  entry11a.o(.ARM.Collect$$$$0000000F)
    .ARM.Collect$$$$00002712                 0x08000140   Section        4  entry2.o(.ARM.Collect$$$$00002712)
    __lit__00000000                          0x08000140   Data           4  entry2.o(.ARM.Collect$$$$00002712)
    .text                                    0x08000144   Section       36  startup_stm32f10x_hd.o(.text)
    .text                                    0x08000168   Section        0  system_stm32f10x.o(.text)
    SetSysClockTo72                          0x08000169   Thumb Code   214  system_stm32f10x.o(.text)
    SetSysClock                              0x0800023f   Thumb Code     8  system_stm32f10x.o(.text)
    .text                                    0x08000348   Section        0  misc.o(.text)
    .text                                    0x08000424   Section        0  stm32f10x_exti.o(.text)
    .text                                    0x08000540   Section        0  stm32f10x_flash.o(.text)
    .text                                    0x08000afc   Section        0  stm32f10x_gpio.o(.text)
    .text                                    0x08000e58   Section        0  stm32f10x_rcc.o(.text)
    .text                                    0x080011fc   Section        0  stm32f10x_tim.o(.text)
    TI4_Config                               0x080016a3   Thumb Code   130  stm32f10x_tim.o(.text)
    TI3_Config                               0x08001737   Thumb Code   122  stm32f10x_tim.o(.text)
    TI2_Config                               0x080017cb   Thumb Code   130  stm32f10x_tim.o(.text)
    TI1_Config                               0x0800185f   Thumb Code   108  stm32f10x_tim.o(.text)
    .text                                    0x08002018   Section        0  stm32f10x_usart.o(.text)
    .text                                    0x08002420   Section        0  main.o(.text)
    .text                                    0x080032c8   Section        0  stm32f10x_it.o(.text)
    .text                                    0x08003438   Section        0  bsp_led.o(.text)
    .text                                    0x080034d0   Section        0  bsp_systick.o(.text)
    .text                                    0x08003584   Section        0  bsp_usart1.o(.text)
    .text                                    0x080036bc   Section        0  ds3231.o(.text)
    .text                                    0x080039b8   Section        0  bsp_i2c_gpio.o(.text)
    .text                                    0x08003b9c   Section        0  bsp_beep.o(.text)
    .text                                    0x08003c7c   Section        0  bsp_ds18b20.o(.text)
    DS18B20_GPIO_Config                      0x08003c9b   Thumb Code    50  bsp_ds18b20.o(.text)
    DS18B20_Mode_IPU                         0x08003ccd   Thumb Code    26  bsp_ds18b20.o(.text)
    DS18B20_Mode_Out_PP                      0x08003ce7   Thumb Code    32  bsp_ds18b20.o(.text)
    DS18B20_Rst                              0x08003d07   Thumb Code    40  bsp_ds18b20.o(.text)
    DS18B20_Presence                         0x08003d2f   Thumb Code    86  bsp_ds18b20.o(.text)
    DS18B20_Read_Bit                         0x08003d85   Thumb Code    56  bsp_ds18b20.o(.text)
    .text                                    0x08003ef0   Section        0  ws2812b.o(.text)
    .text                                    0x080046ac   Section        0  other.o(.text)
    Nixie_Light_delay                        0x08004c59   Thumb Code    18  other.o(.text)
    .text                                    0x080061ec   Section        0  remote.o(.text)
    .text                                    0x080063f8   Section        0  bsp_74hc595.o(.text)
    .text                                    0x08006534   Section        0  eeprom.o(.text)
    EE_FindValidPage                         0x08006535   Thumb Code    80  eeprom.o(.text)
    EE_Format                                0x080065e1   Thumb Code    50  eeprom.o(.text)
    EE_VerifyPageFullWriteVariable           0x08006613   Thumb Code   124  eeprom.o(.text)
    EE_PageTransfer                          0x080068e3   Thumb Code   250  eeprom.o(.text)
    .text                                    0x08006a10   Section        0  sht2x.o(.text)
    .text                                    0x08006bc8   Section        0  iicsht2x.o(.text)
    .text                                    0x08006e44   Section        0  memseta.o(.text)
    .text                                    0x08006e68   Section        0  fadd.o(.text)
    .text                                    0x08006f18   Section        0  fmul.o(.text)
    .text                                    0x08006f7c   Section        0  fdiv.o(.text)
    .text                                    0x08006ff8   Section        0  dadd.o(.text)
    .text                                    0x08007146   Section        0  dmul.o(.text)
    .text                                    0x0800722a   Section        0  ddiv.o(.text)
    .text                                    0x08007308   Section        0  ffltui.o(.text)
    .text                                    0x08007312   Section        0  dflti.o(.text)
    .text                                    0x08007334   Section        0  dfltui.o(.text)
    .text                                    0x0800734e   Section        0  ffixui.o(.text)
    .text                                    0x08007376   Section        0  dfixui.o(.text)
    .text                                    0x080073a8   Section        0  f2d.o(.text)
    .text                                    0x080073d0   Section       48  cdcmple.o(.text)
    .text                                    0x08007400   Section        0  d2f.o(.text)
    .text                                    0x08007438   Section       20  cfcmple.o(.text)
    .text                                    0x0800744c   Section       20  cfrcmple.o(.text)
    .text                                    0x08007460   Section        0  uidiv.o(.text)
    .text                                    0x0800748c   Section        0  uldiv.o(.text)
    .text                                    0x080074ee   Section        0  llshl.o(.text)
    .text                                    0x0800750c   Section        0  llushr.o(.text)
    .text                                    0x0800752c   Section        0  llsshr.o(.text)
    .text                                    0x08007550   Section        0  iusefp.o(.text)
    .text                                    0x08007550   Section        0  fepilogue.o(.text)
    .text                                    0x080075be   Section        0  depilogue.o(.text)
    .text                                    0x08007678   Section        0  dscalb.o(.text)
    .text                                    0x080076a6   Section        0  dfixul.o(.text)
    .text                                    0x080076d8   Section       48  cdrcmple.o(.text)
    .text                                    0x08007708   Section       36  init.o(.text)
    .text                                    0x0800772c   Section        0  dsqrt.o(.text)
    .text                                    0x080077ce   Section        0  dfixi.o(.text)
    .text                                    0x0800780c   Section        0  __dczerorl2.o(.text)
    i.__0printf                              0x08007864   Section        0  printfa.o(i.__0printf)
    i.__ARM_fpclassify                       0x08007884   Section        0  fpclassify.o(i.__ARM_fpclassify)
    i.__ieee754_rem_pio2                     0x080078ac   Section        0  rred.o(i.__ieee754_rem_pio2)
    i.__kernel_cos                           0x08007c34   Section        0  cos_i.o(i.__kernel_cos)
    i.__kernel_poly                          0x08007d30   Section        0  poly.o(i.__kernel_poly)
    i.__kernel_sin                           0x08007ddc   Section        0  sin_i.o(i.__kernel_sin)
    i.__mathlib_dbl_divzero                  0x08007ec8   Section        0  dunder.o(i.__mathlib_dbl_divzero)
    i.__mathlib_dbl_infnan                   0x08007ed8   Section        0  dunder.o(i.__mathlib_dbl_infnan)
    i.__mathlib_dbl_infnan2                  0x08007ede   Section        0  dunder.o(i.__mathlib_dbl_infnan2)
    i.__mathlib_dbl_invalid                  0x08007ee2   Section        0  dunder.o(i.__mathlib_dbl_invalid)
    i.__mathlib_dbl_overflow                 0x08007eee   Section        0  dunder.o(i.__mathlib_dbl_overflow)
    i.__mathlib_dbl_underflow                0x08007efc   Section        0  dunder.o(i.__mathlib_dbl_underflow)
    i.__scatterload_copy                     0x08007f0c   Section       14  handlers.o(i.__scatterload_copy)
    i.__scatterload_null                     0x08007f1a   Section        2  handlers.o(i.__scatterload_null)
    i.__scatterload_zeroinit                 0x08007f1c   Section       14  handlers.o(i.__scatterload_zeroinit)
    i.__set_errno                            0x08007f2c   Section        0  errno.o(i.__set_errno)
    i._fp_digits                             0x08007f38   Section        0  printfa.o(i._fp_digits)
    _fp_digits                               0x08007f39   Thumb Code   366  printfa.o(i._fp_digits)
    i._printf_core                           0x080080bc   Section        0  printfa.o(i._printf_core)
    _printf_core                             0x080080bd   Thumb Code  1744  printfa.o(i._printf_core)
    i._printf_post_padding                   0x08008798   Section        0  printfa.o(i._printf_post_padding)
    _printf_post_padding                     0x08008799   Thumb Code    36  printfa.o(i._printf_post_padding)
    i._printf_pre_padding                    0x080087bc   Section        0  printfa.o(i._printf_pre_padding)
    _printf_pre_padding                      0x080087bd   Thumb Code    46  printfa.o(i._printf_pre_padding)
    i.pow                                    0x080087ec   Section        0  pow.o(i.pow)
    i.sin                                    0x080091c4   Section        0  sin.o(i.sin)
    i.sqrt                                   0x08009264   Section        0  sqrt.o(i.sqrt)
    .constdata                               0x080092b0   Section      136  pow.o(.constdata)
    bp                                       0x080092b0   Data          16  pow.o(.constdata)
    dp_h                                     0x080092c0   Data          16  pow.o(.constdata)
    dp_l                                     0x080092d0   Data          16  pow.o(.constdata)
    L                                        0x080092e0   Data          48  pow.o(.constdata)
    P                                        0x08009310   Data          40  pow.o(.constdata)
    .constdata                               0x08009338   Section       48  cos_i.o(.constdata)
    C                                        0x08009338   Data          48  cos_i.o(.constdata)
    .constdata                               0x08009368   Section        8  qnan.o(.constdata)
    .constdata                               0x08009370   Section      200  rred.o(.constdata)
    pio2s                                    0x08009370   Data          48  rred.o(.constdata)
    twooverpi                                0x080093a0   Data         152  rred.o(.constdata)
    .constdata                               0x08009438   Section       40  sin_i.o(.constdata)
    S                                        0x08009438   Data          40  sin_i.o(.constdata)
    .data                                    0x20000000   Section       20  system_stm32f10x.o(.data)
    .data                                    0x20000014   Section       20  stm32f10x_rcc.o(.data)
    APBAHBPrescTable                         0x20000014   Data          16  stm32f10x_rcc.o(.data)
    ADCPrescTable                            0x20000024   Data           4  stm32f10x_rcc.o(.data)
    .data                                    0x20000028   Section       30  main.o(.data)
    finish                                   0x20000045   Data           1  main.o(.data)
    .data                                    0x20000048   Section       14  stm32f10x_it.o(.data)
    cnt                                      0x20000054   Data           1  stm32f10x_it.o(.data)
    lastRemoteCnt                            0x20000055   Data           1  stm32f10x_it.o(.data)
    .data                                    0x20000058   Section        4  bsp_systick.o(.data)
    TimingDelay                              0x20000058   Data           4  bsp_systick.o(.data)
    .data                                    0x2000005c   Section       21  ds3231.o(.data)
    .data                                    0x20000074   Section        4  bsp_ds18b20.o(.data)
    .data                                    0x20000078   Section       25  ws2812b.o(.data)
    MultiColorState                          0x20000090   Data           1  ws2812b.o(.data)
    .data                                    0x20000094   Section       11  other.o(.data)
    toggle                                   0x2000009c   Data           1  other.o(.data)
    state                                    0x2000009d   Data           1  other.o(.data)
    cnt                                      0x2000009e   Data           1  other.o(.data)
    .data                                    0x200000a0   Section        6  remote.o(.data)
    .data                                    0x200000a6   Section        5  bsp_74hc595.o(.data)
    .data                                    0x200000ac   Section      120  eeprom.o(.data)
    .data                                    0x20000124   Section        8  sht2x.o(.data)
    .data                                    0x2000012c   Section        4  stdout.o(.data)
    .data                                    0x20000130   Section        4  errno.o(.data)
    _errno                                   0x20000130   Data           4  errno.o(.data)
    .bss                                     0x20000134   Section      296  ws2812b.o(.bss)
    step                                     0x2000024c   Data          16  ws2812b.o(.bss)
    .bss                                     0x2000025c   Section       40  other.o(.bss)
    STACK                                    0x20000288   Section     2048  startup_stm32f10x_hd.o(STACK)

    Global Symbols

    Symbol Name                              Value     Ov Type        Size  Object(Section)

    BuildAttributes$$THM_ISAv4$P$D$K$B$S$PE$A:L22UL41UL21$X:L11$S22US41US21$IEEE1$IW$USESV6$~STKCKD$USESV7$~SHL$OTIME$ROPI$IEEEX$EBA8$MICROLIB$REQ8$PRES8$EABIv2 0x00000000   Number         0  anon$$obj.o ABSOLUTE
    __ARM_use_no_argv                        0x00000000   Number         0  main.o ABSOLUTE
    _printf_a                                0x00000000   Number         0  stubs.o ABSOLUTE
    _printf_c                                0x00000000   Number         0  stubs.o ABSOLUTE
    _printf_charcount                        0x00000000   Number         0  stubs.o ABSOLUTE
    _printf_d                                0x00000000   Number         0  stubs.o ABSOLUTE
    _printf_e                                0x00000000   Number         0  stubs.o ABSOLUTE
    _printf_f                                0x00000000   Number         0  stubs.o ABSOLUTE
    _printf_flags                            0x00000000   Number         0  stubs.o ABSOLUTE
    _printf_fp_dec                           0x00000000   Number         0  stubs.o ABSOLUTE
    _printf_fp_hex                           0x00000000   Number         0  stubs.o ABSOLUTE
    _printf_g                                0x00000000   Number         0  stubs.o ABSOLUTE
    _printf_i                                0x00000000   Number         0  stubs.o ABSOLUTE
    _printf_int_dec                          0x00000000   Number         0  stubs.o ABSOLUTE
    _printf_l                                0x00000000   Number         0  stubs.o ABSOLUTE
    _printf_lc                               0x00000000   Number         0  stubs.o ABSOLUTE
    _printf_ll                               0x00000000   Number         0  stubs.o ABSOLUTE
    _printf_lld                              0x00000000   Number         0  stubs.o ABSOLUTE
    _printf_lli                              0x00000000   Number         0  stubs.o ABSOLUTE
    _printf_llo                              0x00000000   Number         0  stubs.o ABSOLUTE
    _printf_llu                              0x00000000   Number         0  stubs.o ABSOLUTE
    _printf_llx                              0x00000000   Number         0  stubs.o ABSOLUTE
    _printf_longlong_dec                     0x00000000   Number         0  stubs.o ABSOLUTE
    _printf_longlong_hex                     0x00000000   Number         0  stubs.o ABSOLUTE
    _printf_longlong_oct                     0x00000000   Number         0  stubs.o ABSOLUTE
    _printf_ls                               0x00000000   Number         0  stubs.o ABSOLUTE
    _printf_mbtowc                           0x00000000   Number         0  stubs.o ABSOLUTE
    _printf_n                                0x00000000   Number         0  stubs.o ABSOLUTE
    _printf_o                                0x00000000   Number         0  stubs.o ABSOLUTE
    _printf_p                                0x00000000   Number         0  stubs.o ABSOLUTE
    _printf_percent                          0x00000000   Number         0  stubs.o ABSOLUTE
    _printf_pre_padding                      0x00000000   Number         0  stubs.o ABSOLUTE
    _printf_return_value                     0x00000000   Number         0  stubs.o ABSOLUTE
    _printf_s                                0x00000000   Number         0  stubs.o ABSOLUTE
    _printf_sizespec                         0x00000000   Number         0  stubs.o ABSOLUTE
    _printf_str                              0x00000000   Number         0  stubs.o ABSOLUTE
    _printf_truncate_signed                  0x00000000   Number         0  stubs.o ABSOLUTE
    _printf_truncate_unsigned                0x00000000   Number         0  stubs.o ABSOLUTE
    _printf_u                                0x00000000   Number         0  stubs.o ABSOLUTE
    _printf_wc                               0x00000000   Number         0  stubs.o ABSOLUTE
    _printf_wctomb                           0x00000000   Number         0  stubs.o ABSOLUTE
    _printf_widthprec                        0x00000000   Number         0  stubs.o ABSOLUTE
    _printf_x                                0x00000000   Number         0  stubs.o ABSOLUTE
    __cpp_initialize__aeabi_                  - Undefined Weak Reference
    __cxa_finalize                            - Undefined Weak Reference
    _clock_init                               - Undefined Weak Reference
    _microlib_exit                            - Undefined Weak Reference
    __Vectors_Size                           0x00000130   Number         0  startup_stm32f10x_hd.o ABSOLUTE
    __Vectors                                0x08000000   Data           4  startup_stm32f10x_hd.o(RESET)
    __Vectors_End                            0x08000130   Data           0  startup_stm32f10x_hd.o(RESET)
    __main                                   0x08000131   Thumb Code     0  entry.o(.ARM.Collect$$$$00000000)
    _main_stk                                0x08000131   Thumb Code     0  entry2.o(.ARM.Collect$$$$00000001)
    _main_scatterload                        0x08000135   Thumb Code     0  entry5.o(.ARM.Collect$$$$00000004)
    __main_after_scatterload                 0x08000139   Thumb Code     0  entry5.o(.ARM.Collect$$$$00000004)
    _main_clock                              0x08000139   Thumb Code     0  entry7b.o(.ARM.Collect$$$$00000008)
    _main_cpp_init                           0x08000139   Thumb Code     0  entry8b.o(.ARM.Collect$$$$0000000A)
    _main_init                               0x08000139   Thumb Code     0  entry9a.o(.ARM.Collect$$$$0000000B)
    __rt_final_cpp                           0x08000141   Thumb Code     0  entry10a.o(.ARM.Collect$$$$0000000D)
    __rt_final_exit                          0x08000141   Thumb Code     0  entry11a.o(.ARM.Collect$$$$0000000F)
    Reset_Handler                            0x08000145   Thumb Code     8  startup_stm32f10x_hd.o(.text)
    ADC1_2_IRQHandler                        0x0800015f   Thumb Code     0  startup_stm32f10x_hd.o(.text)
    ADC3_IRQHandler                          0x0800015f   Thumb Code     0  startup_stm32f10x_hd.o(.text)
    CAN1_RX1_IRQHandler                      0x0800015f   Thumb Code     0  startup_stm32f10x_hd.o(.text)
    CAN1_SCE_IRQHandler                      0x0800015f   Thumb Code     0  startup_stm32f10x_hd.o(.text)
    DMA1_Channel1_IRQHandler                 0x0800015f   Thumb Code     0  startup_stm32f10x_hd.o(.text)
    DMA1_Channel2_IRQHandler                 0x0800015f   Thumb Code     0  startup_stm32f10x_hd.o(.text)
    DMA1_Channel3_IRQHandler                 0x0800015f   Thumb Code     0  startup_stm32f10x_hd.o(.text)
    DMA1_Channel4_IRQHandler                 0x0800015f   Thumb Code     0  startup_stm32f10x_hd.o(.text)
    DMA1_Channel5_IRQHandler                 0x0800015f   Thumb Code     0  startup_stm32f10x_hd.o(.text)
    DMA1_Channel6_IRQHandler                 0x0800015f   Thumb Code     0  startup_stm32f10x_hd.o(.text)
    DMA1_Channel7_IRQHandler                 0x0800015f   Thumb Code     0  startup_stm32f10x_hd.o(.text)
    DMA2_Channel1_IRQHandler                 0x0800015f   Thumb Code     0  startup_stm32f10x_hd.o(.text)
    DMA2_Channel2_IRQHandler                 0x0800015f   Thumb Code     0  startup_stm32f10x_hd.o(.text)
    DMA2_Channel3_IRQHandler                 0x0800015f   Thumb Code     0  startup_stm32f10x_hd.o(.text)
    DMA2_Channel4_5_IRQHandler               0x0800015f   Thumb Code     0  startup_stm32f10x_hd.o(.text)
    EXTI0_IRQHandler                         0x0800015f   Thumb Code     0  startup_stm32f10x_hd.o(.text)
    EXTI15_10_IRQHandler                     0x0800015f   Thumb Code     0  startup_stm32f10x_hd.o(.text)
    EXTI1_IRQHandler                         0x0800015f   Thumb Code     0  startup_stm32f10x_hd.o(.text)
    EXTI3_IRQHandler                         0x0800015f   Thumb Code     0  startup_stm32f10x_hd.o(.text)
    EXTI4_IRQHandler                         0x0800015f   Thumb Code     0  startup_stm32f10x_hd.o(.text)
    FLASH_IRQHandler                         0x0800015f   Thumb Code     0  startup_stm32f10x_hd.o(.text)
    FSMC_IRQHandler                          0x0800015f   Thumb Code     0  startup_stm32f10x_hd.o(.text)
    I2C1_ER_IRQHandler                       0x0800015f   Thumb Code     0  startup_stm32f10x_hd.o(.text)
    I2C1_EV_IRQHandler                       0x0800015f   Thumb Code     0  startup_stm32f10x_hd.o(.text)
    I2C2_ER_IRQHandler                       0x0800015f   Thumb Code     0  startup_stm32f10x_hd.o(.text)
    I2C2_EV_IRQHandler                       0x0800015f   Thumb Code     0  startup_stm32f10x_hd.o(.text)
    PVD_IRQHandler                           0x0800015f   Thumb Code     0  startup_stm32f10x_hd.o(.text)
    RCC_IRQHandler                           0x0800015f   Thumb Code     0  startup_stm32f10x_hd.o(.text)
    RTCAlarm_IRQHandler                      0x0800015f   Thumb Code     0  startup_stm32f10x_hd.o(.text)
    RTC_IRQHandler                           0x0800015f   Thumb Code     0  startup_stm32f10x_hd.o(.text)
    SDIO_IRQHandler                          0x0800015f   Thumb Code     0  startup_stm32f10x_hd.o(.text)
    SPI1_IRQHandler                          0x0800015f   Thumb Code     0  startup_stm32f10x_hd.o(.text)
    SPI2_IRQHandler                          0x0800015f   Thumb Code     0  startup_stm32f10x_hd.o(.text)
    SPI3_IRQHandler                          0x0800015f   Thumb Code     0  startup_stm32f10x_hd.o(.text)
    TAMPER_IRQHandler                        0x0800015f   Thumb Code     0  startup_stm32f10x_hd.o(.text)
    TIM1_BRK_IRQHandler                      0x0800015f   Thumb Code     0  startup_stm32f10x_hd.o(.text)
    TIM1_CC_IRQHandler                       0x0800015f   Thumb Code     0  startup_stm32f10x_hd.o(.text)
    TIM1_TRG_COM_IRQHandler                  0x0800015f   Thumb Code     0  startup_stm32f10x_hd.o(.text)
    TIM1_UP_IRQHandler                       0x0800015f   Thumb Code     0  startup_stm32f10x_hd.o(.text)
    TIM2_IRQHandler                          0x0800015f   Thumb Code     0  startup_stm32f10x_hd.o(.text)
    TIM3_IRQHandler                          0x0800015f   Thumb Code     0  startup_stm32f10x_hd.o(.text)
    TIM4_IRQHandler                          0x0800015f   Thumb Code     0  startup_stm32f10x_hd.o(.text)
    TIM5_IRQHandler                          0x0800015f   Thumb Code     0  startup_stm32f10x_hd.o(.text)
    TIM6_IRQHandler                          0x0800015f   Thumb Code     0  startup_stm32f10x_hd.o(.text)
    TIM7_IRQHandler                          0x0800015f   Thumb Code     0  startup_stm32f10x_hd.o(.text)
    TIM8_BRK_IRQHandler                      0x0800015f   Thumb Code     0  startup_stm32f10x_hd.o(.text)
    TIM8_CC_IRQHandler                       0x0800015f   Thumb Code     0  startup_stm32f10x_hd.o(.text)
    TIM8_TRG_COM_IRQHandler                  0x0800015f   Thumb Code     0  startup_stm32f10x_hd.o(.text)
    TIM8_UP_IRQHandler                       0x0800015f   Thumb Code     0  startup_stm32f10x_hd.o(.text)
    UART4_IRQHandler                         0x0800015f   Thumb Code     0  startup_stm32f10x_hd.o(.text)
    UART5_IRQHandler                         0x0800015f   Thumb Code     0  startup_stm32f10x_hd.o(.text)
    USART2_IRQHandler                        0x0800015f   Thumb Code     0  startup_stm32f10x_hd.o(.text)
    USART3_IRQHandler                        0x0800015f   Thumb Code     0  startup_stm32f10x_hd.o(.text)
    USBWakeUp_IRQHandler                     0x0800015f   Thumb Code     0  startup_stm32f10x_hd.o(.text)
    USB_HP_CAN1_TX_IRQHandler                0x0800015f   Thumb Code     0  startup_stm32f10x_hd.o(.text)
    USB_LP_CAN1_RX0_IRQHandler               0x0800015f   Thumb Code     0  startup_stm32f10x_hd.o(.text)
    WWDG_IRQHandler                          0x0800015f   Thumb Code     0  startup_stm32f10x_hd.o(.text)
    SystemInit                               0x08000247   Thumb Code    78  system_stm32f10x.o(.text)
    SystemCoreClockUpdate                    0x08000295   Thumb Code   142  system_stm32f10x.o(.text)
    NVIC_PriorityGroupConfig                 0x08000349   Thumb Code    10  misc.o(.text)
    NVIC_Init                                0x08000353   Thumb Code   100  misc.o(.text)
    NVIC_SetVectorTable                      0x080003b7   Thumb Code    14  misc.o(.text)
    NVIC_SystemLPConfig                      0x080003c5   Thumb Code    34  misc.o(.text)
    SysTick_CLKSourceConfig                  0x080003e7   Thumb Code    40  misc.o(.text)
    EXTI_DeInit                              0x08000425   Thumb Code    28  stm32f10x_exti.o(.text)
    EXTI_Init                                0x08000441   Thumb Code   142  stm32f10x_exti.o(.text)
    EXTI_StructInit                          0x080004cf   Thumb Code    16  stm32f10x_exti.o(.text)
    EXTI_GenerateSWInterrupt                 0x080004df   Thumb Code    16  stm32f10x_exti.o(.text)
    EXTI_GetFlagStatus                       0x080004ef   Thumb Code    22  stm32f10x_exti.o(.text)
    EXTI_ClearFlag                           0x08000505   Thumb Code     8  stm32f10x_exti.o(.text)
    EXTI_GetITStatus                         0x0800050d   Thumb Code    34  stm32f10x_exti.o(.text)
    EXTI_ClearITPendingBit                   0x0800052f   Thumb Code     8  stm32f10x_exti.o(.text)
    FLASH_SetLatency                         0x08000541   Thumb Code    18  stm32f10x_flash.o(.text)
    FLASH_HalfCycleAccessCmd                 0x08000553   Thumb Code    22  stm32f10x_flash.o(.text)
    FLASH_PrefetchBufferCmd                  0x08000569   Thumb Code    22  stm32f10x_flash.o(.text)
    FLASH_Unlock                             0x0800057f   Thumb Code    12  stm32f10x_flash.o(.text)
    FLASH_UnlockBank1                        0x0800058b   Thumb Code    12  stm32f10x_flash.o(.text)
    FLASH_Lock                               0x08000597   Thumb Code    14  stm32f10x_flash.o(.text)
    FLASH_LockBank1                          0x080005a5   Thumb Code    14  stm32f10x_flash.o(.text)
    FLASH_GetBank1Status                     0x080005b3   Thumb Code    48  stm32f10x_flash.o(.text)
    FLASH_WaitForLastOperation               0x080005e3   Thumb Code    38  stm32f10x_flash.o(.text)
    FLASH_ErasePage                          0x08000609   Thumb Code    72  stm32f10x_flash.o(.text)
    FLASH_EraseAllPages                      0x08000651   Thumb Code    68  stm32f10x_flash.o(.text)
    FLASH_WaitForLastBank1Operation          0x08000695   Thumb Code    38  stm32f10x_flash.o(.text)
    FLASH_EraseAllBank1Pages                 0x080006bb   Thumb Code    68  stm32f10x_flash.o(.text)
    FLASH_GetReadOutProtectionStatus         0x080006ff   Thumb Code    20  stm32f10x_flash.o(.text)
    FLASH_EraseOptionBytes                   0x08000713   Thumb Code   150  stm32f10x_flash.o(.text)
    FLASH_ProgramWord                        0x080007a9   Thumb Code   102  stm32f10x_flash.o(.text)
    FLASH_ProgramHalfWord                    0x0800080f   Thumb Code    60  stm32f10x_flash.o(.text)
    FLASH_ProgramOptionByteData              0x0800084b   Thumb Code    72  stm32f10x_flash.o(.text)
    FLASH_EnableWriteProtection              0x08000893   Thumb Code   200  stm32f10x_flash.o(.text)
    FLASH_ReadOutProtection                  0x0800095b   Thumb Code   156  stm32f10x_flash.o(.text)
    FLASH_UserOptionByteConfig               0x080009f7   Thumb Code    88  stm32f10x_flash.o(.text)
    FLASH_GetUserOptionByte                  0x08000a4f   Thumb Code     8  stm32f10x_flash.o(.text)
    FLASH_GetWriteProtectionOptionByte       0x08000a57   Thumb Code     6  stm32f10x_flash.o(.text)
    FLASH_GetPrefetchBufferStatus            0x08000a5d   Thumb Code    20  stm32f10x_flash.o(.text)
    FLASH_ITConfig                           0x08000a71   Thumb Code    26  stm32f10x_flash.o(.text)
    FLASH_GetFlagStatus                      0x08000a8b   Thumb Code    42  stm32f10x_flash.o(.text)
    FLASH_ClearFlag                          0x08000ab5   Thumb Code     6  stm32f10x_flash.o(.text)
    FLASH_GetStatus                          0x08000abb   Thumb Code    48  stm32f10x_flash.o(.text)
    GPIO_DeInit                              0x08000afd   Thumb Code   172  stm32f10x_gpio.o(.text)
    GPIO_AFIODeInit                          0x08000ba9   Thumb Code    20  stm32f10x_gpio.o(.text)
    GPIO_Init                                0x08000bbd   Thumb Code   278  stm32f10x_gpio.o(.text)
    GPIO_StructInit                          0x08000cd3   Thumb Code    16  stm32f10x_gpio.o(.text)
    GPIO_ReadInputDataBit                    0x08000ce3   Thumb Code    18  stm32f10x_gpio.o(.text)
    GPIO_ReadInputData                       0x08000cf5   Thumb Code     8  stm32f10x_gpio.o(.text)
    GPIO_ReadOutputDataBit                   0x08000cfd   Thumb Code    18  stm32f10x_gpio.o(.text)
    GPIO_ReadOutputData                      0x08000d0f   Thumb Code     8  stm32f10x_gpio.o(.text)
    GPIO_SetBits                             0x08000d17   Thumb Code     4  stm32f10x_gpio.o(.text)
    GPIO_ResetBits                           0x08000d1b   Thumb Code     4  stm32f10x_gpio.o(.text)
    GPIO_WriteBit                            0x08000d1f   Thumb Code    10  stm32f10x_gpio.o(.text)
    GPIO_Write                               0x08000d29   Thumb Code     4  stm32f10x_gpio.o(.text)
    GPIO_PinLockConfig                       0x08000d2d   Thumb Code    18  stm32f10x_gpio.o(.text)
    GPIO_EventOutputConfig                   0x08000d3f   Thumb Code    26  stm32f10x_gpio.o(.text)
    GPIO_EventOutputCmd                      0x08000d59   Thumb Code     6  stm32f10x_gpio.o(.text)
    GPIO_PinRemapConfig                      0x08000d5f   Thumb Code   138  stm32f10x_gpio.o(.text)
    GPIO_EXTILineConfig                      0x08000de9   Thumb Code    66  stm32f10x_gpio.o(.text)
    GPIO_ETH_MediaInterfaceConfig            0x08000e2b   Thumb Code     8  stm32f10x_gpio.o(.text)
    RCC_DeInit                               0x08000e59   Thumb Code    64  stm32f10x_rcc.o(.text)
    RCC_HSEConfig                            0x08000e99   Thumb Code    70  stm32f10x_rcc.o(.text)
    RCC_GetFlagStatus                        0x08000edf   Thumb Code    56  stm32f10x_rcc.o(.text)
    RCC_WaitForHSEStartUp                    0x08000f17   Thumb Code    56  stm32f10x_rcc.o(.text)
    RCC_AdjustHSICalibrationValue            0x08000f4f   Thumb Code    20  stm32f10x_rcc.o(.text)
    RCC_HSICmd                               0x08000f63   Thumb Code     6  stm32f10x_rcc.o(.text)
    RCC_PLLConfig                            0x08000f69   Thumb Code    24  stm32f10x_rcc.o(.text)
    RCC_PLLCmd                               0x08000f81   Thumb Code     6  stm32f10x_rcc.o(.text)
    RCC_SYSCLKConfig                         0x08000f87   Thumb Code    18  stm32f10x_rcc.o(.text)
    RCC_GetSYSCLKSource                      0x08000f99   Thumb Code    10  stm32f10x_rcc.o(.text)
    RCC_HCLKConfig                           0x08000fa3   Thumb Code    18  stm32f10x_rcc.o(.text)
    RCC_PCLK1Config                          0x08000fb5   Thumb Code    18  stm32f10x_rcc.o(.text)
    RCC_PCLK2Config                          0x08000fc7   Thumb Code    20  stm32f10x_rcc.o(.text)
    RCC_ITConfig                             0x08000fdb   Thumb Code    26  stm32f10x_rcc.o(.text)
    RCC_USBCLKConfig                         0x08000ff5   Thumb Code     8  stm32f10x_rcc.o(.text)
    RCC_ADCCLKConfig                         0x08000ffd   Thumb Code    18  stm32f10x_rcc.o(.text)
    RCC_LSEConfig                            0x0800100f   Thumb Code    50  stm32f10x_rcc.o(.text)
    RCC_LSICmd                               0x08001041   Thumb Code     6  stm32f10x_rcc.o(.text)
    RCC_RTCCLKConfig                         0x08001047   Thumb Code    12  stm32f10x_rcc.o(.text)
    RCC_RTCCLKCmd                            0x08001053   Thumb Code     8  stm32f10x_rcc.o(.text)
    RCC_GetClocksFreq                        0x0800105b   Thumb Code   192  stm32f10x_rcc.o(.text)
    RCC_AHBPeriphClockCmd                    0x0800111b   Thumb Code    26  stm32f10x_rcc.o(.text)
    RCC_APB2PeriphClockCmd                   0x08001135   Thumb Code    26  stm32f10x_rcc.o(.text)
    RCC_APB1PeriphClockCmd                   0x0800114f   Thumb Code    26  stm32f10x_rcc.o(.text)
    RCC_APB2PeriphResetCmd                   0x08001169   Thumb Code    26  stm32f10x_rcc.o(.text)
    RCC_APB1PeriphResetCmd                   0x08001183   Thumb Code    26  stm32f10x_rcc.o(.text)
    RCC_BackupResetCmd                       0x0800119d   Thumb Code     8  stm32f10x_rcc.o(.text)
    RCC_ClockSecuritySystemCmd               0x080011a5   Thumb Code     6  stm32f10x_rcc.o(.text)
    RCC_MCOConfig                            0x080011ab   Thumb Code     6  stm32f10x_rcc.o(.text)
    RCC_ClearFlag                            0x080011b1   Thumb Code    14  stm32f10x_rcc.o(.text)
    RCC_GetITStatus                          0x080011bf   Thumb Code    20  stm32f10x_rcc.o(.text)
    RCC_ClearITPendingBit                    0x080011d3   Thumb Code     6  stm32f10x_rcc.o(.text)
    TIM_DeInit                               0x080011fd   Thumb Code   424  stm32f10x_tim.o(.text)
    TIM_TimeBaseInit                         0x080013a5   Thumb Code   122  stm32f10x_tim.o(.text)
    TIM_OC1Init                              0x0800141f   Thumb Code   132  stm32f10x_tim.o(.text)
    TIM_OC2Init                              0x080014a3   Thumb Code   154  stm32f10x_tim.o(.text)
    TIM_OC3Init                              0x0800153d   Thumb Code   150  stm32f10x_tim.o(.text)
    TIM_OC4Init                              0x080015d3   Thumb Code   182  stm32f10x_tim.o(.text)
    TIM_SetIC4Prescaler                      0x08001689   Thumb Code    26  stm32f10x_tim.o(.text)
    TIM_SetIC3Prescaler                      0x08001725   Thumb Code    18  stm32f10x_tim.o(.text)
    TIM_SetIC2Prescaler                      0x080017b1   Thumb Code    26  stm32f10x_tim.o(.text)
    TIM_SetIC1Prescaler                      0x0800184d   Thumb Code    18  stm32f10x_tim.o(.text)
    TIM_ICInit                               0x080018cb   Thumb Code   150  stm32f10x_tim.o(.text)
    TIM_PWMIConfig                           0x08001961   Thumb Code   124  stm32f10x_tim.o(.text)
    TIM_BDTRConfig                           0x080019dd   Thumb Code    32  stm32f10x_tim.o(.text)
    TIM_TimeBaseStructInit                   0x080019fd   Thumb Code    18  stm32f10x_tim.o(.text)
    TIM_OCStructInit                         0x08001a0f   Thumb Code    20  stm32f10x_tim.o(.text)
    TIM_ICStructInit                         0x08001a23   Thumb Code    18  stm32f10x_tim.o(.text)
    TIM_BDTRStructInit                       0x08001a35   Thumb Code    40  stm32f10x_tim.o(.text)
    TIM_Cmd                                  0x08001a5d   Thumb Code    24  stm32f10x_tim.o(.text)
    TIM_CtrlPWMOutputs                       0x08001a75   Thumb Code    30  stm32f10x_tim.o(.text)
    TIM_ITConfig                             0x08001a93   Thumb Code    18  stm32f10x_tim.o(.text)
    TIM_GenerateEvent                        0x08001aa5   Thumb Code     4  stm32f10x_tim.o(.text)
    TIM_DMAConfig                            0x08001aa9   Thumb Code    10  stm32f10x_tim.o(.text)
    TIM_DMACmd                               0x08001ab3   Thumb Code    18  stm32f10x_tim.o(.text)
    TIM_InternalClockConfig                  0x08001ac5   Thumb Code    12  stm32f10x_tim.o(.text)
    TIM_SelectInputTrigger                   0x08001ad1   Thumb Code    18  stm32f10x_tim.o(.text)
    TIM_ITRxExternalClockConfig              0x08001ae3   Thumb Code    24  stm32f10x_tim.o(.text)
    TIM_TIxExternalClockConfig               0x08001afb   Thumb Code    62  stm32f10x_tim.o(.text)
    TIM_ETRConfig                            0x08001b39   Thumb Code    28  stm32f10x_tim.o(.text)
    TIM_ETRClockMode1Config                  0x08001b55   Thumb Code    54  stm32f10x_tim.o(.text)
    TIM_ETRClockMode2Config                  0x08001b8b   Thumb Code    32  stm32f10x_tim.o(.text)
    TIM_PrescalerConfig                      0x08001bab   Thumb Code     6  stm32f10x_tim.o(.text)
    TIM_CounterModeConfig                    0x08001bb1   Thumb Code    18  stm32f10x_tim.o(.text)
    TIM_EncoderInterfaceConfig               0x08001bc3   Thumb Code    66  stm32f10x_tim.o(.text)
    TIM_ForcedOC1Config                      0x08001c05   Thumb Code    18  stm32f10x_tim.o(.text)
    TIM_ForcedOC2Config                      0x08001c17   Thumb Code    26  stm32f10x_tim.o(.text)
    TIM_ForcedOC3Config                      0x08001c31   Thumb Code    18  stm32f10x_tim.o(.text)
    TIM_ForcedOC4Config                      0x08001c43   Thumb Code    26  stm32f10x_tim.o(.text)
    TIM_ARRPreloadConfig                     0x08001c5d   Thumb Code    24  stm32f10x_tim.o(.text)
    TIM_SelectCOM                            0x08001c75   Thumb Code    24  stm32f10x_tim.o(.text)
    TIM_SelectCCDMA                          0x08001c8d   Thumb Code    24  stm32f10x_tim.o(.text)
    TIM_CCPreloadControl                     0x08001ca5   Thumb Code    24  stm32f10x_tim.o(.text)
    TIM_OC1PreloadConfig                     0x08001cbd   Thumb Code    18  stm32f10x_tim.o(.text)
    TIM_OC2PreloadConfig                     0x08001ccf   Thumb Code    26  stm32f10x_tim.o(.text)
    TIM_OC3PreloadConfig                     0x08001ce9   Thumb Code    18  stm32f10x_tim.o(.text)
    TIM_OC4PreloadConfig                     0x08001cfb   Thumb Code    26  stm32f10x_tim.o(.text)
    TIM_OC1FastConfig                        0x08001d15   Thumb Code    18  stm32f10x_tim.o(.text)
    TIM_OC2FastConfig                        0x08001d27   Thumb Code    26  stm32f10x_tim.o(.text)
    TIM_OC3FastConfig                        0x08001d41   Thumb Code    18  stm32f10x_tim.o(.text)
    TIM_OC4FastConfig                        0x08001d53   Thumb Code    26  stm32f10x_tim.o(.text)
    TIM_ClearOC1Ref                          0x08001d6d   Thumb Code    18  stm32f10x_tim.o(.text)
    TIM_ClearOC2Ref                          0x08001d7f   Thumb Code    24  stm32f10x_tim.o(.text)
    TIM_ClearOC3Ref                          0x08001d97   Thumb Code    18  stm32f10x_tim.o(.text)
    TIM_ClearOC4Ref                          0x08001da9   Thumb Code    24  stm32f10x_tim.o(.text)
    TIM_OC1PolarityConfig                    0x08001dc1   Thumb Code    18  stm32f10x_tim.o(.text)
    TIM_OC1NPolarityConfig                   0x08001dd3   Thumb Code    18  stm32f10x_tim.o(.text)
    TIM_OC2PolarityConfig                    0x08001de5   Thumb Code    26  stm32f10x_tim.o(.text)
    TIM_OC2NPolarityConfig                   0x08001dff   Thumb Code    26  stm32f10x_tim.o(.text)
    TIM_OC3PolarityConfig                    0x08001e19   Thumb Code    26  stm32f10x_tim.o(.text)
    TIM_OC3NPolarityConfig                   0x08001e33   Thumb Code    26  stm32f10x_tim.o(.text)
    TIM_OC4PolarityConfig                    0x08001e4d   Thumb Code    26  stm32f10x_tim.o(.text)
    TIM_CCxCmd                               0x08001e67   Thumb Code    30  stm32f10x_tim.o(.text)
    TIM_CCxNCmd                              0x08001e85   Thumb Code    30  stm32f10x_tim.o(.text)
    TIM_SelectOCxM                           0x08001ea3   Thumb Code    82  stm32f10x_tim.o(.text)
    TIM_UpdateDisableConfig                  0x08001ef5   Thumb Code    24  stm32f10x_tim.o(.text)
    TIM_UpdateRequestConfig                  0x08001f0d   Thumb Code    24  stm32f10x_tim.o(.text)
    TIM_SelectHallSensor                     0x08001f25   Thumb Code    24  stm32f10x_tim.o(.text)
    TIM_SelectOnePulseMode                   0x08001f3d   Thumb Code    18  stm32f10x_tim.o(.text)
    TIM_SelectOutputTrigger                  0x08001f4f   Thumb Code    18  stm32f10x_tim.o(.text)
    TIM_SelectSlaveMode                      0x08001f61   Thumb Code    18  stm32f10x_tim.o(.text)
    TIM_SelectMasterSlaveMode                0x08001f73   Thumb Code    18  stm32f10x_tim.o(.text)
    TIM_SetCounter                           0x08001f85   Thumb Code     4  stm32f10x_tim.o(.text)
    TIM_SetAutoreload                        0x08001f89   Thumb Code     4  stm32f10x_tim.o(.text)
    TIM_SetCompare1                          0x08001f8d   Thumb Code     4  stm32f10x_tim.o(.text)
    TIM_SetCompare2                          0x08001f91   Thumb Code     4  stm32f10x_tim.o(.text)
    TIM_SetCompare3                          0x08001f95   Thumb Code     4  stm32f10x_tim.o(.text)
    TIM_SetCompare4                          0x08001f99   Thumb Code     6  stm32f10x_tim.o(.text)
    TIM_SetClockDivision                     0x08001f9f   Thumb Code    18  stm32f10x_tim.o(.text)
    TIM_GetCapture1                          0x08001fb1   Thumb Code     6  stm32f10x_tim.o(.text)
    TIM_GetCapture2                          0x08001fb7   Thumb Code     6  stm32f10x_tim.o(.text)
    TIM_GetCapture3                          0x08001fbd   Thumb Code     6  stm32f10x_tim.o(.text)
    TIM_GetCapture4                          0x08001fc3   Thumb Code     8  stm32f10x_tim.o(.text)
    TIM_GetCounter                           0x08001fcb   Thumb Code     6  stm32f10x_tim.o(.text)
    TIM_GetPrescaler                         0x08001fd1   Thumb Code     6  stm32f10x_tim.o(.text)
    TIM_GetFlagStatus                        0x08001fd7   Thumb Code    18  stm32f10x_tim.o(.text)
    TIM_ClearFlag                            0x08001fe9   Thumb Code     6  stm32f10x_tim.o(.text)
    TIM_GetITStatus                          0x08001fef   Thumb Code    34  stm32f10x_tim.o(.text)
    TIM_ClearITPendingBit                    0x08002011   Thumb Code     6  stm32f10x_tim.o(.text)
    USART_DeInit                             0x08002019   Thumb Code   134  stm32f10x_usart.o(.text)
    USART_Init                               0x0800209f   Thumb Code   210  stm32f10x_usart.o(.text)
    USART_StructInit                         0x08002171   Thumb Code    24  stm32f10x_usart.o(.text)
    USART_ClockInit                          0x08002189   Thumb Code    34  stm32f10x_usart.o(.text)
    USART_ClockStructInit                    0x080021ab   Thumb Code    12  stm32f10x_usart.o(.text)
    USART_Cmd                                0x080021b7   Thumb Code    24  stm32f10x_usart.o(.text)
    USART_ITConfig                           0x080021cf   Thumb Code    74  stm32f10x_usart.o(.text)
    USART_DMACmd                             0x08002219   Thumb Code    18  stm32f10x_usart.o(.text)
    USART_SetAddress                         0x0800222b   Thumb Code    18  stm32f10x_usart.o(.text)
    USART_WakeUpConfig                       0x0800223d   Thumb Code    18  stm32f10x_usart.o(.text)
    USART_ReceiverWakeUpCmd                  0x0800224f   Thumb Code    24  stm32f10x_usart.o(.text)
    USART_LINBreakDetectLengthConfig         0x08002267   Thumb Code    18  stm32f10x_usart.o(.text)
    USART_LINCmd                             0x08002279   Thumb Code    24  stm32f10x_usart.o(.text)
    USART_SendData                           0x08002291   Thumb Code     8  stm32f10x_usart.o(.text)
    USART_ReceiveData                        0x08002299   Thumb Code    10  stm32f10x_usart.o(.text)
    USART_SendBreak                          0x080022a3   Thumb Code    10  stm32f10x_usart.o(.text)
    USART_SetGuardTime                       0x080022ad   Thumb Code    16  stm32f10x_usart.o(.text)
    USART_SetPrescaler                       0x080022bd   Thumb Code    16  stm32f10x_usart.o(.text)
    USART_SmartCardCmd                       0x080022cd   Thumb Code    24  stm32f10x_usart.o(.text)
    USART_SmartCardNACKCmd                   0x080022e5   Thumb Code    24  stm32f10x_usart.o(.text)
    USART_HalfDuplexCmd                      0x080022fd   Thumb Code    24  stm32f10x_usart.o(.text)
    USART_OverSampling8Cmd                   0x08002315   Thumb Code    22  stm32f10x_usart.o(.text)
    USART_OneBitMethodCmd                    0x0800232b   Thumb Code    24  stm32f10x_usart.o(.text)
    USART_IrDAConfig                         0x08002343   Thumb Code    18  stm32f10x_usart.o(.text)
    USART_IrDACmd                            0x08002355   Thumb Code    24  stm32f10x_usart.o(.text)
    USART_GetFlagStatus                      0x0800236d   Thumb Code    26  stm32f10x_usart.o(.text)
    USART_ClearFlag                          0x08002387   Thumb Code    18  stm32f10x_usart.o(.text)
    USART_GetITStatus                        0x08002399   Thumb Code    84  stm32f10x_usart.o(.text)
    USART_ClearITPendingBit                  0x080023ed   Thumb Code    52  stm32f10x_usart.o(.text)
    NVIC_Config                              0x08002421   Thumb Code    98  main.o(.text)
    Recovery                                 0x08002483   Thumb Code   354  main.o(.text)
    DealRemoteSignal                         0x080025e5   Thumb Code   432  main.o(.text)
    Breathing                                0x08002795   Thumb Code    20  main.o(.text)
    CheckAlarm                               0x080027a9   Thumb Code   146  main.o(.text)
    OnTimeAlarm                              0x0800283b   Thumb Code   366  main.o(.text)
    OnTimeLightCheck                         0x080029a9   Thumb Code   180  main.o(.text)
    SettingFunc                              0x08002a5d   Thumb Code   340  main.o(.text)
    EE_ReadConfig                            0x08002bb1   Thumb Code   704  main.o(.text)
    main                                     0x08002e71   Thumb Code   800  main.o(.text)
    NMI_Handler                              0x080032c9   Thumb Code     2  stm32f10x_it.o(.text)
    HardFault_Handler                        0x080032cb   Thumb Code     4  stm32f10x_it.o(.text)
    MemManage_Handler                        0x080032cf   Thumb Code     4  stm32f10x_it.o(.text)
    BusFault_Handler                         0x080032d3   Thumb Code     4  stm32f10x_it.o(.text)
    UsageFault_Handler                       0x080032d7   Thumb Code     4  stm32f10x_it.o(.text)
    SVC_Handler                              0x080032db   Thumb Code     2  stm32f10x_it.o(.text)
    DebugMon_Handler                         0x080032dd   Thumb Code     2  stm32f10x_it.o(.text)
    PendSV_Handler                           0x080032df   Thumb Code     2  stm32f10x_it.o(.text)
    EXTI2_IRQHandler                         0x080032e1   Thumb Code    30  stm32f10x_it.o(.text)
    SysTick_Handler                          0x080032ff   Thumb Code   266  stm32f10x_it.o(.text)
    LED_GPIO_Config                          0x08003439   Thumb Code    84  bsp_led.o(.text)
    Dot_Toggle                               0x0800348d   Thumb Code    28  bsp_led.o(.text)
    LED_STATE                                0x080034a9   Thumb Code    28  bsp_led.o(.text)
    SysTick_Init                             0x080034d1   Thumb Code   108  bsp_systick.o(.text)
    Delay_Tk                                 0x0800353d   Thumb Code    36  bsp_systick.o(.text)
    TimingDelay_Decrement                    0x08003561   Thumb Code    18  bsp_systick.o(.text)
    USART1_Config                            0x08003585   Thumb Code   126  bsp_usart1.o(.text)
    USART1_IRQHandler                        0x08003603   Thumb Code    32  bsp_usart1.o(.text)
    fputc                                    0x08003623   Thumb Code    32  bsp_usart1.o(.text)
    fgetc                                    0x08003643   Thumb Code    26  bsp_usart1.o(.text)
    UART_PutChar                             0x0800365d   Thumb Code    30  bsp_usart1.o(.text)
    USART_SendString                         0x0800367b   Thumb Code    50  bsp_usart1.o(.text)
    DS3231_INT_EXTI_Init                     0x080036bd   Thumb Code    68  ds3231.o(.text)
    DS3231_GPIO_Init                         0x08003701   Thumb Code    10  ds3231.o(.text)
    IIC_WriteBytes                           0x0800370b   Thumb Code   126  ds3231.o(.text)
    DS3231_SetSecondAlarm                    0x08003789   Thumb Code    66  ds3231.o(.text)
    DS3231_Config                            0x080037cb   Thumb Code    32  ds3231.o(.text)
    DS3231_WriteTime                         0x080037eb   Thumb Code    96  ds3231.o(.text)
    IIC_ReadBytes                            0x0800384b   Thumb Code   112  ds3231.o(.text)
    DS3231_ReadTime                          0x080038bb   Thumb Code    76  ds3231.o(.text)
    DS3231_ReadReg                           0x08003907   Thumb Code    20  ds3231.o(.text)
    DS3231_WriteReg                          0x0800391b   Thumb Code    24  ds3231.o(.text)
    DS3231_ReadAll                           0x08003933   Thumb Code    64  ds3231.o(.text)
    i2c_Delay                                0x080039b9   Thumb Code    14  bsp_i2c_gpio.o(.text)
    i2c_Start                                0x080039c7   Thumb Code    48  bsp_i2c_gpio.o(.text)
    i2c_Stop                                 0x080039f7   Thumb Code    36  bsp_i2c_gpio.o(.text)
    i2c_SendByte                             0x08003a1b   Thumb Code    90  bsp_i2c_gpio.o(.text)
    i2c_ReadByte                             0x08003a75   Thumb Code    66  bsp_i2c_gpio.o(.text)
    i2c_WaitAck                              0x08003ab7   Thumb Code    58  bsp_i2c_gpio.o(.text)
    i2c_Ack                                  0x08003af1   Thumb Code    52  bsp_i2c_gpio.o(.text)
    i2c_NAck                                 0x08003b25   Thumb Code    40  bsp_i2c_gpio.o(.text)
    i2c_CfgGpio                              0x08003b4d   Thumb Code    42  bsp_i2c_gpio.o(.text)
    i2c_CheckDevice                          0x08003b77   Thumb Code    32  bsp_i2c_gpio.o(.text)
    Beep_Delay                               0x08003b9d   Thumb Code    22  bsp_beep.o(.text)
    BeepInit                                 0x08003bb3   Thumb Code    46  bsp_beep.o(.text)
    Beep_State                               0x08003be1   Thumb Code    28  bsp_beep.o(.text)
    Beep_OnTimeAlarm                         0x08003bfd   Thumb Code    54  bsp_beep.o(.text)
    Beep_Alarm                               0x08003c33   Thumb Code    54  bsp_beep.o(.text)
    DS18B20_Delay_10us                       0x08003c7d   Thumb Code    30  bsp_ds18b20.o(.text)
    DS18B20_Read_Byte                        0x08003dbd   Thumb Code    34  bsp_ds18b20.o(.text)
    DS18B20_Write_Byte                       0x08003ddf   Thumb Code    96  bsp_ds18b20.o(.text)
    DS18B20_Start                            0x08003e3f   Thumb Code    24  bsp_ds18b20.o(.text)
    DS18B20_Init                             0x08003e57   Thumb Code    16  bsp_ds18b20.o(.text)
    DS18B20_Get_Temp                         0x08003e67   Thumb Code   128  bsp_ds18b20.o(.text)
    BuildGammaCorrectionTable                0x08003ef1   Thumb Code    16  ws2812b.o(.text)
    WS2812_Init                              0x08003f01   Thumb Code    42  ws2812b.o(.text)
    WS2812_Send_0                            0x08003f2b   Thumb Code   134  ws2812b.o(.text)
    WS2812_Send_1                            0x08003fb1   Thumb Code   104  ws2812b.o(.text)
    WS2812_Send_Data                         0x08004019   Thumb Code    38  ws2812b.o(.text)
    WS2812_Send_Px                           0x0800403f   Thumb Code   158  ws2812b.o(.text)
    SCurve                                   0x080040dd   Thumb Code   184  ws2812b.o(.text)
    TubeFillColor                            0x08004195   Thumb Code    18  ws2812b.o(.text)
    TubeMaxRGB                               0x080041a7   Thumb Code    14  ws2812b.o(.text)
    TubeBreath                               0x080041b5   Thumb Code   224  ws2812b.o(.text)
    TubeRainbow                              0x08004295   Thumb Code   376  ws2812b.o(.text)
    WS2812_Breath                            0x0800440d   Thumb Code   544  ws2812b.o(.text)
    WS2812_Refresh                           0x0800462d   Thumb Code   112  ws2812b.o(.text)
    Nixie_Delay                              0x080046ad   Thumb Code    24  other.o(.text)
    Nixie_HC595_Num2Bit                      0x080046c5   Thumb Code  1368  other.o(.text)
    Nixie_Load                               0x08004c1d   Thumb Code    48  other.o(.text)
    Nixie_Update                             0x08004c4d   Thumb Code    12  other.o(.text)
    Nixie_Light_Ctl                          0x08004c6b   Thumb Code    64  other.o(.text)
    Nixie_Test                               0x08004cab   Thumb Code    88  other.o(.text)
    Nixie_TimeToHC595                        0x08004d03   Thumb Code   110  other.o(.text)
    Nixie_DateToHC595                        0x08004d71   Thumb Code    92  other.o(.text)
    Nixie_WeekToHC595                        0x08004dcd   Thumb Code    66  other.o(.text)
    Nixie_TempToHC595                        0x08004e0f   Thumb Code   216  other.o(.text)
    Set_TimeToHC595                          0x08004ee7   Thumb Code   442  other.o(.text)
    Set_DateToHC595                          0x080050a1   Thumb Code   400  other.o(.text)
    Set_WeekToHC595                          0x08005231   Thumb Code   226  other.o(.text)
    Set_YearToHC595                          0x08005313   Thumb Code   246  other.o(.text)
    Set_AlarmToHC595                         0x08005409   Thumb Code   372  other.o(.text)
    Nixie_Set_Show                           0x0800557d   Thumb Code    66  other.o(.text)
    Nixie_Cathode_Prevention                 0x080055bf   Thumb Code   110  other.o(.text)
    Nixie_Show                               0x0800562d   Thumb Code   218  other.o(.text)
    EE_SaveConfig                            0x08005707   Thumb Code   172  other.o(.text)
    Nixie_DealRemote                         0x080057b3   Thumb Code  2380  other.o(.text)
    HC595_PWM_Init                           0x080060ff   Thumb Code   140  other.o(.text)
    MyTest                                   0x0800618b   Thumb Code     2  other.o(.text)
    Remote_Delay_10us                        0x080061ed   Thumb Code   190  remote.o(.text)
    Remote_Init                              0x080062ab   Thumb Code    74  remote.o(.text)
    Pulse_Width_Check                        0x080062f5   Thumb Code    36  remote.o(.text)
    EXTI9_5_IRQHandler                       0x08006319   Thumb Code   138  remote.o(.text)
    Remote_Process                           0x080063a3   Thumb Code    64  remote.o(.text)
    hc595_delay                              0x080063f9   Thumb Code    24  bsp_74hc595.o(.text)
    hc595_init                               0x08006411   Thumb Code   148  bsp_74hc595.o(.text)
    hc595_input                              0x080064a5   Thumb Code    68  bsp_74hc595.o(.text)
    hc595_latch                              0x080064e9   Thumb Code    34  bsp_74hc595.o(.text)
    hc595_WriteBytes                         0x0800650b   Thumb Code    36  bsp_74hc595.o(.text)
    hc595_off                                0x0800652f   Thumb Code     2  bsp_74hc595.o(.text)
    InitCurrWrAddress                        0x08006585   Thumb Code    92  eeprom.o(.text)
    EE_ReadVariable                          0x0800668f   Thumb Code    88  eeprom.o(.text)
    __EE_Init                                0x080066e7   Thumb Code   488  eeprom.o(.text)
    EE_Init                                  0x080068cf   Thumb Code    20  eeprom.o(.text)
    EE_WriteVariable                         0x080069dd   Thumb Code    36  eeprom.o(.text)
    SHT2X_Delay_ms                           0x08006a11   Thumb Code    12  sht2x.o(.text)
    SHT2x_SoftReset                          0x08006a1d   Thumb Code    40  sht2x.o(.text)
    SHT2x_Init                               0x08006a45   Thumb Code    16  sht2x.o(.text)
    SHT2x_GetTempPoll                        0x08006a55   Thumb Code   172  sht2x.o(.text)
    SHT2x_GetHumiPoll                        0x08006b01   Thumb Code   172  sht2x.o(.text)
    SHT2x_IIC_Delay                          0x08006bc9   Thumb Code    14  iicsht2x.o(.text)
    SHT2x_IIC_Init                           0x08006bd7   Thumb Code    52  iicsht2x.o(.text)
    SHT2x_IIC_Start                          0x08006c0b   Thumb Code    72  iicsht2x.o(.text)
    SHT2x_IIC_Stop                           0x08006c53   Thumb Code    68  iicsht2x.o(.text)
    SHT2x_IIC_Wait_Ack                       0x08006c97   Thumb Code    90  iicsht2x.o(.text)
    SHT2x_IIC_Ack                            0x08006cf1   Thumb Code    74  iicsht2x.o(.text)
    SHT2x_IIC_NAck                           0x08006d3b   Thumb Code    66  iicsht2x.o(.text)
    SHT2x_IIC_Send_Byte                      0x08006d7d   Thumb Code    88  iicsht2x.o(.text)
    SHT2x_IIC_Read_Byte                      0x08006dd5   Thumb Code    98  iicsht2x.o(.text)
    __aeabi_memset                           0x08006e45   Thumb Code    14  memseta.o(.text)
    __aeabi_memset4                          0x08006e45   Thumb Code     0  memseta.o(.text)
    __aeabi_memset8                          0x08006e45   Thumb Code     0  memseta.o(.text)
    __aeabi_memclr                           0x08006e53   Thumb Code     4  memseta.o(.text)
    __aeabi_memclr4                          0x08006e53   Thumb Code     0  memseta.o(.text)
    __aeabi_memclr8                          0x08006e53   Thumb Code     0  memseta.o(.text)
    _memset$wrapper                          0x08006e57   Thumb Code    18  memseta.o(.text)
    __aeabi_fadd                             0x08006e69   Thumb Code   164  fadd.o(.text)
    __aeabi_fsub                             0x08006f0d   Thumb Code     6  fadd.o(.text)
    __aeabi_frsub                            0x08006f13   Thumb Code     6  fadd.o(.text)
    __aeabi_fmul                             0x08006f19   Thumb Code   100  fmul.o(.text)
    __aeabi_fdiv                             0x08006f7d   Thumb Code   124  fdiv.o(.text)
    __aeabi_dadd                             0x08006ff9   Thumb Code   322  dadd.o(.text)
    __aeabi_dsub                             0x0800713b   Thumb Code     6  dadd.o(.text)
    __aeabi_drsub                            0x08007141   Thumb Code     6  dadd.o(.text)
    __aeabi_dmul                             0x08007147   Thumb Code   228  dmul.o(.text)
    __aeabi_ddiv                             0x0800722b   Thumb Code   222  ddiv.o(.text)
    __aeabi_ui2f                             0x08007309   Thumb Code    10  ffltui.o(.text)
    __aeabi_i2d                              0x08007313   Thumb Code    34  dflti.o(.text)
    __aeabi_ui2d                             0x08007335   Thumb Code    26  dfltui.o(.text)
    __aeabi_f2uiz                            0x0800734f   Thumb Code    40  ffixui.o(.text)
    __aeabi_d2uiz                            0x08007377   Thumb Code    50  dfixui.o(.text)
    __aeabi_f2d                              0x080073a9   Thumb Code    38  f2d.o(.text)
    __aeabi_cdcmpeq                          0x080073d1   Thumb Code     0  cdcmple.o(.text)
    __aeabi_cdcmple                          0x080073d1   Thumb Code    48  cdcmple.o(.text)
    __aeabi_d2f                              0x08007401   Thumb Code    56  d2f.o(.text)
    __aeabi_cfcmpeq                          0x08007439   Thumb Code     0  cfcmple.o(.text)
    __aeabi_cfcmple                          0x08007439   Thumb Code    20  cfcmple.o(.text)
    __aeabi_cfrcmple                         0x0800744d   Thumb Code    20  cfrcmple.o(.text)
    __aeabi_uidiv                            0x08007461   Thumb Code     0  uidiv.o(.text)
    __aeabi_uidivmod                         0x08007461   Thumb Code    44  uidiv.o(.text)
    __aeabi_uldivmod                         0x0800748d   Thumb Code    98  uldiv.o(.text)
    __aeabi_llsl                             0x080074ef   Thumb Code    30  llshl.o(.text)
    _ll_shift_l                              0x080074ef   Thumb Code     0  llshl.o(.text)
    __aeabi_llsr                             0x0800750d   Thumb Code    32  llushr.o(.text)
    _ll_ushift_r                             0x0800750d   Thumb Code     0  llushr.o(.text)
    __aeabi_lasr                             0x0800752d   Thumb Code    36  llsshr.o(.text)
    _ll_sshift_r                             0x0800752d   Thumb Code     0  llsshr.o(.text)
    __I$use$fp                               0x08007551   Thumb Code     0  iusefp.o(.text)
    _float_round                             0x08007551   Thumb Code    18  fepilogue.o(.text)
    _float_epilogue                          0x08007563   Thumb Code    92  fepilogue.o(.text)
    _double_round                            0x080075bf   Thumb Code    30  depilogue.o(.text)
    _double_epilogue                         0x080075dd   Thumb Code   156  depilogue.o(.text)
    __ARM_scalbn                             0x08007679   Thumb Code    46  dscalb.o(.text)
    scalbn                                   0x08007679   Thumb Code     0  dscalb.o(.text)
    __aeabi_d2ulz                            0x080076a7   Thumb Code    48  dfixul.o(.text)
    __aeabi_cdrcmple                         0x080076d9   Thumb Code    48  cdrcmple.o(.text)
    __scatterload                            0x08007709   Thumb Code    28  init.o(.text)
    __scatterload_rt2                        0x08007709   Thumb Code     0  init.o(.text)
    _dsqrt                                   0x0800772d   Thumb Code   162  dsqrt.o(.text)
    __aeabi_d2iz                             0x080077cf   Thumb Code    62  dfixi.o(.text)
    __decompress                             0x0800780d   Thumb Code     0  __dczerorl2.o(.text)
    __decompress1                            0x0800780d   Thumb Code    86  __dczerorl2.o(.text)
    __0printf                                0x08007865   Thumb Code    22  printfa.o(i.__0printf)
    __1printf                                0x08007865   Thumb Code     0  printfa.o(i.__0printf)
    __2printf                                0x08007865   Thumb Code     0  printfa.o(i.__0printf)
    __c89printf                              0x08007865   Thumb Code     0  printfa.o(i.__0printf)
    printf                                   0x08007865   Thumb Code     0  printfa.o(i.__0printf)
    __ARM_fpclassify                         0x08007885   Thumb Code    40  fpclassify.o(i.__ARM_fpclassify)
    __ieee754_rem_pio2                       0x080078ad   Thumb Code   828  rred.o(i.__ieee754_rem_pio2)
    __kernel_cos                             0x08007c35   Thumb Code   230  cos_i.o(i.__kernel_cos)
    __kernel_poly                            0x08007d31   Thumb Code   170  poly.o(i.__kernel_poly)
    __kernel_sin                             0x08007ddd   Thumb Code   224  sin_i.o(i.__kernel_sin)
    __mathlib_dbl_divzero                    0x08007ec9   Thumb Code    12  dunder.o(i.__mathlib_dbl_divzero)
    __mathlib_dbl_infnan                     0x08007ed9   Thumb Code     6  dunder.o(i.__mathlib_dbl_infnan)
    __mathlib_dbl_infnan2                    0x08007edf   Thumb Code     4  dunder.o(i.__mathlib_dbl_infnan2)
    __mathlib_dbl_invalid                    0x08007ee3   Thumb Code    12  dunder.o(i.__mathlib_dbl_invalid)
    __mathlib_dbl_overflow                   0x08007eef   Thumb Code    14  dunder.o(i.__mathlib_dbl_overflow)
    __mathlib_dbl_underflow                  0x08007efd   Thumb Code    10  dunder.o(i.__mathlib_dbl_underflow)
    __scatterload_copy                       0x08007f0d   Thumb Code    14  handlers.o(i.__scatterload_copy)
    __scatterload_null                       0x08007f1b   Thumb Code     2  handlers.o(i.__scatterload_null)
    __scatterload_zeroinit                   0x08007f1d   Thumb Code    14  handlers.o(i.__scatterload_zeroinit)
    __set_errno                              0x08007f2d   Thumb Code     6  errno.o(i.__set_errno)
    pow                                      0x080087ed   Thumb Code  2512  pow.o(i.pow)
    sin                                      0x080091c5   Thumb Code   150  sin.o(i.sin)
    sqrt                                     0x08009265   Thumb Code    76  sqrt.o(i.sqrt)
    __mathlib_zero                           0x08009368   Data           8  qnan.o(.constdata)
    Region$$Table$$Base                      0x08009460   Number         0  anon$$obj.o(Region$$Table)
    Region$$Table$$Limit                     0x08009480   Number         0  anon$$obj.o(Region$$Table)
    SystemCoreClock                          0x20000000   Data           4  system_stm32f10x.o(.data)
    AHBPrescTable                            0x20000004   Data          16  system_stm32f10x.o(.data)
    RemoteKey                                0x20000028   Data           1  main.o(.data)
    ShowState                                0x20000029   Data           1  main.o(.data)
    LightOnSecCnt                            0x2000002c   Data           4  main.o(.data)
    RuntimeSecCnt                            0x20000030   Data           4  main.o(.data)
    LightTime15min                           0x20000034   Data           2  main.o(.data)
    RunTime15min                             0x20000036   Data           2  main.o(.data)
    LightLevel                               0x20000038   Data           2  main.o(.data)
    Setting                                  0x2000003a   Data           1  main.o(.data)
    SetChannel                               0x2000003b   Data           1  main.o(.data)
    SetType                                  0x2000003c   Data           1  main.o(.data)
    NewNum                                   0x2000003d   Data           1  main.o(.data)
    FirstRunFlag                             0x2000003e   Data           1  main.o(.data)
    EE_tmp                                   0x20000040   Data           2  main.o(.data)
    AlarmState                               0x20000042   Data           1  main.o(.data)
    AlarmSwitch                              0x20000043   Data           1  main.o(.data)
    ForceLightOn                             0x20000044   Data           1  main.o(.data)
    SecAlarm                                 0x20000048   Data           1  stm32f10x_it.o(.data)
    tick                                     0x2000004c   Data           4  stm32f10x_it.o(.data)
    Breath_Frq                               0x20000050   Data           1  stm32f10x_it.o(.data)
    Pulse                                    0x20000051   Data           1  stm32f10x_it.o(.data)
    Period_1S                                0x20000052   Data           1  stm32f10x_it.o(.data)
    AlarmWaveFlag                            0x20000053   Data           1  stm32f10x_it.o(.data)
    SetTime                                  0x2000005c   Data           7  ds3231.o(.data)
    GetTime                                  0x20000063   Data           7  ds3231.o(.data)
    Alarm                                    0x2000006a   Data           7  ds3231.o(.data)
    DS18B20_Temp                             0x20000074   Data           4  bsp_ds18b20.o(.data)
    RGB_Msg                                  0x20000078   Data           5  ws2812b.o(.data)
    RainBowstate                             0x2000007d   Data           4  ws2812b.o(.data)
    Ruse                                     0x20000084   Data           4  ws2812b.o(.data)
    Guse                                     0x20000088   Data           4  ws2812b.o(.data)
    Buse                                     0x2000008c   Data           4  ws2812b.o(.data)
    ChannelFlash                             0x20000094   Data           1  other.o(.data)
    LightCoe                                 0x20000098   Data           4  other.o(.data)
    Remote_Odr                               0x200000a0   Data           4  remote.o(.data)
    Remote_Cnt                               0x200000a4   Data           1  remote.o(.data)
    Remote_Rdy                               0x200000a5   Data           1  remote.o(.data)
    HC595_Data                               0x200000a6   Data           5  bsp_74hc595.o(.data)
    VirtAddVarTab                            0x200000ac   Data         114  eeprom.o(.data)
    DataVar                                  0x2000011e   Data           2  eeprom.o(.data)
    CurWrAddress                             0x20000120   Data           4  eeprom.o(.data)
    SHT20                                    0x20000124   Data           8  sht2x.o(.data)
    __stdout                                 0x2000012c   Data           4  stdout.o(.data)
    GammaLUT                                 0x20000134   Data         256  ws2812b.o(.bss)
    WS2812_RGB                               0x20000234   Data          12  ws2812b.o(.bss)
    RcdMAX_RGB                               0x20000240   Data          12  ws2812b.o(.bss)
    Nixie_HC595_Data                         0x2000025c   Data          40  other.o(.bss)
    __initial_sp                             0x20000a88   Data           0  startup_stm32f10x_hd.o(STACK)



==============================================================================

Memory Map of the image

  Image Entry point : 0x08000131

  Load Region LR_IROM1 (Base: 0x08000000, Size: 0x000095b4, Max: 0x00020000, ABSOLUTE, COMPRESSED[0x00009518])

    Execution Region ER_IROM1 (Exec base: 0x08000000, Load base: 0x08000000, Size: 0x00009480, Max: 0x00020000, ABSOLUTE)

    Exec Addr    Load Addr    Size         Type   Attr      Idx    E Section Name        Object

    0x08000000   0x08000000   0x00000130   Data   RO            3    RESET               startup_stm32f10x_hd.o
    0x08000130   0x08000130   0x00000000   Code   RO          757  * .ARM.Collect$$$$00000000  mc_w.l(entry.o)
    0x08000130   0x08000130   0x00000004   Code   RO         1096    .ARM.Collect$$$$00000001  mc_w.l(entry2.o)
    0x08000134   0x08000134   0x00000004   Code   RO         1099    .ARM.Collect$$$$00000004  mc_w.l(entry5.o)
    0x08000138   0x08000138   0x00000000   Code   RO         1101    .ARM.Collect$$$$00000008  mc_w.l(entry7b.o)
    0x08000138   0x08000138   0x00000000   Code   RO         1103    .ARM.Collect$$$$0000000A  mc_w.l(entry8b.o)
    0x08000138   0x08000138   0x00000008   Code   RO         1104    .ARM.Collect$$$$0000000B  mc_w.l(entry9a.o)
    0x08000140   0x08000140   0x00000000   Code   RO         1106    .ARM.Collect$$$$0000000D  mc_w.l(entry10a.o)
    0x08000140   0x08000140   0x00000000   Code   RO         1108    .ARM.Collect$$$$0000000F  mc_w.l(entry11a.o)
    0x08000140   0x08000140   0x00000004   Code   RO         1097    .ARM.Collect$$$$00002712  mc_w.l(entry2.o)
    0x08000144   0x08000144   0x00000024   Code   RO            4    .text               startup_stm32f10x_hd.o
    0x08000168   0x08000168   0x000001e0   Code   RO           24    .text               system_stm32f10x.o
    0x08000348   0x08000348   0x000000dc   Code   RO           91    .text               misc.o
    0x08000424   0x08000424   0x0000011c   Code   RO          218    .text               stm32f10x_exti.o
    0x08000540   0x08000540   0x000005bc   Code   RO          230    .text               stm32f10x_flash.o
    0x08000afc   0x08000afc   0x0000035c   Code   RO          257    .text               stm32f10x_gpio.o
    0x08000e58   0x08000e58   0x000003a4   Code   RO          308    .text               stm32f10x_rcc.o
    0x080011fc   0x080011fc   0x00000e1a   Code   RO          364    .text               stm32f10x_tim.o
    0x08002016   0x08002016   0x00000002   PAD
    0x08002018   0x08002018   0x00000408   Code   RO          376    .text               stm32f10x_usart.o
    0x08002420   0x08002420   0x00000ea8   Code   RO          403    .text               main.o
    0x080032c8   0x080032c8   0x00000170   Code   RO          485    .text               stm32f10x_it.o
    0x08003438   0x08003438   0x00000098   Code   RO          504    .text               bsp_led.o
    0x080034d0   0x080034d0   0x000000b4   Code   RO          517    .text               bsp_systick.o
    0x08003584   0x08003584   0x00000138   Code   RO          535    .text               bsp_usart1.o
    0x080036bc   0x080036bc   0x000002fc   Code   RO          547    .text               ds3231.o
    0x080039b8   0x080039b8   0x000001e4   Code   RO          565    .text               bsp_i2c_gpio.o
    0x08003b9c   0x08003b9c   0x000000e0   Code   RO          577    .text               bsp_beep.o
    0x08003c7c   0x08003c7c   0x00000274   Code   RO          590    .text               bsp_ds18b20.o
    0x08003ef0   0x08003ef0   0x000007bc   Code   RO          608    .text               ws2812b.o
    0x080046ac   0x080046ac   0x00001b40   Code   RO          635    .text               other.o
    0x080061ec   0x080061ec   0x0000020c   Code   RO          652    .text               remote.o
    0x080063f8   0x080063f8   0x0000013c   Code   RO          670    .text               bsp_74hc595.o
    0x08006534   0x08006534   0x000004dc   Code   RO          688    .text               eeprom.o
    0x08006a10   0x08006a10   0x000001b8   Code   RO          706    .text               sht2x.o
    0x08006bc8   0x08006bc8   0x0000027c   Code   RO          727    .text               iicsht2x.o
    0x08006e44   0x08006e44   0x00000024   Code   RO          760    .text               mc_w.l(memseta.o)
    0x08006e68   0x08006e68   0x000000b0   Code   RO         1023    .text               mf_w.l(fadd.o)
    0x08006f18   0x08006f18   0x00000064   Code   RO         1025    .text               mf_w.l(fmul.o)
    0x08006f7c   0x08006f7c   0x0000007c   Code   RO         1027    .text               mf_w.l(fdiv.o)
    0x08006ff8   0x08006ff8   0x0000014e   Code   RO         1029    .text               mf_w.l(dadd.o)
    0x08007146   0x08007146   0x000000e4   Code   RO         1031    .text               mf_w.l(dmul.o)
    0x0800722a   0x0800722a   0x000000de   Code   RO         1033    .text               mf_w.l(ddiv.o)
    0x08007308   0x08007308   0x0000000a   Code   RO         1035    .text               mf_w.l(ffltui.o)
    0x08007312   0x08007312   0x00000022   Code   RO         1037    .text               mf_w.l(dflti.o)
    0x08007334   0x08007334   0x0000001a   Code   RO         1039    .text               mf_w.l(dfltui.o)
    0x0800734e   0x0800734e   0x00000028   Code   RO         1041    .text               mf_w.l(ffixui.o)
    0x08007376   0x08007376   0x00000032   Code   RO         1043    .text               mf_w.l(dfixui.o)
    0x080073a8   0x080073a8   0x00000026   Code   RO         1045    .text               mf_w.l(f2d.o)
    0x080073ce   0x080073ce   0x00000002   PAD
    0x080073d0   0x080073d0   0x00000030   Code   RO         1047    .text               mf_w.l(cdcmple.o)
    0x08007400   0x08007400   0x00000038   Code   RO         1049    .text               mf_w.l(d2f.o)
    0x08007438   0x08007438   0x00000014   Code   RO         1051    .text               mf_w.l(cfcmple.o)
    0x0800744c   0x0800744c   0x00000014   Code   RO         1053    .text               mf_w.l(cfrcmple.o)
    0x08007460   0x08007460   0x0000002c   Code   RO         1111    .text               mc_w.l(uidiv.o)
    0x0800748c   0x0800748c   0x00000062   Code   RO         1113    .text               mc_w.l(uldiv.o)
    0x080074ee   0x080074ee   0x0000001e   Code   RO         1115    .text               mc_w.l(llshl.o)
    0x0800750c   0x0800750c   0x00000020   Code   RO         1117    .text               mc_w.l(llushr.o)
    0x0800752c   0x0800752c   0x00000024   Code   RO         1119    .text               mc_w.l(llsshr.o)
    0x08007550   0x08007550   0x00000000   Code   RO         1128    .text               mc_w.l(iusefp.o)
    0x08007550   0x08007550   0x0000006e   Code   RO         1129    .text               mf_w.l(fepilogue.o)
    0x080075be   0x080075be   0x000000ba   Code   RO         1131    .text               mf_w.l(depilogue.o)
    0x08007678   0x08007678   0x0000002e   Code   RO         1133    .text               mf_w.l(dscalb.o)
    0x080076a6   0x080076a6   0x00000030   Code   RO         1135    .text               mf_w.l(dfixul.o)
    0x080076d6   0x080076d6   0x00000002   PAD
    0x080076d8   0x080076d8   0x00000030   Code   RO         1137    .text               mf_w.l(cdrcmple.o)
    0x08007708   0x08007708   0x00000024   Code   RO         1139    .text               mc_w.l(init.o)
    0x0800772c   0x0800772c   0x000000a2   Code   RO         1141    .text               mf_w.l(dsqrt.o)
    0x080077ce   0x080077ce   0x0000003e   Code   RO         1143    .text               mf_w.l(dfixi.o)
    0x0800780c   0x0800780c   0x00000056   Code   RO         1153    .text               mc_w.l(__dczerorl2.o)
    0x08007862   0x08007862   0x00000002   PAD
    0x08007864   0x08007864   0x00000020   Code   RO          995    i.__0printf         mc_w.l(printfa.o)
    0x08007884   0x08007884   0x00000028   Code   RO         1072    i.__ARM_fpclassify  m_ws.l(fpclassify.o)
    0x080078ac   0x080078ac   0x00000388   Code   RO         1077    i.__ieee754_rem_pio2  m_ws.l(rred.o)
    0x08007c34   0x08007c34   0x000000fc   Code   RO         1055    i.__kernel_cos      m_ws.l(cos_i.o)
    0x08007d30   0x08007d30   0x000000aa   Code   RO         1074    i.__kernel_poly     m_ws.l(poly.o)
    0x08007dda   0x08007dda   0x00000002   PAD
    0x08007ddc   0x08007ddc   0x000000ec   Code   RO         1082    i.__kernel_sin      m_ws.l(sin_i.o)
    0x08007ec8   0x08007ec8   0x00000010   Code   RO         1058    i.__mathlib_dbl_divzero  m_ws.l(dunder.o)
    0x08007ed8   0x08007ed8   0x00000006   Code   RO         1059    i.__mathlib_dbl_infnan  m_ws.l(dunder.o)
    0x08007ede   0x08007ede   0x00000004   Code   RO         1060    i.__mathlib_dbl_infnan2  m_ws.l(dunder.o)
    0x08007ee2   0x08007ee2   0x0000000c   Code   RO         1061    i.__mathlib_dbl_invalid  m_ws.l(dunder.o)
    0x08007eee   0x08007eee   0x0000000e   Code   RO         1062    i.__mathlib_dbl_overflow  m_ws.l(dunder.o)
    0x08007efc   0x08007efc   0x00000010   Code   RO         1064    i.__mathlib_dbl_underflow  m_ws.l(dunder.o)
    0x08007f0c   0x08007f0c   0x0000000e   Code   RO         1147    i.__scatterload_copy  mc_w.l(handlers.o)
    0x08007f1a   0x08007f1a   0x00000002   Code   RO         1148    i.__scatterload_null  mc_w.l(handlers.o)
    0x08007f1c   0x08007f1c   0x0000000e   Code   RO         1149    i.__scatterload_zeroinit  mc_w.l(handlers.o)
    0x08007f2a   0x08007f2a   0x00000002   PAD
    0x08007f2c   0x08007f2c   0x0000000c   Code   RO         1123    i.__set_errno       mc_w.l(errno.o)
    0x08007f38   0x08007f38   0x00000184   Code   RO         1002    i._fp_digits        mc_w.l(printfa.o)
    0x080080bc   0x080080bc   0x000006dc   Code   RO         1003    i._printf_core      mc_w.l(printfa.o)
    0x08008798   0x08008798   0x00000024   Code   RO         1004    i._printf_post_padding  mc_w.l(printfa.o)
    0x080087bc   0x080087bc   0x0000002e   Code   RO         1005    i._printf_pre_padding  mc_w.l(printfa.o)
    0x080087ea   0x080087ea   0x00000002   PAD
    0x080087ec   0x080087ec   0x000009d8   Code   RO          740    i.pow               m_ws.l(pow.o)
    0x080091c4   0x080091c4   0x000000a0   Code   RO          750    i.sin               m_ws.l(sin.o)
    0x08009264   0x08009264   0x0000004c   Code   RO         1089    i.sqrt              m_ws.l(sqrt.o)
    0x080092b0   0x080092b0   0x00000088   Data   RO          741    .constdata          m_ws.l(pow.o)
    0x08009338   0x08009338   0x00000030   Data   RO         1056    .constdata          m_ws.l(cos_i.o)
    0x08009368   0x08009368   0x00000008   Data   RO         1076    .constdata          m_ws.l(qnan.o)
    0x08009370   0x08009370   0x000000c8   Data   RO         1079    .constdata          m_ws.l(rred.o)
    0x08009438   0x08009438   0x00000028   Data   RO         1083    .constdata          m_ws.l(sin_i.o)
    0x08009460   0x08009460   0x00000020   Data   RO         1145    Region$$Table       anon$$obj.o


    Execution Region RW_IRAM1 (Exec base: 0x20000000, Load base: 0x08009480, Size: 0x00000a88, Max: 0x00005000, ABSOLUTE, COMPRESSED[0x00000098])

    Exec Addr    Load Addr    Size         Type   Attr      Idx    E Section Name        Object

    0x20000000   COMPRESSED   0x00000014   Data   RW           25    .data               system_stm32f10x.o
    0x20000014   COMPRESSED   0x00000014   Data   RW          309    .data               stm32f10x_rcc.o
    0x20000028   COMPRESSED   0x0000001e   Data   RW          404    .data               main.o
    0x20000046   COMPRESSED   0x00000002   PAD
    0x20000048   COMPRESSED   0x0000000e   Data   RW          486    .data               stm32f10x_it.o
    0x20000056   COMPRESSED   0x00000002   PAD
    0x20000058   COMPRESSED   0x00000004   Data   RW          518    .data               bsp_systick.o
    0x2000005c   COMPRESSED   0x00000015   Data   RW          548    .data               ds3231.o
    0x20000071   COMPRESSED   0x00000003   PAD
    0x20000074   COMPRESSED   0x00000004   Data   RW          591    .data               bsp_ds18b20.o
    0x20000078   COMPRESSED   0x00000019   Data   RW          610    .data               ws2812b.o
    0x20000091   COMPRESSED   0x00000003   PAD
    0x20000094   COMPRESSED   0x0000000b   Data   RW          637    .data               other.o
    0x2000009f   COMPRESSED   0x00000001   PAD
    0x200000a0   COMPRESSED   0x00000006   Data   RW          653    .data               remote.o
    0x200000a6   COMPRESSED   0x00000005   Data   RW          671    .data               bsp_74hc595.o
    0x200000ab   COMPRESSED   0x00000001   PAD
    0x200000ac   COMPRESSED   0x00000078   Data   RW          689    .data               eeprom.o
    0x20000124   COMPRESSED   0x00000008   Data   RW          707    .data               sht2x.o
    0x2000012c   COMPRESSED   0x00000004   Data   RW         1110    .data               mc_w.l(stdout.o)
    0x20000130   COMPRESSED   0x00000004   Data   RW         1124    .data               mc_w.l(errno.o)
    0x20000134        -       0x00000128   Zero   RW          609    .bss                ws2812b.o
    0x2000025c        -       0x00000028   Zero   RW          636    .bss                other.o
    0x20000284   COMPRESSED   0x00000004   PAD
    0x20000288        -       0x00000800   Zero   RW            1    STACK               startup_stm32f10x_hd.o


==============================================================================

Image component sizes


      Code (inc. data)   RO Data    RW Data    ZI Data      Debug   Object Name

       316          4          0          5          0       2185   bsp_74hc595.o
       224         20          0          0          0       1185   bsp_beep.o
       628         10          0          4          0       2953   bsp_ds18b20.o
       484          6          0          0          0       2142   bsp_i2c_gpio.o
       152         12          0          0          0        827   bsp_led.o
       180         18          0          4          0      16805   bsp_systick.o
       312         16          0          0          0       2088   bsp_usart1.o
         0          0          0          0          0       4556   core_cm3.o
       764         70          0         21          0       5028   ds3231.o
      1244         40          0        120          0       5232   eeprom.o
       636         14          0          0          0       2248   iicsht2x.o
      3752        816          0         30          0       6018   main.o
       220         22          0          0          0       1885   misc.o
      6976        382          0         11         40       9697   other.o
       524         22          0          6          0       2287   remote.o
       440         28          0          8          0       2668   sht2x.o
        36          8        304          0       2048        900   startup_stm32f10x_hd.o
       284         10          0          0          0       2339   stm32f10x_exti.o
      1468         34          0          0          0       8290   stm32f10x_flash.o
       860         38          0          0          0       5813   stm32f10x_gpio.o
       368         48          0         14          0       2505   stm32f10x_it.o
       932         36          0         20          0       9028   stm32f10x_rcc.o
      3610         88          0          0          0      22924   stm32f10x_tim.o
      1032         22          0          0          0       8544   stm32f10x_usart.o
       480         38          0         20          0     257847   system_stm32f10x.o
      1980        108          0         25        296       5915   ws2812b.o

    ----------------------------------------------------------------------
     27904       1910        336        300       2388     391909   Object Totals
         0          0         32          0          0          0   (incl. Generated)
         2          0          0         12          4          0   (incl. Padding)

    ----------------------------------------------------------------------

      Code (inc. data)   RO Data    RW Data    ZI Data      Debug   Library Member Name

       252         22         48          0          0        124   cos_i.o
        68         10          0          0          0        408   dunder.o
        40          0          0          0          0         68   fpclassify.o
       170          0          0          0          0         96   poly.o
      2520        190        136          0          0        324   pow.o
         0          0          8          0          0          0   qnan.o
       904         76        200          0          0        140   rred.o
       160         10          0          0          0        108   sin.o
       236         12         40          0          0        128   sin_i.o
        76          0          0          0          0         84   sqrt.o
        86          0          0          0          0          0   __dczerorl2.o
         0          0          0          0          0          0   entry.o
         0          0          0          0          0          0   entry10a.o
         0          0          0          0          0          0   entry11a.o
         8          4          0          0          0          0   entry2.o
         4          0          0          0          0          0   entry5.o
         0          0          0          0          0          0   entry7b.o
         0          0          0          0          0          0   entry8b.o
         8          4          0          0          0          0   entry9a.o
        12          6          0          4          0         68   errno.o
        30          0          0          0          0          0   handlers.o
        36          8          0          0          0         68   init.o
         0          0          0          0          0          0   iusefp.o
        30          0          0          0          0         68   llshl.o
        36          0          0          0          0         68   llsshr.o
        32          0          0          0          0         68   llushr.o
        36          0          0          0          0        108   memseta.o
      2258         90          0          0          0        452   printfa.o
         0          0          0          4          0          0   stdout.o
        44          0          0          0          0         80   uidiv.o
        98          0          0          0          0         92   uldiv.o
        48          0          0          0          0         68   cdcmple.o
        48          0          0          0          0         68   cdrcmple.o
        20          0          0          0          0         68   cfcmple.o
        20          0          0          0          0         68   cfrcmple.o
        56          0          0          0          0         88   d2f.o
       334          0          0          0          0        148   dadd.o
       222          0          0          0          0        100   ddiv.o
       186          0          0          0          0        176   depilogue.o
        62          0          0          0          0         80   dfixi.o
        50          0          0          0          0         76   dfixui.o
        48          0          0          0          0         68   dfixul.o
        34          0          0          0          0         76   dflti.o
        26          0          0          0          0         76   dfltui.o
       228          0          0          0          0         96   dmul.o
        46          0          0          0          0         80   dscalb.o
       162          0          0          0          0        100   dsqrt.o
        38          0          0          0          0         68   f2d.o
       176          0          0          0          0        140   fadd.o
       124          0          0          0          0         88   fdiv.o
       110          0          0          0          0        168   fepilogue.o
        40          0          0          0          0         68   ffixui.o
        10          0          0          0          0         68   ffltui.o
       100          0          0          0          0         76   fmul.o

    ----------------------------------------------------------------------
      9344        432        432          8          0       4664   Library Totals
        12          0          0          0          0          0   (incl. Padding)

    ----------------------------------------------------------------------

      Code (inc. data)   RO Data    RW Data    ZI Data      Debug   Library Name

      4426        320        432          0          0       1480   m_ws.l
      2718        112          0          8          0       1072   mc_w.l
      2188          0          0          0          0       2112   mf_w.l

    ----------------------------------------------------------------------
      9344        432        432          8          0       4664   Library Totals

    ----------------------------------------------------------------------

==============================================================================


      Code (inc. data)   RO Data    RW Data    ZI Data      Debug   

     37248       2342        768        308       2388     391761   Grand Totals
     37248       2342        768        152       2388     391761   ELF Image Totals (compressed)
     37248       2342        768        152          0          0   ROM Totals

==============================================================================

    Total RO  Size (Code + RO Data)                38016 (  37.13kB)
    Total RW  Size (RW Data + ZI Data)              2696 (   2.63kB)
    Total ROM Size (Code + RO Data + RW Data)      38168 (  37.27kB)

==============================================================================

