ARM Linker, 5.03 [Build 76] [MDK-ARM Standard]

==============================================================================

Section Cross References

    startup_stm32f10x_hd.o(RESET) refers to startup_stm32f10x_hd.o(STACK) for __initial_sp
    startup_stm32f10x_hd.o(RESET) refers to startup_stm32f10x_hd.o(.text) for Reset_Handler
    startup_stm32f10x_hd.o(RESET) refers to stm32f10x_it.o(.text) for NMI_Handler
    startup_stm32f10x_hd.o(RESET) refers to remote.o(.text) for EXTI9_5_IRQHandler
    startup_stm32f10x_hd.o(RESET) refers to bsp_usart1.o(.text) for USART1_IRQHandler
    startup_stm32f10x_hd.o(.text) refers to system_stm32f10x.o(.text) for SystemInit
    startup_stm32f10x_hd.o(.text) refers to entry.o(.ARM.Collect$$$$00000000) for __main
    system_stm32f10x.o(.text) refers to system_stm32f10x.o(.data) for SystemCoreClock
    stm32f10x_adc.o(.text) refers to stm32f10x_rcc.o(.text) for RCC_APB2PeriphResetCmd
    stm32f10x_bkp.o(.text) refers to stm32f10x_rcc.o(.text) for RCC_BackupResetCmd
    stm32f10x_can.o(.text) refers to stm32f10x_rcc.o(.text) for RCC_APB1PeriphResetCmd
    stm32f10x_cec.o(.text) refers to stm32f10x_rcc.o(.text) for RCC_APB1PeriphResetCmd
    stm32f10x_dac.o(.text) refers to stm32f10x_rcc.o(.text) for RCC_APB1PeriphResetCmd
    stm32f10x_gpio.o(.text) refers to stm32f10x_rcc.o(.text) for RCC_APB2PeriphResetCmd
    stm32f10x_i2c.o(.text) refers to stm32f10x_rcc.o(.text) for RCC_APB1PeriphResetCmd
    stm32f10x_pwr.o(.text) refers to stm32f10x_rcc.o(.text) for RCC_APB1PeriphResetCmd
    stm32f10x_rcc.o(.text) refers to stm32f10x_rcc.o(.data) for APBAHBPrescTable
    stm32f10x_spi.o(.text) refers to stm32f10x_rcc.o(.text) for RCC_APB2PeriphResetCmd
    stm32f10x_tim.o(.text) refers to stm32f10x_rcc.o(.text) for RCC_APB2PeriphResetCmd
    stm32f10x_usart.o(.text) refers to stm32f10x_rcc.o(.text) for RCC_APB2PeriphResetCmd
    stm32f10x_wwdg.o(.text) refers to stm32f10x_rcc.o(.text) for RCC_APB1PeriphResetCmd
    main.o(.text) refers to misc.o(.text) for NVIC_PriorityGroupConfig
    main.o(.text) refers to printfa.o(i.__0printf) for __2printf
    main.o(.text) refers to eeprom.o(.text) for EE_WriteVariable
    main.o(.text) refers to fmul.o(.text) for __aeabi_fmul
    main.o(.text) refers to ffixui.o(.text) for __aeabi_f2uiz
    main.o(.text) refers to bsp_beep.o(.text) for Beep_State
    main.o(.text) refers to dfltui.o(.text) for __aeabi_ui2d
    main.o(.text) refers to ddiv.o(.text) for __aeabi_ddiv
    main.o(.text) refers to d2f.o(.text) for __aeabi_d2f
    main.o(.text) refers to other.o(.text) for Nixie_Light_Ctl
    main.o(.text) refers to remote.o(.text) for Remote_Process
    main.o(.text) refers to stm32f10x_gpio.o(.text) for GPIO_ResetBits
    main.o(.text) refers to ds3231.o(.data) for Alarm
    main.o(.text) refers to main.o(.data) for AlarmSwitch
    main.o(.text) refers to ws2812b.o(.data) for RGB_Msg
    main.o(.text) refers to other.o(.data) for LightCoe
    main.o(.text) refers to eeprom.o(.data) for VirtAddVarTab
    main.o(.text) refers to remote.o(.data) for Remote_Rdy
    main.o(.text) refers to ds3231.o(.text) for DS3231_WriteTime
    main.o(.text) refers to bsp_led.o(.text) for LED_GPIO_Config
    main.o(.text) refers to bsp_systick.o(.text) for SysTick_Init
    main.o(.text) refers to bsp_74hc595.o(.text) for hc595_init
    main.o(.text) refers to bsp_ds18b20.o(.text) for DS18B20_Init
    main.o(.text) refers to bsp_usart1.o(.text) for USART1_Config
    main.o(.text) refers to ws2812b.o(.text) for WS2812_Init
    main.o(.text) refers to stm32f10x_flash.o(.text) for FLASH_Unlock
    main.o(.text) refers to f2d.o(.text) for __aeabi_f2d
    main.o(.text) refers to stm32f10x_it.o(.data) for SecAlarm
    main.o(.text) refers to bsp_ds18b20.o(.data) for DS18B20_Temp
    stm32f10x_it.o(.text) refers to stm32f10x_exti.o(.text) for EXTI_GetITStatus
    stm32f10x_it.o(.text) refers to ds3231.o(.text) for DS3231_ReadTime
    stm32f10x_it.o(.text) refers to bsp_systick.o(.text) for TimingDelay_Decrement
    stm32f10x_it.o(.text) refers to ds3231.o(.data) for GetTime
    stm32f10x_it.o(.text) refers to stm32f10x_it.o(.data) for SecAlarm
    stm32f10x_it.o(.text) refers to main.o(.data) for AlarmState
    bsp_led.o(.text) refers to stm32f10x_rcc.o(.text) for RCC_APB2PeriphClockCmd
    bsp_led.o(.text) refers to stm32f10x_gpio.o(.text) for GPIO_Init
    bsp_led.o(.text) refers to stm32f10x_it.o(.data) for Period_1S
    bsp_systick.o(.text) refers to system_stm32f10x.o(.data) for SystemCoreClock
    bsp_systick.o(.text) refers to bsp_systick.o(.data) for TimingDelay
    bsp_usart1.o(.text) refers to stm32f10x_rcc.o(.text) for RCC_APB2PeriphClockCmd
    bsp_usart1.o(.text) refers to stm32f10x_gpio.o(.text) for GPIO_Init
    bsp_usart1.o(.text) refers to stm32f10x_usart.o(.text) for USART_Init
    bsp_usart1.o(.text) refers to printfa.o(i.__0printf) for __2printf
    ds3231.o(.text) refers to stm32f10x_rcc.o(.text) for RCC_APB2PeriphClockCmd
[...]
    printfa.o(i._fp_digits) refers (Special) to iusefp.o(.text) for __I$use$fp
    printfa.o(i._fp_digits) refers to dmul.o(.text) for __aeabi_dmul
    printfa.o(i._fp_digits) refers to ddiv.o(.text) for __aeabi_ddiv
    printfa.o(i._fp_digits) refers to cdrcmple.o(.text) for __aeabi_cdrcmple
    printfa.o(i._fp_digits) refers to dadd.o(.text) for __aeabi_dadd
    printfa.o(i._fp_digits) refers to dfixul.o(.text) for __aeabi_d2ulz
    printfa.o(i._fp_digits) refers to uldiv.o(.text) for __aeabi_uldivmod
    printfa.o(i._printf_core) refers (Special) to iusefp.o(.text) for __I$use$fp
    printfa.o(i._printf_core) refers to printfa.o(i._printf_pre_padding) for _printf_pre_padding
    printfa.o(i._printf_core) refers to uldiv.o(.text) for __aeabi_uldivmod
    printfa.o(i._printf_core) refers to printfa.o(i._printf_post_padding) for _printf_post_padding
    printfa.o(i._printf_core) refers to printfa.o(i._fp_digits) for _fp_digits
    printfa.o(i._printf_core) refers to uidiv.o(.text) for __aeabi_uidivmod
    printfa.o(i._printf_post_padding) refers (Special) to iusefp.o(.text) for __I$use$fp
    printfa.o(i._printf_pre_padding) refers (Special) to iusefp.o(.text) for __I$use$fp
    printfa.o(i._snputc) refers (Special) to iusefp.o(.text) for __I$use$fp
    printfa.o(i._sputc) refers (Special) to iusefp.o(.text) for __I$use$fp
    fadd.o(.text) refers (Special) to iusefp.o(.text) for __I$use$fp
    fadd.o(.text) refers to fepilogue.o(.text) for _float_epilogue
    fmul.o(.text) refers (Special) to iusefp.o(.text) for __I$use$fp
    dadd.o(.text) refers (Special) to iusefp.o(.text) for __I$use$fp
    dadd.o(.text) refers to llshl.o(.text) for __aeabi_llsl
    dadd.o(.text) refers to llsshr.o(.text) for __aeabi_lasr
    dadd.o(.text) refers to depilogue.o(.text) for _double_epilogue
    dmul.o(.text) refers (Special) to iusefp.o(.text) for __I$use$fp
    dmul.o(.text) refers to depilogue.o(.text) for _double_epilogue
    ddiv.o(.text) refers (Special) to iusefp.o(.text) for __I$use$fp
    ddiv.o(.text) refers to depilogue.o(.text) for _double_round
    ffltui.o(.text) refers (Special) to iusefp.o(.text) for __I$use$fp
    ffltui.o(.text) refers to fepilogue.o(.text) for _float_epilogue
    dflti.o(.text) refers (Special) to iusefp.o(.text) for __I$use$fp
    dflti.o(.text) refers to depilogue.o(.text) for _double_epilogue
    dfltui.o(.text) refers (Special) to iusefp.o(.text) for __I$use$fp
    dfltui.o(.text) refers to depilogue.o(.text) for _double_epilogue
    ffixui.o(.text) refers (Special) to iusefp.o(.text) for __I$use$fp
    f2d.o(.text) refers (Special) to iusefp.o(.text) for __I$use$fp
    cdcmple.o(.text) refers (Special) to iusefp.o(.text) for __I$use$fp
    cdrcmple.o(.text) refers (Special) to iusefp.o(.text) for __I$use$fp
    d2f.o(.text) refers (Special) to iusefp.o(.text) for __I$use$fp
    d2f.o(.text) refers to fepilogue.o(.text) for _float_round
    cfcmple.o(.text) refers (Special) to iusefp.o(.text) for __I$use$fp
    cfrcmple.o(.text) refers (Special) to iusefp.o(.text) for __I$use$fp
    entry2.o(.ARM.Collect$$$$00000001) refers to entry2.o(.ARM.Collect$$$$00002712) for __lit__00000000
    entry2.o(.ARM.Collect$$$$00002712) refers to startup_stm32f10x_hd.o(STACK) for __initial_sp
    entry2.o(__vectab_stack_and_reset_area) refers to startup_stm32f10x_hd.o(STACK) for __initial_sp
    entry2.o(__vectab_stack_and_reset_area) refers to entry.o(.ARM.Collect$$$$00000000) for __main
    entry5.o(.ARM.Collect$$$$00000004) refers to init.o(.text) for __scatterload
    entry9a.o(.ARM.Collect$$$$0000000B) refers to main.o(.text) for main
    entry9b.o(.ARM.Collect$$$$0000000C) refers to main.o(.text) for main
    uldiv.o(.text) refers to llushr.o(.text) for __aeabi_llsr
    uldiv.o(.text) refers to llshl.o(.text) for __aeabi_llsl
    depilogue.o(.text) refers to llshl.o(.text) for __aeabi_llsl
    depilogue.o(.text) refers to llushr.o(.text) for __aeabi_llsr
    dfixul.o(.text) refers to llushr.o(.text) for __aeabi_llsr
    dfixul.o(.text) refers to llshl.o(.text) for __aeabi_llsl
    init.o(.text) refers to entry5.o(.ARM.Collect$$$$00000004) for __main_after_scatterload


==============================================================================

Removing Unused input sections from the image.

    Removing startup_stm32f10x_hd.o(HEAP), (2048 bytes).
    Removing core_cm3.o(.emb_text), (32 bytes).
    Removing stm32f10x_adc.o(.text), (1102 bytes).
    Removing stm32f10x_bkp.o(.text), (196 bytes).
    Removing stm32f10x_can.o(.text), (2540 bytes).
    Removing stm32f10x_cec.o(.text), (288 bytes).
    Removing stm32f10x_crc.o(.text), (72 bytes).
    Removing stm32f10x_dac.o(.text), (396 bytes).
    Removing stm32f10x_dbgmcu.o(.text), (48 bytes).
    Removing stm32f10x_dma.o(.text), (592 bytes).
    Removing stm32f10x_fsmc.o(.text), (1560 bytes).
    Removing stm32f10x_i2c.o(.text), (1028 bytes).
    Removing stm32f10x_iwdg.o(.text), (64 bytes).
    Removing stm32f10x_pwr.o(.text), (204 bytes).
    Removing stm32f10x_rtc.o(.text), (324 bytes).
    Removing stm32f10x_sdio.o(.text), (472 bytes).
    Removing stm32f10x_spi.o(.text), (780 bytes).
    Removing stm32f10x_wwdg.o(.text), (136 bytes).

18 unused section(s) (total 11882 bytes) removed from the image.

==============================================================================

Image Symbol Table

    Local Symbols

    Symbol Name                              Value     Ov Type        Size  Object(Section)

    ../clib/../cmprslib/zerorunl2.c          0x00000000   Number         0  __dczerorl2.o ABSOLUTE
    ../clib/microlib/division.c              0x00000000   Number         0  uidiv.o ABSOLUTE
    ../clib/microlib/division.c              0x00000000   Number         0  uldiv.o ABSOLUTE
    ../clib/microlib/init/entry.s            0x00000000   Number         0  entry9a.o ABSOLUTE
    ../clib/microlib/init/entry.s            0x00000000   Number         0  entry2.o ABSOLUTE
    ../clib/microlib/init/entry.s            0x00000000   Number         0  entry7a.o ABSOLUTE
    ../clib/microlib/init/entry.s            0x00000000   Number         0  entry8b.o ABSOLUTE
    ../clib/microlib/init/entry.s            0x00000000   Number         0  entry8a.o ABSOLUTE
    ../clib/microlib/init/entry.s            0x00000000   Number         0  entry9b.o ABSOLUTE
    ../clib/microlib/init/entry.s            0x00000000   Number         0  entry10a.o ABSOLUTE
    ../clib/microlib/init/entry.s            0x00000000   Number         0  entry7b.o ABSOLUTE
    ../clib/microlib/init/entry.s            0x00000000   Number         0  entry10b.o ABSOLUTE
    ../clib/microlib/init/entry.s            0x00000000   Number         0  entry11a.o ABSOLUTE
    ../clib/microlib/init/entry.s            0x00000000   Number         0  entry11b.o ABSOLUTE
    ../clib/microlib/init/entry.s            0x00000000   Number         0  entry.o ABSOLUTE
    ../clib/microlib/init/entry.s            0x00000000   Number         0  entry5.o ABSOLUTE
    ../clib/microlib/longlong.c              0x00000000   Number         0  llushr.o ABSOLUTE
    ../clib/microlib/longlong.c              0x00000000   Number         0  llshl.o ABSOLUTE
    ../clib/microlib/longlong.c              0x00000000   Number         0  llsshr.o ABSOLUTE
    ../clib/microlib/printf/printf.c         0x00000000   Number         0  printf0.o ABSOLUTE
    ../clib/microlib/printf/printf.c         0x00000000   Number         0  printf1.o ABSOLUTE
    ../clib/microlib/printf/printf.c         0x00000000   Number         0  printf3.o ABSOLUTE
    ../clib/microlib/printf/printf.c         0x00000000   Number         0  printf4.o ABSOLUTE
    ../clib/microlib/printf/printf.c         0x00000000   Number         0  printf5.o ABSOLUTE
    ../clib/microlib/printf/printf.c         0x00000000   Number         0  printf6.o ABSOLUTE
    ../clib/microlib/printf/printf.c         0x00000000   Number         0  printf7.o ABSOLUTE
    ../clib/microlib/printf/printf.c         0x00000000   Number         0  printf2.o ABSOLUTE
    ../clib/microlib/printf/printf.c         0x00000000   Number         0  printfa.o ABSOLUTE
    ../clib/microlib/printf/printf.c         0x00000000   Number         0  printf8.o ABSOLUTE
    ../clib/microlib/printf/printf.c         0x00000000   Number         0  printfb.o ABSOLUTE
    ../clib/microlib/printf/stubs.s          0x00000000   Number         0  stubs.o ABSOLUTE
    ../clib/microlib/stdio/streams.c         0x00000000   Number         0  stdout.o ABSOLUTE
    ../clib/microlib/string/memset.c         0x00000000   Number         0  memseta.o ABSOLUTE
    ../clib/microlib/stubs.s                 0x00000000   Number         0  iusefp.o ABSOLUTE
    ../fplib/microlib/d2f.c                  0x00000000   Number         0  d2f.o ABSOLUTE
    ../fplib/microlib/f2d.c                  0x00000000   Number         0  f2d.o ABSOLUTE
    ../fplib/microlib/fpadd.c                0x00000000   Number         0  fadd.o ABSOLUTE
    ../fplib/microlib/fpadd.c                0x00000000   Number         0  dadd.o ABSOLUTE
    ../fplib/microlib/fpdiv.c                0x00000000   Number         0  ddiv.o ABSOLUTE
    ../fplib/microlib/fpepilogue.c           0x00000000   Number         0  fepilogue.o ABSOLUTE
    ../fplib/microlib/fpepilogue.c           0x00000000   Number         0  depilogue.o ABSOLUTE
    ../fplib/microlib/fpfix.c                0x00000000   Number         0  dfixul.o ABSOLUTE
    ../fplib/microlib/fpfix.c                0x00000000   Number         0  ffixui.o ABSOLUTE
    ../fplib/microlib/fpflt.c                0x00000000   Number         0  ffltui.o ABSOLUTE
    ../fplib/microlib/fpflt.c                0x00000000   Number         0  dflti.o ABSOLUTE
    ../fplib/microlib/fpflt.c                0x00000000   Number         0  dfltui.o ABSOLUTE
    ../fplib/microlib/fpmul.c                0x00000000   Number         0  fmul.o ABSOLUTE
    ../fplib/microlib/fpmul.c                0x00000000   Number         0  dmul.o ABSOLUTE
    ..\..\Libraries\CMSIS\core_cm3.c         0x00000000   Number         0  core_cm3.o ABSOLUTE
    ..\..\Libraries\CMSIS\startup\startup_stm32f10x_hd.s 0x00000000   Number         0  startup_stm32f10x_hd.o ABSOLUTE
    ..\..\Libraries\CMSIS\system_stm32f10x.c 0x00000000   Number         0  system_stm32f10x.o ABSOLUTE
    ..\..\Libraries\FWlib\src\misc.c         0x00000000   Number         0  misc.o ABSOLUTE
    ..\..\Libraries\FWlib\src\stm32f10x_adc.c 0x00000000   Number         0  stm32f10x_adc.o ABSOLUTE
    ..\..\Libraries\FWlib\src\stm32f10x_bkp.c 0x00000000   Number         0  stm32f10x_bkp.o ABSOLUTE
    ..\..\Libraries\FWlib\src\stm32f10x_can.c 0x00000000   Number         0  stm32f10x_can.o ABSOLUTE
    ..\..\Libraries\FWlib\src\stm32f10x_cec.c 0x00000000   Number         0  stm32f10x_cec.o ABSOLUTE
    ..\..\Libraries\FWlib\src\stm32f10x_crc.c 0x00000000   Number         0  stm32f10x_crc.o ABSOLUTE
    ..\..\Libraries\FWlib\src\stm32f10x_dac.c 0x00000000   Number         0  stm32f10x_dac.o ABSOLUTE
    ..\..\Libraries\FWlib\src\stm32f10x_dbgmcu.c 0x00000000   Number         0  stm32f10x_dbgmcu.o ABSOLUTE
    ..\..\Libraries\FWlib\src\stm32f10x_dma.c 0x00000000   Number         0  stm32f10x_dma.o ABSOLUTE
    ..\..\Libraries\FWlib\src\stm32f10x_exti.c 0x00000000   Number         0  stm32f10x_exti.o ABSOLUTE
    ..\..\Libraries\FWlib\src\stm32f10x_flash.c 0x00000000   Number         0  stm32f10x_flash.o ABSOLUTE
    ..\..\Libraries\FWlib\src\stm32f10x_fsmc.c 0x00000000   Number         0  stm32f10x_fsmc.o ABSOLUTE
    ..\..\Libraries\FWlib\src\stm32f10x_gpio.c 0x00000000   Number         0  stm32f10x_gpio.o ABSOLUTE
    ..\..\Libraries\FWlib\src\stm32f10x_i2c.c 0x00000000   Number         0  stm32f10x_i2c.o ABSOLUTE
    ..\..\Libraries\FWlib\src\stm32f10x_iwdg.c 0x00000000   Number         0  stm32f10x_iwdg.o ABSOLUTE
    ..\..\Libraries\FWlib\src\stm32f10x_pwr.c 0x00000000   Number         0  stm32f10x_pwr.o ABSOLUTE
    ..\..\Libraries\FWlib\src\stm32f10x_rcc.c 0x00000000   Number         0  stm32f10x_rcc.o ABSOLUTE
    ..\..\Libraries\FWlib\src\stm32f10x_rtc.c 0x00000000   Number         0  stm32f10x_rtc.o ABSOLUTE
    ..\..\Libraries\FWlib\src\stm32f10x_sdio.c 0x00000000   Number         0  stm32f10x_sdio.o ABSOLUTE
    ..\..\Libraries\FWlib\src\stm32f10x_spi.c 0x00000000   Number         0  stm32f10x_spi.o ABSOLUTE
    ..\..\Libraries\FWlib\src\stm32f10x_tim.c 0x00000000   Number         0  stm32f10x_tim.o ABSOLUTE
    ..\..\Libraries\FWlib\src\stm32f10x_usart.c 0x00000000   Number         0  stm32f10x_usart.o ABSOLUTE
    ..\..\Libraries\FWlib\src\stm32f10x_wwdg.c 0x00000000   Number         0  stm32f10x_wwdg.o ABSOLUTE
    ..\..\User\WS2812B.c                     0x00000000   Number         0  ws2812b.o ABSOLUTE
    ..\..\User\bsp_74hc595.c                 0x00000000   Number         0  bsp_74hc595.o ABSOLUTE
    ..\..\User\bsp_SysTick.c                 0x00000000   Number         0  bsp_systick.o ABSOLUTE
    ..\..\User\bsp_beep.c                    0x00000000   Number         0  bsp_beep.o ABSOLUTE
    ..\..\User\bsp_ds18b20.c                 0x00000000   Number         0  bsp_ds18b20.o ABSOLUTE
    ..\..\User\bsp_i2c_gpio.c                0x00000000   Number         0  bsp_i2c_gpio.o ABSOLUTE
    ..\..\User\bsp_led.c                     0x00000000   Number         0  bsp_led.o ABSOLUTE
    ..\..\User\bsp_usart1.c                  0x00000000   Number         0  bsp_usart1.o ABSOLUTE
    ..\..\User\ds3231.c                      0x00000000   Number         0  ds3231.o ABSOLUTE
    ..\..\User\eeprom.c                      0x00000000   Number         0  eeprom.o ABSOLUTE
    ..\..\User\main.c                        0x00000000   Number         0  main.o ABSOLUTE
    ..\..\User\other.c                       0x00000000   Number         0  other.o ABSOLUTE
    ..\..\User\remote.c                      0x00000000   Number         0  remote.o ABSOLUTE
    ..\..\User\stm32f10x_it.c                0x00000000   Number         0  stm32f10x_it.o ABSOLUTE
    ..\\..\\Libraries\\CMSIS\\core_cm3.c     0x00000000   Number         0  core_cm3.o ABSOLUTE
    cdcmple.s                                0x00000000   Number         0  cdcmple.o ABSOLUTE
    cdrcmple.s                               0x00000000   Number         0  cdrcmple.o ABSOLUTE
    cfcmple.s                                0x00000000   Number         0  cfcmple.o ABSOLUTE
    cfrcmple.s                               0x00000000   Number         0  cfrcmple.o ABSOLUTE
    dc.s                                     0x00000000   Number         0  dc.o ABSOLUTE
    handlers.s                               0x00000000   Number         0  handlers.o ABSOLUTE
    init.s                                   0x00000000   Number         0  init.o ABSOLUTE
    RESET                                    0x08000000   Section      304  startup_stm32f10x_hd.o(RESET)
    .ARM.Collect$$$$00000000                 0x08000130   Section        0  entry.o(.ARM.Collect$$$$00000000)
    .ARM.Collect$$$$00000001                 0x08000130   Section        4  entry2.o(.ARM.Collect$$$$00000001)
    .ARM.Collect$$$$00000004                 0x08000134   Section        4  entry5.o(.ARM.Collect$$$$00000004)
    .ARM.Collect$$$$00000008                 0x08000138   Section        0  entry7b.o(.ARM.Collect$$$$00000008)
    .ARM.Collect$$$$0000000A                 0x08000138   Section        0  entry8b.o(.ARM.Collect$$$$0000000A)
    .ARM.Collect$$$$0000000B                 0x08000138   Section        8  entry9a.o(.ARM.Collect$$$$0000000B)
    .ARM.Collect$$$$0000000D                 0x08000140   Section        0  entry10a.o(.ARM.Collect$$$$0000000D)
    .ARM.Collect$$$$0000000F                 0x08000140   Section        0  entry11a.o(.ARM.Collect$$$$0000000F)
    .ARM.Collect$$$$00002712                 0x08000140   Section        4  entry2.o(.ARM.Collect$$$$00002712)
    __lit__00000000                          0x08000140   Data           4  entry2.o(.ARM.Collect$$$$00002712)
    .text                                    0x08000144   Section       36  startup_stm32f10x_hd.o(.text)
    .text                                    0x08000168   Section        0  system_stm32f10x.o(.text)
    SetSysClockTo72                          0x08000169   Thumb Code   212  system_stm32f10x.o(.text)
    SetSysClock                              0x0800023d   Thumb Code     8  system_stm32f10x.o(.text)
    .text                                    0x08000344   Section        0  misc.o(.text)
    .text                                    0x08000420   Section        0  stm32f10x_exti.o(.text)
    .text                                    0x0800053c   Section        0  stm32f10x_flash.o(.text)
    .text                                    0x08000af8   Section        0  stm32f10x_gpio.o(.text)
    .text                                    0x08000e50   Section        0  stm32f10x_rcc.o(.text)
    .text                                    0x080011f4   Section        0  stm32f10x_tim.o(.text)
    TI4_Config                               0x0800169b   Thumb Code   130  stm32f10x_tim.o(.text)
    TI3_Config                               0x0800172f   Thumb Code   122  stm32f10x_tim.o(.text)
    TI2_Config                               0x080017c3   Thumb Code   130  stm32f10x_tim.o(.text)
    TI1_Config                               0x08001857   Thumb Code   108  stm32f10x_tim.o(.text)
    .text                                    0x08002010   Section        0  stm32f10x_usart.o(.text)
    .text                                    0x08002418   Section        0  main.o(.text)
    .text                                    0x0800317c   Section        0  stm32f10x_it.o(.text)
    .text                                    0x080032ac   Section        0  bsp_led.o(.text)
    .text                                    0x08003344   Section        0  bsp_systick.o(.text)
    .text                                    0x080033f8   Section        0  bsp_usart1.o(.text)
    .text                                    0x08003530   Section        0  ds3231.o(.text)
    .text                                    0x0800382c   Section        0  bsp_i2c_gpio.o(.text)
    .text                                    0x08003a10   Section        0  bsp_beep.o(.text)
    .text                                    0x08003af0   Section        0  bsp_ds18b20.o(.text)
    DS18B20_GPIO_Config                      0x08003afd   Thumb Code    50  bsp_ds18b20.o(.text)
    DS18B20_Mode_IPU                         0x08003b2f   Thumb Code    26  bsp_ds18b20.o(.text)
    DS18B20_Mode_Out_PP                      0x08003b49   Thumb Code    32  bsp_ds18b20.o(.text)
    DS18B20_Rst                              0x08003b69   Thumb Code    40  bsp_ds18b20.o(.text)
    DS18B20_Presence                         0x08003b91   Thumb Code    86  bsp_ds18b20.o(.text)
    DS18B20_Read_Bit                         0x08003be7   Thumb Code    56  bsp_ds18b20.o(.text)
    .text                                    0x08003d50   Section        0  ws2812b.o(.text)
    .text                                    0x08004584   Section        0  other.o(.text)
    Nixie_Light_delay                        0x08005497   Thumb Code    18  other.o(.text)
    .text                                    0x080060cc   Section        0  remote.o(.text)
    .text                                    0x080062d0   Section        0  bsp_74hc595.o(.text)
    .text                                    0x0800640c   Section        0  eeprom.o(.text)
    EE_FindValidPage                         0x0800640d   Thumb Code    78  eeprom.o(.text)
    EE_Format                                0x080064b7   Thumb Code    50  eeprom.o(.text)
    EE_VerifyPageFullWriteVariable           0x080064e9   Thumb Code   124  eeprom.o(.text)
    EE_PageTransfer                          0x080067b7   Thumb Code   250  eeprom.o(.text)
    .text                                    0x080068e4   Section        0  memseta.o(.text)
    .text                                    0x08006908   Section        0  fadd.o(.text)
    .text                                    0x080069b8   Section        0  fmul.o(.text)
    .text                                    0x08006a24   Section        0  dadd.o(.text)
    .text                                    0x08006b72   Section        0  dmul.o(.text)
    .text                                    0x08006c56   Section        0  ddiv.o(.text)
    .text                                    0x08006d34   Section        0  ffltui.o(.text)
    .text                                    0x08006d3e   Section        0  dflti.o(.text)
    .text                                    0x08006d60   Section        0  dfltui.o(.text)
    .text                                    0x08006d7a   Section        0  ffixui.o(.text)
    .text                                    0x08006da2   Section        0  f2d.o(.text)
    .text                                    0x08006dc8   Section       40  cdcmple.o(.text)
    .text                                    0x08006df0   Section       40  cdrcmple.o(.text)
    .text                                    0x08006e18   Section        0  d2f.o(.text)
    .text                                    0x08006e50   Section       20  cfcmple.o(.text)
    .text                                    0x08006e64   Section       20  cfrcmple.o(.text)
    .text                                    0x08006e78   Section        0  uidiv.o(.text)
    .text                                    0x08006ea4   Section        0  uldiv.o(.text)
    .text                                    0x08006f06   Section        0  llshl.o(.text)
    .text                                    0x08006f24   Section        0  llsshr.o(.text)
    .text                                    0x08006f48   Section        0  fepilogue.o(.text)
    .text                                    0x08006f48   Section        0  iusefp.o(.text)
    .text                                    0x08006fb4   Section        0  depilogue.o(.text)
    .text                                    0x08007072   Section        0  dfixul.o(.text)
    .text                                    0x080070a4   Section       36  init.o(.text)
    .text                                    0x080070c8   Section        0  llushr.o(.text)
    .text                                    0x080070e8   Section        0  __dczerorl2.o(.text)
    i.__0printf                              0x08007144   Section        0  printfa.o(i.__0printf)
    i.__scatterload_copy                     0x08007164   Section       14  handlers.o(i.__scatterload_copy)
    i.__scatterload_null                     0x08007172   Section        2  handlers.o(i.__scatterload_null)
    i.__scatterload_zeroinit                 0x08007174   Section       14  handlers.o(i.__scatterload_zeroinit)
    i._fp_digits                             0x08007184   Section        0  printfa.o(i._fp_digits)
    _fp_digits                               0x08007185   Thumb Code   326  printfa.o(i._fp_digits)
    i._printf_core                           0x080072e0   Section        0  printfa.o(i._printf_core)
    _printf_core                             0x080072e1   Thumb Code  1762  printfa.o(i._printf_core)
    i._printf_post_padding                   0x080079d0   Section        0  printfa.o(i._printf_post_padding)
    _printf_post_padding                     0x080079d1   Thumb Code    38  printfa.o(i._printf_post_padding)
    i._printf_pre_padding                    0x080079f6   Section        0  printfa.o(i._printf_pre_padding)
    _printf_pre_padding                      0x080079f7   Thumb Code    48  printfa.o(i._printf_pre_padding)
    .data                                    0x20000000   Section       20  system_stm32f10x.o(.data)
    .data                                    0x20000014   Section       20  stm32f10x_rcc.o(.data)
    APBAHBPrescTable                         0x20000014   Data          16  stm32f10x_rcc.o(.data)
    ADCPrescTable                            0x20000024   Data           4  stm32f10x_rcc.o(.data)
    .data                                    0x20000028   Section       36  main.o(.data)
    nobodyCnt                                0x2000004a   Data           2  main.o(.data)
    .data                                    0x2000004c   Section       13  stm32f10x_it.o(.data)
    cnt                                      0x20000058   Data           1  stm32f10x_it.o(.data)
    .data                                    0x2000005c   Section        4  bsp_systick.o(.data)
    TimingDelay                              0x2000005c   Data           4  bsp_systick.o(.data)
    .data                                    0x20000060   Section       21  ds3231.o(.data)
    .data                                    0x20000078   Section        4  bsp_ds18b20.o(.data)
    .data                                    0x2000007c   Section       30  ws2812b.o(.data)
    Rold                                     0x20000094   Data           1  ws2812b.o(.data)
    Gold                                     0x20000095   Data           1  ws2812b.o(.data)
    Bold                                     0x20000096   Data           1  ws2812b.o(.data)
    Rdirect                                  0x20000097   Data           1  ws2812b.o(.data)
    Gdirect                                  0x20000098   Data           1  ws2812b.o(.data)
    Bdirect                                  0x20000099   Data           1  ws2812b.o(.data)
    .data                                    0x2000009c   Section       11  other.o(.data)
    toggle                                   0x200000a4   Data           1  other.o(.data)
    state                                    0x200000a5   Data           1  other.o(.data)
    cnt                                      0x200000a6   Data           1  other.o(.data)
    .data                                    0x200000a8   Section        6  remote.o(.data)
    .data                                    0x200000ae   Section        5  bsp_74hc595.o(.data)
    .data                                    0x200000b4   Section      120  eeprom.o(.data)
    .data                                    0x2000012c   Section        4  stdout.o(.data)
    .bss                                     0x20000130   Section       12  ws2812b.o(.bss)
    WS2812_RGB                               0x20000130   Data          12  ws2812b.o(.bss)
    .bss                                     0x2000013c   Section       40  other.o(.bss)
    STACK                                    0x20000168   Section     2048  startup_stm32f10x_hd.o(STACK)

    Global Symbols

    Symbol Name                              Value     Ov Type        Size  Object(Section)

    BuildAttributes$$THM_ISAv4$P$D$K$B$S$PE$A:L22UL41UL21$X:L11$S22US41US21$IEEE1$IW$USESV6$~STKCKD$USESV7$~SHL$OTIME$ROPI$EBA8$MICROLIB$REQ8$PRES8$EABIv2 0x00000000   Number         0  anon$$obj.o ABSOLUTE
    __ARM_use_no_argv                        0x00000000   Number         0  main.o ABSOLUTE
    _printf_a                                0x00000000   Number         0  stubs.o ABSOLUTE
    _printf_c                                0x00000000   Number         0  stubs.o ABSOLUTE
    _printf_charcount                        0x00000000   Number         0  stubs.o ABSOLUTE
    _printf_d                                0x00000000   Number         0  stubs.o ABSOLUTE
    _printf_e                                0x00000000   Number         0  stubs.o ABSOLUTE
    _printf_f                                0x00000000   Number         0  stubs.o ABSOLUTE
    _printf_flags                            0x00000000   Number         0  stubs.o ABSOLUTE
    _printf_fp_dec                           0x00000000   Number         0  stubs.o ABSOLUTE
    _printf_fp_hex                           0x00000000   Number         0  stubs.o ABSOLUTE
    _printf_g                                0x00000000   Number         0  stubs.o ABSOLUTE
    _printf_i                                0x00000000   Number         0  stubs.o ABSOLUTE
    _printf_int_dec                          0x00000000   Number         0  stubs.o ABSOLUTE
    _printf_l                                0x00000000   Number         0  stubs.o ABSOLUTE
    _printf_lc                               0x00000000   Number         0  stubs.o ABSOLUTE
    _printf_ll                               0x00000000   Number         0  stubs.o ABSOLUTE
    _printf_lld                              0x00000000   Number         0  stubs.o ABSOLUTE
    _printf_lli                              0x00000000   Number         0  stubs.o ABSOLUTE
    _printf_llo                              0x00000000   Number         0  stubs.o ABSOLUTE
    _printf_llu                              0x00000000   Number         0  stubs.o ABSOLUTE
    _printf_llx                              0x00000000   Number         0  stubs.o ABSOLUTE
    _printf_longlong_dec                     0x00000000   Number         0  stubs.o ABSOLUTE
    _printf_longlong_hex                     0x00000000   Number         0  stubs.o ABSOLUTE
    _printf_longlong_oct                     0x00000000   Number         0  stubs.o ABSOLUTE
    _printf_ls                               0x00000000   Number         0  stubs.o ABSOLUTE
    _printf_mbtowc                           0x00000000   Number         0  stubs.o ABSOLUTE
    _printf_n                                0x00000000   Number         0  stubs.o ABSOLUTE
    _printf_o                                0x00000000   Number         0  stubs.o ABSOLUTE
    _printf_p                                0x00000000   Number         0  stubs.o ABSOLUTE
    _printf_percent                          0x00000000   Number         0  stubs.o ABSOLUTE
    _printf_pre_padding                      0x00000000   Number         0  stubs.o ABSOLUTE
    _printf_return_value                     0x00000000   Number         0  stubs.o ABSOLUTE
    _printf_s                                0x00000000   Number         0  stubs.o ABSOLUTE
    _printf_sizespec                         0x00000000   Number         0  stubs.o ABSOLUTE
    _printf_str                              0x00000000   Number         0  stubs.o ABSOLUTE
    _printf_truncate_signed                  0x00000000   Number         0  stubs.o ABSOLUTE
    _printf_truncate_unsigned                0x00000000   Number         0  stubs.o ABSOLUTE
    _printf_u                                0x00000000   Number         0  stubs.o ABSOLUTE
    _printf_wc                               0x00000000   Number         0  stubs.o ABSOLUTE
    _printf_wctomb                           0x00000000   Number         0  stubs.o ABSOLUTE
    _printf_widthprec                        0x00000000   Number         0  stubs.o ABSOLUTE
    _printf_x                                0x00000000   Number         0  stubs.o ABSOLUTE
    __cpp_initialize__aeabi_                  - Undefined Weak Reference
    __cxa_finalize                            - Undefined Weak Reference
    _clock_init                               - Undefined Weak Reference
    _microlib_exit                            - Undefined Weak Reference
    __Vectors_Size                           0x00000130   Number         0  startup_stm32f10x_hd.o ABSOLUTE
    __Vectors                                0x08000000   Data           4  startup_stm32f10x_hd.o(RESET)
    __Vectors_End                            0x08000130   Data           0  startup_stm32f10x_hd.o(RESET)
    __main                                   0x08000131   Thumb Code     0  entry.o(.ARM.Collect$$$$00000000)
    _main_stk                                0x08000131   Thumb Code     0  entry2.o(.ARM.Collect$$$$00000001)
    _main_scatterload                        0x08000135   Thumb Code     0  entry5.o(.ARM.Collect$$$$00000004)
    __main_after_scatterload                 0x08000139   Thumb Code     0  entry5.o(.ARM.Collect$$$$00000004)
    _main_clock                              0x08000139   Thumb Code     0  entry7b.o(.ARM.Collect$$$$00000008)
    _main_cpp_init                           0x08000139   Thumb Code     0  entry8b.o(.ARM.Collect$$$$0000000A)
    _main_init                               0x08000139   Thumb Code     0  entry9a.o(.ARM.Collect$$$$0000000B)
    __rt_final_cpp                           0x08000141   Thumb Code     0  entry10a.o(.ARM.Collect$$$$0000000D)
    __rt_final_exit                          0x08000141   Thumb Code     0  entry11a.o(.ARM.Collect$$$$0000000F)
    Reset_Handler                            0x08000145   Thumb Code     8  startup_stm32f10x_hd.o(.text)
    ADC1_2_IRQHandler                        0x0800015f   Thumb Code     0  startup_stm32f10x_hd.o(.text)
    ADC3_IRQHandler                          0x0800015f   Thumb Code     0  startup_stm32f10x_hd.o(.text)
    CAN1_RX1_IRQHandler                      0x0800015f   Thumb Code     0  startup_stm32f10x_hd.o(.text)
    CAN1_SCE_IRQHandler                      0x0800015f   Thumb Code     0  startup_stm32f10x_hd.o(.text)
    DMA1_Channel1_IRQHandler                 0x0800015f   Thumb Code     0  startup_stm32f10x_hd.o(.text)
    DMA1_Channel2_IRQHandler                 0x0800015f   Thumb Code     0  startup_stm32f10x_hd.o(.text)
    DMA1_Channel3_IRQHandler                 0x0800015f   Thumb Code     0  startup_stm32f10x_hd.o(.text)
    DMA1_Channel4_IRQHandler                 0x0800015f   Thumb Code     0  startup_stm32f10x_hd.o(.text)
    DMA1_Channel5_IRQHandler                 0x0800015f   Thumb Code     0  startup_stm32f10x_hd.o(.text)
    DMA1_Channel6_IRQHandler                 0x0800015f   Thumb Code     0  startup_stm32f10x_hd.o(.text)
    DMA1_Channel7_IRQHandler                 0x0800015f   Thumb Code     0  startup_stm32f10x_hd.o(.text)
    DMA2_Channel1_IRQHandler                 0x0800015f   Thumb Code     0  startup_stm32f10x_hd.o(.text)
    DMA2_Channel2_IRQHandler                 0x0800015f   Thumb Code     0  startup_stm32f10x_hd.o(.text)
    DMA2_Channel3_IRQHandler                 0x0800015f   Thumb Code     0  startup_stm32f10x_hd.o(.text)
    DMA2_Channel4_5_IRQHandler               0x0800015f   Thumb Code     0  startup_stm32f10x_hd.o(.text)
    EXTI0_IRQHandler                         0x0800015f   Thumb Code     0  startup_stm32f10x_hd.o(.text)
    EXTI15_10_IRQHandler                     0x0800015f   Thumb Code     0  startup_stm32f10x_hd.o(.text)
    EXTI1_IRQHandler                         0x0800015f   Thumb Code     0  startup_stm32f10x_hd.o(.text)
    EXTI3_IRQHandler                         0x0800015f   Thumb Code     0  startup_stm32f10x_hd.o(.text)
    EXTI4_IRQHandler                         0x0800015f   Thumb Code     0  startup_stm32f10x_hd.o(.text)
    FLASH_IRQHandler                         0x0800015f   Thumb Code     0  startup_stm32f10x_hd.o(.text)
    FSMC_IRQHandler                          0x0800015f   Thumb Code     0  startup_stm32f10x_hd.o(.text)
    I2C1_ER_IRQHandler                       0x0800015f   Thumb Code     0  startup_stm32f10x_hd.o(.text)
    I2C1_EV_IRQHandler                       0x0800015f   Thumb Code     0  startup_stm32f10x_hd.o(.text)
    I2C2_ER_IRQHandler                       0x0800015f   Thumb Code     0  startup_stm32f10x_hd.o(.text)
    I2C2_EV_IRQHandler                       0x0800015f   Thumb Code     0  startup_stm32f10x_hd.o(.text)
    PVD_IRQHandler                           0x0800015f   Thumb Code     0  startup_stm32f10x_hd.o(.text)
    RCC_IRQHandler                           0x0800015f   Thumb Code     0  startup_stm32f10x_hd.o(.text)
    RTCAlarm_IRQHandler                      0x0800015f   Thumb Code     0  startup_stm32f10x_hd.o(.text)
    RTC_IRQHandler                           0x0800015f   Thumb Code     0  startup_stm32f10x_hd.o(.text)
    SDIO_IRQHandler                          0x0800015f   Thumb Code     0  startup_stm32f10x_hd.o(.text)
    SPI1_IRQHandler                          0x0800015f   Thumb Code     0  startup_stm32f10x_hd.o(.text)
    SPI2_IRQHandler                          0x0800015f   Thumb Code     0  startup_stm32f10x_hd.o(.text)
    SPI3_IRQHandler                          0x0800015f   Thumb Code     0  startup_stm32f10x_hd.o(.text)
    TAMPER_IRQHandler                        0x0800015f   Thumb Code     0  startup_stm32f10x_hd.o(.text)
    TIM1_BRK_IRQHandler                      0x0800015f   Thumb Code     0  startup_stm32f10x_hd.o(.text)
    TIM1_CC_IRQHandler                       0x0800015f   Thumb Code     0  startup_stm32f10x_hd.o(.text)
    TIM1_TRG_COM_IRQHandler                  0x0800015f   Thumb Code     0  startup_stm32f10x_hd.o(.text)
    TIM1_UP_IRQHandler                       0x0800015f   Thumb Code     0  startup_stm32f10x_hd.o(.text)
    TIM2_IRQHandler                          0x0800015f   Thumb Code     0  startup_stm32f10x_hd.o(.text)
    TIM3_IRQHandler                          0x0800015f   Thumb Code     0  startup_stm32f10x_hd.o(.text)
    TIM4_IRQHandler                          0x0800015f   Thumb Code     0  startup_stm32f10x_hd.o(.text)
    TIM5_IRQHandler                          0x0800015f   Thumb Code     0  startup_stm32f10x_hd.o(.text)
    TIM6_IRQHandler                          0x0800015f   Thumb Code     0  startup_stm32f10x_hd.o(.text)
    TIM7_IRQHandler                          0x0800015f   Thumb Code     0  startup_stm32f10x_hd.o(.text)
    TIM8_BRK_IRQHandler                      0x0800015f   Thumb Code     0  startup_stm32f10x_hd.o(.text)
    TIM8_CC_IRQHandler                       0x0800015f   Thumb Code     0  startup_stm32f10x_hd.o(.text)
    TIM8_TRG_COM_IRQHandler                  0x0800015f   Thumb Code     0  startup_stm32f10x_hd.o(.text)
    TIM8_UP_IRQHandler                       0x0800015f   Thumb Code     0  startup_stm32f10x_hd.o(.text)
    UART4_IRQHandler                         0x0800015f   Thumb Code     0  startup_stm32f10x_hd.o(.text)
    UART5_IRQHandler                         0x0800015f   Thumb Code     0  startup_stm32f10x_hd.o(.text)
    USART2_IRQHandler                        0x0800015f   Thumb Code     0  startup_stm32f10x_hd.o(.text)
    USART3_IRQHandler                        0x0800015f   Thumb Code     0  startup_stm32f10x_hd.o(.text)
    USBWakeUp_IRQHandler                     0x0800015f   Thumb Code     0  startup_stm32f10x_hd.o(.text)
    USB_HP_CAN1_TX_IRQHandler                0x0800015f   Thumb Code     0  startup_stm32f10x_hd.o(.text)
    USB_LP_CAN1_RX0_IRQHandler               0x0800015f   Thumb Code     0  startup_stm32f10x_hd.o(.text)
    WWDG_IRQHandler                          0x0800015f   Thumb Code     0  startup_stm32f10x_hd.o(.text)
    SystemInit                               0x08000245   Thumb Code    78  system_stm32f10x.o(.text)
    SystemCoreClockUpdate                    0x08000293   Thumb Code   142  system_stm32f10x.o(.text)
    NVIC_PriorityGroupConfig                 0x08000345   Thumb Code    10  misc.o(.text)
    NVIC_Init                                0x0800034f   Thumb Code   102  misc.o(.text)
    NVIC_SetVectorTable                      0x080003b5   Thumb Code    14  misc.o(.text)
    NVIC_SystemLPConfig                      0x080003c3   Thumb Code    34  misc.o(.text)
    SysTick_CLKSourceConfig                  0x080003e5   Thumb Code    40  misc.o(.text)
    EXTI_DeInit                              0x08000421   Thumb Code    28  stm32f10x_exti.o(.text)
    EXTI_Init                                0x0800043d   Thumb Code   142  stm32f10x_exti.o(.text)
    EXTI_StructInit                          0x080004cb   Thumb Code    16  stm32f10x_exti.o(.text)
    EXTI_GenerateSWInterrupt                 0x080004db   Thumb Code    16  stm32f10x_exti.o(.text)
    EXTI_GetFlagStatus                       0x080004eb   Thumb Code    22  stm32f10x_exti.o(.text)
    EXTI_ClearFlag                           0x08000501   Thumb Code     8  stm32f10x_exti.o(.text)
    EXTI_GetITStatus                         0x08000509   Thumb Code    34  stm32f10x_exti.o(.text)
    EXTI_ClearITPendingBit                   0x0800052b   Thumb Code     8  stm32f10x_exti.o(.text)
    FLASH_SetLatency                         0x0800053d   Thumb Code    18  stm32f10x_flash.o(.text)
    FLASH_HalfCycleAccessCmd                 0x0800054f   Thumb Code    22  stm32f10x_flash.o(.text)
    FLASH_PrefetchBufferCmd                  0x08000565   Thumb Code    22  stm32f10x_flash.o(.text)
    FLASH_Unlock                             0x0800057b   Thumb Code    12  stm32f10x_flash.o(.text)
    FLASH_UnlockBank1                        0x08000587   Thumb Code    12  stm32f10x_flash.o(.text)
    FLASH_Lock                               0x08000593   Thumb Code    14  stm32f10x_flash.o(.text)
    FLASH_LockBank1                          0x080005a1   Thumb Code    14  stm32f10x_flash.o(.text)
    FLASH_GetBank1Status                     0x080005af   Thumb Code    48  stm32f10x_flash.o(.text)
    FLASH_WaitForLastOperation               0x080005df   Thumb Code    38  stm32f10x_flash.o(.text)
    FLASH_ErasePage                          0x08000605   Thumb Code    72  stm32f10x_flash.o(.text)
    FLASH_EraseAllPages                      0x0800064d   Thumb Code    68  stm32f10x_flash.o(.text)
    FLASH_WaitForLastBank1Operation          0x08000691   Thumb Code    38  stm32f10x_flash.o(.text)
    FLASH_EraseAllBank1Pages                 0x080006b7   Thumb Code    68  stm32f10x_flash.o(.text)
    FLASH_GetReadOutProtectionStatus         0x080006fb   Thumb Code    20  stm32f10x_flash.o(.text)
    FLASH_EraseOptionBytes                   0x0800070f   Thumb Code   150  stm32f10x_flash.o(.text)
    FLASH_ProgramWord                        0x080007a5   Thumb Code   102  stm32f10x_flash.o(.text)
    FLASH_ProgramHalfWord                    0x0800080b   Thumb Code    60  stm32f10x_flash.o(.text)
    FLASH_ProgramOptionByteData              0x08000847   Thumb Code    72  stm32f10x_flash.o(.text)
    FLASH_EnableWriteProtection              0x0800088f   Thumb Code   200  stm32f10x_flash.o(.text)
    FLASH_ReadOutProtection                  0x08000957   Thumb Code   156  stm32f10x_flash.o(.text)
    FLASH_UserOptionByteConfig               0x080009f3   Thumb Code    88  stm32f10x_flash.o(.text)
    FLASH_GetUserOptionByte                  0x08000a4b   Thumb Code     8  stm32f10x_flash.o(.text)
    FLASH_GetWriteProtectionOptionByte       0x08000a53   Thumb Code     6  stm32f10x_flash.o(.text)
    FLASH_GetPrefetchBufferStatus            0x08000a59   Thumb Code    20  stm32f10x_flash.o(.text)
    FLASH_ITConfig                           0x08000a6d   Thumb Code    26  stm32f10x_flash.o(.text)
    FLASH_GetFlagStatus                      0x08000a87   Thumb Code    42  stm32f10x_flash.o(.text)
    FLASH_ClearFlag                          0x08000ab1   Thumb Code     6  stm32f10x_flash.o(.text)
    FLASH_GetStatus                          0x08000ab7   Thumb Code    48  stm32f10x_flash.o(.text)
    GPIO_DeInit                              0x08000af9   Thumb Code   172  stm32f10x_gpio.o(.text)
    GPIO_AFIODeInit                          0x08000ba5   Thumb Code    20  stm32f10x_gpio.o(.text)
    GPIO_Init                                0x08000bb9   Thumb Code   274  stm32f10x_gpio.o(.text)
    GPIO_StructInit                          0x08000ccb   Thumb Code    16  stm32f10x_gpio.o(.text)
    GPIO_ReadInputDataBit                    0x08000cdb   Thumb Code    18  stm32f10x_gpio.o(.text)
    GPIO_ReadInputData                       0x08000ced   Thumb Code     8  stm32f10x_gpio.o(.text)
    GPIO_ReadOutputDataBit                   0x08000cf5   Thumb Code    18  stm32f10x_gpio.o(.text)
    GPIO_ReadOutputData                      0x08000d07   Thumb Code     8  stm32f10x_gpio.o(.text)
    GPIO_SetBits                             0x08000d0f   Thumb Code     4  stm32f10x_gpio.o(.text)
    GPIO_ResetBits                           0x08000d13   Thumb Code     4  stm32f10x_gpio.o(.text)
    GPIO_WriteBit                            0x08000d17   Thumb Code    10  stm32f10x_gpio.o(.text)
    GPIO_Write                               0x08000d21   Thumb Code     4  stm32f10x_gpio.o(.text)
    GPIO_PinLockConfig                       0x08000d25   Thumb Code    18  stm32f10x_gpio.o(.text)
    GPIO_EventOutputConfig                   0x08000d37   Thumb Code    26  stm32f10x_gpio.o(.text)
    GPIO_EventOutputCmd                      0x08000d51   Thumb Code     6  stm32f10x_gpio.o(.text)
    GPIO_PinRemapConfig                      0x08000d57   Thumb Code   138  stm32f10x_gpio.o(.text)
    GPIO_EXTILineConfig                      0x08000de1   Thumb Code    66  stm32f10x_gpio.o(.text)
    GPIO_ETH_MediaInterfaceConfig            0x08000e23   Thumb Code     6  stm32f10x_gpio.o(.text)
    RCC_DeInit                               0x08000e51   Thumb Code    64  stm32f10x_rcc.o(.text)
    RCC_HSEConfig                            0x08000e91   Thumb Code    70  stm32f10x_rcc.o(.text)
    RCC_GetFlagStatus                        0x08000ed7   Thumb Code    56  stm32f10x_rcc.o(.text)
    RCC_WaitForHSEStartUp                    0x08000f0f   Thumb Code    56  stm32f10x_rcc.o(.text)
    RCC_AdjustHSICalibrationValue            0x08000f47   Thumb Code    20  stm32f10x_rcc.o(.text)
    RCC_HSICmd                               0x08000f5b   Thumb Code     6  stm32f10x_rcc.o(.text)
    RCC_PLLConfig                            0x08000f61   Thumb Code    24  stm32f10x_rcc.o(.text)
    RCC_PLLCmd                               0x08000f79   Thumb Code     6  stm32f10x_rcc.o(.text)
    RCC_SYSCLKConfig                         0x08000f7f   Thumb Code    18  stm32f10x_rcc.o(.text)
    RCC_GetSYSCLKSource                      0x08000f91   Thumb Code    10  stm32f10x_rcc.o(.text)
    RCC_HCLKConfig                           0x08000f9b   Thumb Code    18  stm32f10x_rcc.o(.text)
    RCC_PCLK1Config                          0x08000fad   Thumb Code    18  stm32f10x_rcc.o(.text)
    RCC_PCLK2Config                          0x08000fbf   Thumb Code    20  stm32f10x_rcc.o(.text)
    RCC_ITConfig                             0x08000fd3   Thumb Code    26  stm32f10x_rcc.o(.text)
    RCC_USBCLKConfig                         0x08000fed   Thumb Code     6  stm32f10x_rcc.o(.text)
    RCC_ADCCLKConfig                         0x08000ff3   Thumb Code    18  stm32f10x_rcc.o(.text)
    RCC_LSEConfig                            0x08001005   Thumb Code    44  stm32f10x_rcc.o(.text)
    RCC_LSICmd                               0x08001031   Thumb Code     6  stm32f10x_rcc.o(.text)
    RCC_RTCCLKConfig                         0x08001037   Thumb Code    12  stm32f10x_rcc.o(.text)
    RCC_RTCCLKCmd                            0x08001043   Thumb Code     8  stm32f10x_rcc.o(.text)
    RCC_GetClocksFreq                        0x0800104b   Thumb Code   192  stm32f10x_rcc.o(.text)
    RCC_AHBPeriphClockCmd                    0x0800110b   Thumb Code    26  stm32f10x_rcc.o(.text)
    RCC_APB2PeriphClockCmd                   0x08001125   Thumb Code    26  stm32f10x_rcc.o(.text)
    RCC_APB1PeriphClockCmd                   0x0800113f   Thumb Code    26  stm32f10x_rcc.o(.text)
    RCC_APB2PeriphResetCmd                   0x08001159   Thumb Code    26  stm32f10x_rcc.o(.text)
    RCC_APB1PeriphResetCmd                   0x08001173   Thumb Code    26  stm32f10x_rcc.o(.text)
    RCC_BackupResetCmd                       0x0800118d   Thumb Code     8  stm32f10x_rcc.o(.text)
    RCC_ClockSecuritySystemCmd               0x08001195   Thumb Code     6  stm32f10x_rcc.o(.text)
    RCC_MCOConfig                            0x0800119b   Thumb Code     6  stm32f10x_rcc.o(.text)
    RCC_ClearFlag                            0x080011a1   Thumb Code    14  stm32f10x_rcc.o(.text)
    RCC_GetITStatus                          0x080011af   Thumb Code    20  stm32f10x_rcc.o(.text)
    RCC_ClearITPendingBit                    0x080011c3   Thumb Code     6  stm32f10x_rcc.o(.text)
    TIM_DeInit                               0x080011f5   Thumb Code   424  stm32f10x_tim.o(.text)
    TIM_TimeBaseInit                         0x0800139d   Thumb Code   122  stm32f10x_tim.o(.text)
    TIM_OC1Init                              0x08001417   Thumb Code   132  stm32f10x_tim.o(.text)
    TIM_OC2Init                              0x0800149b   Thumb Code   154  stm32f10x_tim.o(.text)
    TIM_OC3Init                              0x08001535   Thumb Code   150  stm32f10x_tim.o(.text)
    TIM_OC4Init                              0x080015cb   Thumb Code   182  stm32f10x_tim.o(.text)
    TIM_SetIC4Prescaler                      0x08001681   Thumb Code    26  stm32f10x_tim.o(.text)
    TIM_SetIC3Prescaler                      0x0800171d   Thumb Code    18  stm32f10x_tim.o(.text)
    TIM_SetIC2Prescaler                      0x080017a9   Thumb Code    26  stm32f10x_tim.o(.text)
    TIM_SetIC1Prescaler                      0x08001845   Thumb Code    18  stm32f10x_tim.o(.text)
    TIM_ICInit                               0x080018c3   Thumb Code   150  stm32f10x_tim.o(.text)
    TIM_PWMIConfig                           0x08001959   Thumb Code   124  stm32f10x_tim.o(.text)
    TIM_BDTRConfig                           0x080019d5   Thumb Code    32  stm32f10x_tim.o(.text)
    TIM_TimeBaseStructInit                   0x080019f5   Thumb Code    18  stm32f10x_tim.o(.text)
    TIM_OCStructInit                         0x08001a07   Thumb Code    20  stm32f10x_tim.o(.text)
    TIM_ICStructInit                         0x08001a1b   Thumb Code    18  stm32f10x_tim.o(.text)
    TIM_BDTRStructInit                       0x08001a2d   Thumb Code    40  stm32f10x_tim.o(.text)
    TIM_Cmd                                  0x08001a55   Thumb Code    24  stm32f10x_tim.o(.text)
    TIM_CtrlPWMOutputs                       0x08001a6d   Thumb Code    30  stm32f10x_tim.o(.text)
    TIM_ITConfig                             0x08001a8b   Thumb Code    18  stm32f10x_tim.o(.text)
    TIM_GenerateEvent                        0x08001a9d   Thumb Code     4  stm32f10x_tim.o(.text)
    TIM_DMAConfig                            0x08001aa1   Thumb Code    10  stm32f10x_tim.o(.text)
    TIM_DMACmd                               0x08001aab   Thumb Code    18  stm32f10x_tim.o(.text)
    TIM_InternalClockConfig                  0x08001abd   Thumb Code    12  stm32f10x_tim.o(.text)
    TIM_SelectInputTrigger                   0x08001ac9   Thumb Code    18  stm32f10x_tim.o(.text)
    TIM_ITRxExternalClockConfig              0x08001adb   Thumb Code    24  stm32f10x_tim.o(.text)
    TIM_TIxExternalClockConfig               0x08001af3   Thumb Code    62  stm32f10x_tim.o(.text)
    TIM_ETRConfig                            0x08001b31   Thumb Code    28  stm32f10x_tim.o(.text)
    TIM_ETRClockMode1Config                  0x08001b4d   Thumb Code    54  stm32f10x_tim.o(.text)
    TIM_ETRClockMode2Config                  0x08001b83   Thumb Code    32  stm32f10x_tim.o(.text)
    TIM_PrescalerConfig                      0x08001ba3   Thumb Code     6  stm32f10x_tim.o(.text)
    TIM_CounterModeConfig                    0x08001ba9   Thumb Code    18  stm32f10x_tim.o(.text)
    TIM_EncoderInterfaceConfig               0x08001bbb   Thumb Code    66  stm32f10x_tim.o(.text)
    TIM_ForcedOC1Config                      0x08001bfd   Thumb Code    18  stm32f10x_tim.o(.text)
    TIM_ForcedOC2Config                      0x08001c0f   Thumb Code    26  stm32f10x_tim.o(.text)
    TIM_ForcedOC3Config                      0x08001c29   Thumb Code    18  stm32f10x_tim.o(.text)
    TIM_ForcedOC4Config                      0x08001c3b   Thumb Code    26  stm32f10x_tim.o(.text)
    TIM_ARRPreloadConfig                     0x08001c55   Thumb Code    24  stm32f10x_tim.o(.text)
    TIM_SelectCOM                            0x08001c6d   Thumb Code    24  stm32f10x_tim.o(.text)
    TIM_SelectCCDMA                          0x08001c85   Thumb Code    24  stm32f10x_tim.o(.text)
    TIM_CCPreloadControl                     0x08001c9d   Thumb Code    24  stm32f10x_tim.o(.text)
    TIM_OC1PreloadConfig                     0x08001cb5   Thumb Code    18  stm32f10x_tim.o(.text)
    TIM_OC2PreloadConfig                     0x08001cc7   Thumb Code    26  stm32f10x_tim.o(.text)
    TIM_OC3PreloadConfig                     0x08001ce1   Thumb Code    18  stm32f10x_tim.o(.text)
    TIM_OC4PreloadConfig                     0x08001cf3   Thumb Code    26  stm32f10x_tim.o(.text)
    TIM_OC1FastConfig                        0x08001d0d   Thumb Code    18  stm32f10x_tim.o(.text)
    TIM_OC2FastConfig                        0x08001d1f   Thumb Code    26  stm32f10x_tim.o(.text)
    TIM_OC3FastConfig                        0x08001d39   Thumb Code    18  stm32f10x_tim.o(.text)
    TIM_OC4FastConfig                        0x08001d4b   Thumb Code    26  stm32f10x_tim.o(.text)
    TIM_ClearOC1Ref                          0x08001d65   Thumb Code    18  stm32f10x_tim.o(.text)
    TIM_ClearOC2Ref                          0x08001d77   Thumb Code    24  stm32f10x_tim.o(.text)
    TIM_ClearOC3Ref                          0x08001d8f   Thumb Code    18  stm32f10x_tim.o(.text)
    TIM_ClearOC4Ref                          0x08001da1   Thumb Code    24  stm32f10x_tim.o(.text)
    TIM_OC1PolarityConfig                    0x08001db9   Thumb Code    18  stm32f10x_tim.o(.text)
    TIM_OC1NPolarityConfig                   0x08001dcb   Thumb Code    18  stm32f10x_tim.o(.text)
    TIM_OC2PolarityConfig                    0x08001ddd   Thumb Code    26  stm32f10x_tim.o(.text)
    TIM_OC2NPolarityConfig                   0x08001df7   Thumb Code    26  stm32f10x_tim.o(.text)
    TIM_OC3PolarityConfig                    0x08001e11   Thumb Code    26  stm32f10x_tim.o(.text)
    TIM_OC3NPolarityConfig                   0x08001e2b   Thumb Code    26  stm32f10x_tim.o(.text)
    TIM_OC4PolarityConfig                    0x08001e45   Thumb Code    26  stm32f10x_tim.o(.text)
    TIM_CCxCmd                               0x08001e5f   Thumb Code    30  stm32f10x_tim.o(.text)
    TIM_CCxNCmd                              0x08001e7d   Thumb Code    30  stm32f10x_tim.o(.text)
    TIM_SelectOCxM                           0x08001e9b   Thumb Code    82  stm32f10x_tim.o(.text)
    TIM_UpdateDisableConfig                  0x08001eed   Thumb Code    24  stm32f10x_tim.o(.text)
    TIM_UpdateRequestConfig                  0x08001f05   Thumb Code    24  stm32f10x_tim.o(.text)
    TIM_SelectHallSensor                     0x08001f1d   Thumb Code    24  stm32f10x_tim.o(.text)
    TIM_SelectOnePulseMode                   0x08001f35   Thumb Code    18  stm32f10x_tim.o(.text)
    TIM_SelectOutputTrigger                  0x08001f47   Thumb Code    18  stm32f10x_tim.o(.text)
    TIM_SelectSlaveMode                      0x08001f59   Thumb Code    18  stm32f10x_tim.o(.text)
    TIM_SelectMasterSlaveMode                0x08001f6b   Thumb Code    18  stm32f10x_tim.o(.text)
    TIM_SetCounter                           0x08001f7d   Thumb Code     4  stm32f10x_tim.o(.text)
    TIM_SetAutoreload                        0x08001f81   Thumb Code     4  stm32f10x_tim.o(.text)
    TIM_SetCompare1                          0x08001f85   Thumb Code     4  stm32f10x_tim.o(.text)
    TIM_SetCompare2                          0x08001f89   Thumb Code     4  stm32f10x_tim.o(.text)
    TIM_SetCompare3                          0x08001f8d   Thumb Code     4  stm32f10x_tim.o(.text)
    TIM_SetCompare4                          0x08001f91   Thumb Code     6  stm32f10x_tim.o(.text)
    TIM_SetClockDivision                     0x08001f97   Thumb Code    18  stm32f10x_tim.o(.text)
    TIM_GetCapture1                          0x08001fa9   Thumb Code     6  stm32f10x_tim.o(.text)
    TIM_GetCapture2                          0x08001faf   Thumb Code     6  stm32f10x_tim.o(.text)
    TIM_GetCapture3                          0x08001fb5   Thumb Code     6  stm32f10x_tim.o(.text)
    TIM_GetCapture4                          0x08001fbb   Thumb Code     8  stm32f10x_tim.o(.text)
    TIM_GetCounter                           0x08001fc3   Thumb Code     6  stm32f10x_tim.o(.text)
    TIM_GetPrescaler                         0x08001fc9   Thumb Code     6  stm32f10x_tim.o(.text)
    TIM_GetFlagStatus                        0x08001fcf   Thumb Code    18  stm32f10x_tim.o(.text)
    TIM_ClearFlag                            0x08001fe1   Thumb Code     6  stm32f10x_tim.o(.text)
    TIM_GetITStatus                          0x08001fe7   Thumb Code    34  stm32f10x_tim.o(.text)
    TIM_ClearITPendingBit                    0x08002009   Thumb Code     6  stm32f10x_tim.o(.text)
    USART_DeInit                             0x08002011   Thumb Code   134  stm32f10x_usart.o(.text)
    USART_Init                               0x08002097   Thumb Code   210  stm32f10x_usart.o(.text)
    USART_StructInit                         0x08002169   Thumb Code    24  stm32f10x_usart.o(.text)
    USART_ClockInit                          0x08002181   Thumb Code    34  stm32f10x_usart.o(.text)
    USART_ClockStructInit                    0x080021a3   Thumb Code    12  stm32f10x_usart.o(.text)
    USART_Cmd                                0x080021af   Thumb Code    24  stm32f10x_usart.o(.text)
    USART_ITConfig                           0x080021c7   Thumb Code    74  stm32f10x_usart.o(.text)
    USART_DMACmd                             0x08002211   Thumb Code    18  stm32f10x_usart.o(.text)
    USART_SetAddress                         0x08002223   Thumb Code    18  stm32f10x_usart.o(.text)
    USART_WakeUpConfig                       0x08002235   Thumb Code    18  stm32f10x_usart.o(.text)
    USART_ReceiverWakeUpCmd                  0x08002247   Thumb Code    24  stm32f10x_usart.o(.text)
    USART_LINBreakDetectLengthConfig         0x0800225f   Thumb Code    18  stm32f10x_usart.o(.text)
    USART_LINCmd                             0x08002271   Thumb Code    24  stm32f10x_usart.o(.text)
    USART_SendData                           0x08002289   Thumb Code     8  stm32f10x_usart.o(.text)
    USART_ReceiveData                        0x08002291   Thumb Code    10  stm32f10x_usart.o(.text)
    USART_SendBreak                          0x0800229b   Thumb Code    10  stm32f10x_usart.o(.text)
    USART_SetGuardTime                       0x080022a5   Thumb Code    16  stm32f10x_usart.o(.text)
    USART_SetPrescaler                       0x080022b5   Thumb Code    16  stm32f10x_usart.o(.text)
    USART_SmartCardCmd                       0x080022c5   Thumb Code    24  stm32f10x_usart.o(.text)
    USART_SmartCardNACKCmd                   0x080022dd   Thumb Code    24  stm32f10x_usart.o(.text)
    USART_HalfDuplexCmd                      0x080022f5   Thumb Code    24  stm32f10x_usart.o(.text)
    USART_OverSampling8Cmd                   0x0800230d   Thumb Code    22  stm32f10x_usart.o(.text)
    USART_OneBitMethodCmd                    0x08002323   Thumb Code    24  stm32f10x_usart.o(.text)
    USART_IrDAConfig                         0x0800233b   Thumb Code    18  stm32f10x_usart.o(.text)
    USART_IrDACmd                            0x0800234d   Thumb Code    24  stm32f10x_usart.o(.text)
    USART_GetFlagStatus                      0x08002365   Thumb Code    26  stm32f10x_usart.o(.text)
    USART_ClearFlag                          0x0800237f   Thumb Code    18  stm32f10x_usart.o(.text)
    USART_GetITStatus                        0x08002391   Thumb Code    84  stm32f10x_usart.o(.text)
    USART_ClearITPendingBit                  0x080023e5   Thumb Code    52  stm32f10x_usart.o(.text)
    NVIC_Config                              0x08002419   Thumb Code    98  main.o(.text)
    RunDefaultSet                            0x0800247b   Thumb Code   392  main.o(.text)
    DealRemoteSignal                         0x08002603   Thumb Code   476  main.o(.text)
    CheckAlarm                               0x080027df   Thumb Code   444  main.o(.text)
    OnTimeAlarm                              0x0800299b   Thumb Code    42  main.o(.text)
    OnTimeLightCheck                         0x080029c5   Thumb Code   142  main.o(.text)
    SettingFunc                              0x08002a53   Thumb Code   400  main.o(.text)
    main                                     0x08002be3   Thumb Code  1160  main.o(.text)
    NMI_Handler                              0x0800317d   Thumb Code     2  stm32f10x_it.o(.text)
    HardFault_Handler                        0x0800317f   Thumb Code     4  stm32f10x_it.o(.text)
    MemManage_Handler                        0x08003183   Thumb Code     4  stm32f10x_it.o(.text)
    BusFault_Handler                         0x08003187   Thumb Code     4  stm32f10x_it.o(.text)
    UsageFault_Handler                       0x0800318b   Thumb Code     4  stm32f10x_it.o(.text)
    SVC_Handler                              0x0800318f   Thumb Code     2  stm32f10x_it.o(.text)
    DebugMon_Handler                         0x08003191   Thumb Code     2  stm32f10x_it.o(.text)
    PendSV_Handler                           0x08003193   Thumb Code     2  stm32f10x_it.o(.text)
    EXTI2_IRQHandler                         0x08003195   Thumb Code    30  stm32f10x_it.o(.text)
    SysTick_Handler                          0x080031b3   Thumb Code   208  stm32f10x_it.o(.text)
    LED_GPIO_Config                          0x080032ad   Thumb Code    84  bsp_led.o(.text)
    Dot_Toggle                               0x08003301   Thumb Code    28  bsp_led.o(.text)
    LED_STATE                                0x0800331d   Thumb Code    28  bsp_led.o(.text)
    SysTick_Init                             0x08003345   Thumb Code   106  bsp_systick.o(.text)
    Delay_us                                 0x080033af   Thumb Code    36  bsp_systick.o(.text)
    TimingDelay_Decrement                    0x080033d3   Thumb Code    18  bsp_systick.o(.text)
    USART1_Config                            0x080033f9   Thumb Code   126  bsp_usart1.o(.text)
    USART1_IRQHandler                        0x08003477   Thumb Code    32  bsp_usart1.o(.text)
    fputc                                    0x08003497   Thumb Code    32  bsp_usart1.o(.text)
    fgetc                                    0x080034b7   Thumb Code    26  bsp_usart1.o(.text)
    UART_PutChar                             0x080034d1   Thumb Code    30  bsp_usart1.o(.text)
    USART_SendString                         0x080034ef   Thumb Code    50  bsp_usart1.o(.text)
    DS3231_INT_EXTI_Init                     0x08003531   Thumb Code    68  ds3231.o(.text)
    DS3231_GPIO_Init                         0x08003575   Thumb Code    10  ds3231.o(.text)
    IIC_WriteBytes                           0x0800357f   Thumb Code   126  ds3231.o(.text)
    DS3231_SetSecondAlarm                    0x080035fd   Thumb Code    66  ds3231.o(.text)
    DS3231_Config                            0x0800363f   Thumb Code    32  ds3231.o(.text)
    DS3231_WriteTime                         0x0800365f   Thumb Code    96  ds3231.o(.text)
    IIC_ReadBytes                            0x080036bf   Thumb Code   112  ds3231.o(.text)
    DS3231_ReadTime                          0x0800372f   Thumb Code    76  ds3231.o(.text)
    DS3231_ReadReg                           0x0800377b   Thumb Code    20  ds3231.o(.text)
    DS3231_WriteReg                          0x0800378f   Thumb Code    24  ds3231.o(.text)
    DS3231_ReadAll                           0x080037a7   Thumb Code    64  ds3231.o(.text)
    i2c_Delay                                0x0800382d   Thumb Code    14  bsp_i2c_gpio.o(.text)
    i2c_Start                                0x0800383b   Thumb Code    48  bsp_i2c_gpio.o(.text)
    i2c_Stop                                 0x0800386b   Thumb Code    36  bsp_i2c_gpio.o(.text)
    i2c_SendByte                             0x0800388f   Thumb Code    90  bsp_i2c_gpio.o(.text)
    i2c_ReadByte                             0x080038e9   Thumb Code    66  bsp_i2c_gpio.o(.text)
    i2c_WaitAck                              0x0800392b   Thumb Code    58  bsp_i2c_gpio.o(.text)
    i2c_Ack                                  0x08003965   Thumb Code    52  bsp_i2c_gpio.o(.text)
    i2c_NAck                                 0x08003999   Thumb Code    40  bsp_i2c_gpio.o(.text)
    i2c_CfgGpio                              0x080039c1   Thumb Code    42  bsp_i2c_gpio.o(.text)
    i2c_CheckDevice                          0x080039eb   Thumb Code    32  bsp_i2c_gpio.o(.text)
    Beep_Delay                               0x08003a11   Thumb Code    22  bsp_beep.o(.text)
    BeepInit                                 0x08003a27   Thumb Code    46  bsp_beep.o(.text)
    Beep_State                               0x08003a55   Thumb Code    28  bsp_beep.o(.text)
    Beep_OnTimeAlarm                         0x08003a71   Thumb Code    54  bsp_beep.o(.text)
    Beep_Alarm                               0x08003aa7   Thumb Code    54  bsp_beep.o(.text)
    DS18B20_Delay_10us                       0x08003af1   Thumb Code    12  bsp_ds18b20.o(.text)
    DS18B20_Read_Byte                        0x08003c1f   Thumb Code    34  bsp_ds18b20.o(.text)
    DS18B20_Write_Byte                       0x08003c41   Thumb Code    96  bsp_ds18b20.o(.text)
    DS18B20_Start                            0x08003ca1   Thumb Code    24  bsp_ds18b20.o(.text)
    DS18B20_Init                             0x08003cb9   Thumb Code    16  bsp_ds18b20.o(.text)
    DS18B20_Get_Temp                         0x08003cc9   Thumb Code   128  bsp_ds18b20.o(.text)
    WS2812_Init                              0x08003d51   Thumb Code    38  ws2812b.o(.text)
    WS2812_Send_0                            0x08003d77   Thumb Code   134  ws2812b.o(.text)
    WS2812_Send_1                            0x08003dfd   Thumb Code   104  ws2812b.o(.text)
    WS2812_Send_Data                         0x08003e65   Thumb Code    38  ws2812b.o(.text)
    WS2812_Send_Px                           0x08003e8b   Thumb Code    38  ws2812b.o(.text)
    WS2812_Breath                            0x08003eb1   Thumb Code  1576  ws2812b.o(.text)
    WS2812_Refresh                           0x080044d9   Thumb Code   112  ws2812b.o(.text)
    Nixie_Delay                              0x08004585   Thumb Code    24  other.o(.text)
    Nixie_HC595_Num2Bit                      0x0800459d   Thumb Code  1368  other.o(.text)
    Nixie_Load                               0x08004af5   Thumb Code    48  other.o(.text)
    Nixie_Update                             0x08004b25   Thumb Code    12  other.o(.text)
    Nixie_Test                               0x08004b31   Thumb Code    64  other.o(.text)
    Nixie_TimeToHC595                        0x08004b71   Thumb Code   110  other.o(.text)
    Nixie_DateToHC595                        0x08004bdf   Thumb Code    80  other.o(.text)
    Nixie_WeekToHC595                        0x08004c2f   Thumb Code    52  other.o(.text)
    Nixie_TempToHC595                        0x08004c63   Thumb Code    74  other.o(.text)
    Set_TimeToHC595                          0x08004cad   Thumb Code   480  other.o(.text)
    Set_DateToHC595                          0x08004e8d   Thumb Code   396  other.o(.text)
    Set_WeekToHC595                          0x08005019   Thumb Code   198  other.o(.text)
    Set_YearToHC595                          0x080050df   Thumb Code   274  other.o(.text)
    Set_AlarmToHC595                         0x080051f1   Thumb Code   372  other.o(.text)
    Nixie_Set_Show                           0x08005365   Thumb Code    66  other.o(.text)
    Nixie_Cathode_Prevention                 0x080053a7   Thumb Code   110  other.o(.text)
    Nixie_Show                               0x08005415   Thumb Code   130  other.o(.text)
    Nixie_Light_Ctl                          0x080054a9   Thumb Code    64  other.o(.text)
    Nixie_DealRemote                         0x080054e9   Thumb Code  2794  other.o(.text)
    HC595_PWM_Init                           0x08005fd3   Thumb Code   140  other.o(.text)
    Recovery                                 0x0800605f   Thumb Code    14  other.o(.text)
    MyTest                                   0x0800606d   Thumb Code     2  other.o(.text)
    Remote_Delay_10us                        0x080060cd   Thumb Code   190  remote.o(.text)
    Remote_Init                              0x0800618b   Thumb Code    74  remote.o(.text)
    Pulse_Width_Check                        0x080061d5   Thumb Code    36  remote.o(.text)
    EXTI9_5_IRQHandler                       0x080061f9   Thumb Code   138  remote.o(.text)
    Remote_Process                           0x08006283   Thumb Code    58  remote.o(.text)
    hc595_delay                              0x080062d1   Thumb Code    24  bsp_74hc595.o(.text)
    hc595_init                               0x080062e9   Thumb Code   148  bsp_74hc595.o(.text)
    hc595_input                              0x0800637d   Thumb Code    68  bsp_74hc595.o(.text)
    hc595_latch                              0x080063c1   Thumb Code    34  bsp_74hc595.o(.text)
    hc595_WriteBytes                         0x080063e3   Thumb Code    36  bsp_74hc595.o(.text)
    hc595_off                                0x08006407   Thumb Code     2  bsp_74hc595.o(.text)
    InitCurrWrAddress                        0x0800645b   Thumb Code    92  eeprom.o(.text)
    EE_ReadVariable                          0x08006565   Thumb Code    88  eeprom.o(.text)
    __EE_Init                                0x080065bd   Thumb Code   486  eeprom.o(.text)
    EE_Init                                  0x080067a3   Thumb Code    20  eeprom.o(.text)
    EE_WriteVariable                         0x080068b1   Thumb Code    36  eeprom.o(.text)
    __aeabi_memset                           0x080068e5   Thumb Code    14  memseta.o(.text)
    __aeabi_memset4                          0x080068e5   Thumb Code     0  memseta.o(.text)
    __aeabi_memset8                          0x080068e5   Thumb Code     0  memseta.o(.text)
    __aeabi_memclr                           0x080068f3   Thumb Code     4  memseta.o(.text)
    __aeabi_memclr4                          0x080068f3   Thumb Code     0  memseta.o(.text)
    __aeabi_memclr8                          0x080068f3   Thumb Code     0  memseta.o(.text)
    _memset$wrapper                          0x080068f7   Thumb Code    18  memseta.o(.text)
    __aeabi_fadd                             0x08006909   Thumb Code   164  fadd.o(.text)
    __aeabi_fsub                             0x080069ad   Thumb Code     6  fadd.o(.text)
    __aeabi_frsub                            0x080069b3   Thumb Code     6  fadd.o(.text)
    __aeabi_fmul                             0x080069b9   Thumb Code   108  fmul.o(.text)
    __aeabi_dadd                             0x08006a25   Thumb Code   322  dadd.o(.text)
    __aeabi_dsub                             0x08006b67   Thumb Code     6  dadd.o(.text)
    __aeabi_drsub                            0x08006b6d   Thumb Code     6  dadd.o(.text)
    __aeabi_dmul                             0x08006b73   Thumb Code   228  dmul.o(.text)
    __aeabi_ddiv                             0x08006c57   Thumb Code   222  ddiv.o(.text)
    __aeabi_ui2f                             0x08006d35   Thumb Code    10  ffltui.o(.text)
    __aeabi_i2d                              0x08006d3f   Thumb Code    34  dflti.o(.text)
    __aeabi_ui2d                             0x08006d61   Thumb Code    26  dfltui.o(.text)
    __aeabi_f2uiz                            0x08006d7b   Thumb Code    40  ffixui.o(.text)
    __aeabi_f2d                              0x08006da3   Thumb Code    38  f2d.o(.text)
    __aeabi_cdcmpeq                          0x08006dc9   Thumb Code     0  cdcmple.o(.text)
    __aeabi_cdcmple                          0x08006dc9   Thumb Code    38  cdcmple.o(.text)
    __aeabi_cdrcmple                         0x08006df1   Thumb Code    38  cdrcmple.o(.text)
    __aeabi_d2f                              0x08006e19   Thumb Code    56  d2f.o(.text)
    __aeabi_cfcmpeq                          0x08006e51   Thumb Code     0  cfcmple.o(.text)
    __aeabi_cfcmple                          0x08006e51   Thumb Code    20  cfcmple.o(.text)
    __aeabi_cfrcmple                         0x08006e65   Thumb Code    20  cfrcmple.o(.text)
    __aeabi_uidiv                            0x08006e79   Thumb Code     0  uidiv.o(.text)
    __aeabi_uidivmod                         0x08006e79   Thumb Code    44  uidiv.o(.text)
    __aeabi_uldivmod                         0x08006ea5   Thumb Code    98  uldiv.o(.text)
    __aeabi_llsl                             0x08006f07   Thumb Code    30  llshl.o(.text)
    _ll_shift_l                              0x08006f07   Thumb Code     0  llshl.o(.text)
    __aeabi_lasr                             0x08006f25   Thumb Code    36  llsshr.o(.text)
    _ll_sshift_r                             0x08006f25   Thumb Code     0  llsshr.o(.text)
    __I$use$fp                               0x08006f49   Thumb Code     0  iusefp.o(.text)
    _float_round                             0x08006f49   Thumb Code    18  fepilogue.o(.text)
    _float_epilogue                          0x08006f5b   Thumb Code    90  fepilogue.o(.text)
    _double_round                            0x08006fb5   Thumb Code    26  depilogue.o(.text)
    _double_epilogue                         0x08006fcf   Thumb Code   164  depilogue.o(.text)
    __aeabi_d2ulz                            0x08007073   Thumb Code    48  dfixul.o(.text)
    __scatterload                            0x080070a5   Thumb Code    28  init.o(.text)
    __scatterload_rt2                        0x080070a5   Thumb Code     0  init.o(.text)
    __aeabi_llsr                             0x080070c9   Thumb Code    32  llushr.o(.text)
    _ll_ushift_r                             0x080070c9   Thumb Code     0  llushr.o(.text)
    __decompress                             0x080070e9   Thumb Code     0  __dczerorl2.o(.text)
    __decompress1                            0x080070e9   Thumb Code    92  __dczerorl2.o(.text)
    __0printf                                0x08007145   Thumb Code    22  printfa.o(i.__0printf)
    __1printf                                0x08007145   Thumb Code     0  printfa.o(i.__0printf)
    __2printf                                0x08007145   Thumb Code     0  printfa.o(i.__0printf)
    __c89printf                              0x08007145   Thumb Code     0  printfa.o(i.__0printf)
    printf                                   0x08007145   Thumb Code     0  printfa.o(i.__0printf)
    __scatterload_copy                       0x08007165   Thumb Code    14  handlers.o(i.__scatterload_copy)
    __scatterload_null                       0x08007173   Thumb Code     2  handlers.o(i.__scatterload_null)
    __scatterload_zeroinit                   0x08007175   Thumb Code    14  handlers.o(i.__scatterload_zeroinit)
    Region$$Table$$Base                      0x08007a28   Number         0  anon$$obj.o(Region$$Table)
    Region$$Table$$Limit                     0x08007a48   Number         0  anon$$obj.o(Region$$Table)
    SystemCoreClock                          0x20000000   Data           4  system_stm32f10x.o(.data)
    AHBPrescTable                            0x20000004   Data          16  system_stm32f10x.o(.data)
    RemoteKey                                0x20000028   Data           1  main.o(.data)
    ShowState                                0x20000029   Data           1  main.o(.data)
    LightOnSecCnt                            0x2000002c   Data           4  main.o(.data)
    RuntimeSecCnt                            0x20000030   Data           4  main.o(.data)
    LightTime15min                           0x20000034   Data           2  main.o(.data)
    RunTime15min                             0x20000038   Data           4  main.o(.data)
    LightLevel                               0x2000003c   Data           1  main.o(.data)
    Setting                                  0x2000003d   Data           1  main.o(.data)
    SetChannel                               0x2000003e   Data           1  main.o(.data)
    SetType                                  0x2000003f   Data           1  main.o(.data)
    NewNum                                   0x20000040   Data           1  main.o(.data)
    RGBType                                  0x20000041   Data           1  main.o(.data)
    FirstRunFlag                             0x20000042   Data           1  main.o(.data)
    EE_tmp                                   0x20000044   Data           2  main.o(.data)
    AlarmState                               0x20000046   Data           1  main.o(.data)
    AlarmSwitch                              0x20000047   Data           1  main.o(.data)
    ForceLightOn                             0x20000048   Data           1  main.o(.data)
    SecAlarm                                 0x2000004c   Data           1  stm32f10x_it.o(.data)
    tick                                     0x20000050   Data           4  stm32f10x_it.o(.data)
    Breath_Frq                               0x20000054   Data           1  stm32f10x_it.o(.data)
    Pulse                                    0x20000055   Data           1  stm32f10x_it.o(.data)
    Period_1S                                0x20000056   Data           1  stm32f10x_it.o(.data)
    AlarmWaveFlag                            0x20000057   Data           1  stm32f10x_it.o(.data)
    SetTime                                  0x20000060   Data           7  ds3231.o(.data)
    GetTime                                  0x20000067   Data           7  ds3231.o(.data)
    Alarm                                    0x2000006e   Data           7  ds3231.o(.data)
    DS18B20_Temp                             0x20000078   Data           4  bsp_ds18b20.o(.data)
    RGB_Msg                                  0x2000007c   Data           6  ws2812b.o(.data)
    RGB_Rcd                                  0x20000082   Data           6  ws2812b.o(.data)
    Ruse                                     0x20000088   Data           4  ws2812b.o(.data)
    Guse                                     0x2000008c   Data           4  ws2812b.o(.data)
    Buse                                     0x20000090   Data           4  ws2812b.o(.data)
    ChannelFlash                             0x2000009c   Data           1  other.o(.data)
    LightCoe                                 0x200000a0   Data           4  other.o(.data)
    Remote_Odr                               0x200000a8   Data           4  remote.o(.data)
    Remote_Cnt                               0x200000ac   Data           1  remote.o(.data)
    Remote_Rdy                               0x200000ad   Data           1  remote.o(.data)
    HC595_Data                               0x200000ae   Data           5  bsp_74hc595.o(.data)
    VirtAddVarTab                            0x200000b4   Data         114  eeprom.o(.data)
    DataVar                                  0x20000126   Data           2  eeprom.o(.data)
    CurWrAddress                             0x20000128   Data           4  eeprom.o(.data)
    __stdout                                 0x2000012c   Data           4  stdout.o(.data)
    Nixie_HC595_Data                         0x2000013c   Data          40  other.o(.bss)
    __initial_sp                             0x20000968   Data           0  startup_stm32f10x_hd.o(STACK)



==============================================================================

Memory Map of the image

  Image Entry point : 0x08000131

  Load Region LR_IROM1 (Base: 0x08000000, Size: 0x00007b78, Max: 0x00020000, ABSOLUTE, COMPRESSED[0x00007aec])

    Execution Region ER_IROM1 (Base: 0x08000000, Size: 0x00007a48, Max: 0x00020000, ABSOLUTE)

    Base Addr    Size         Type   Attr      Idx    E Section Name        Object

    0x08000000   0x00000130   Data   RO            3    RESET               startup_stm32f10x_hd.o
    0x08000130   0x00000000   Code   RO          698  * .ARM.Collect$$$$00000000  mc_w.l(entry.o)
    0x08000130   0x00000004   Code   RO          994    .ARM.Collect$$$$00000001  mc_w.l(entry2.o)
    0x08000134   0x00000004   Code   RO          997    .ARM.Collect$$$$00000004  mc_w.l(entry5.o)
    0x08000138   0x00000000   Code   RO          999    .ARM.Collect$$$$00000008  mc_w.l(entry7b.o)
    0x08000138   0x00000000   Code   RO         1001    .ARM.Collect$$$$0000000A  mc_w.l(entry8b.o)
    0x08000138   0x00000008   Code   RO         1002    .ARM.Collect$$$$0000000B  mc_w.l(entry9a.o)
    0x08000140   0x00000000   Code   RO         1004    .ARM.Collect$$$$0000000D  mc_w.l(entry10a.o)
    0x08000140   0x00000000   Code   RO         1006    .ARM.Collect$$$$0000000F  mc_w.l(entry11a.o)
    0x08000140   0x00000004   Code   RO          995    .ARM.Collect$$$$00002712  mc_w.l(entry2.o)
    0x08000144   0x00000024   Code   RO            4    .text               startup_stm32f10x_hd.o
    0x08000168   0x000001dc   Code   RO           24    .text               system_stm32f10x.o
    0x08000344   0x000000dc   Code   RO           91    .text               misc.o
    0x08000420   0x0000011c   Code   RO          218    .text               stm32f10x_exti.o
    0x0800053c   0x000005bc   Code   RO          230    .text               stm32f10x_flash.o
    0x08000af8   0x00000358   Code   RO          257    .text               stm32f10x_gpio.o
    0x08000e50   0x000003a4   Code   RO          308    .text               stm32f10x_rcc.o
    0x080011f4   0x00000e1a   Code   RO          364    .text               stm32f10x_tim.o
    0x0800200e   0x00000002   PAD
    0x08002010   0x00000408   Code   RO          376    .text               stm32f10x_usart.o
    0x08002418   0x00000d64   Code   RO          403    .text               main.o
    0x0800317c   0x00000130   Code   RO          477    .text               stm32f10x_it.o
    0x080032ac   0x00000098   Code   RO          496    .text               bsp_led.o
    0x08003344   0x000000b4   Code   RO          509    .text               bsp_systick.o
    0x080033f8   0x00000138   Code   RO          527    .text               bsp_usart1.o
    0x08003530   0x000002fc   Code   RO          539    .text               ds3231.o
    0x0800382c   0x000001e4   Code   RO          557    .text               bsp_i2c_gpio.o
    0x08003a10   0x000000e0   Code   RO          569    .text               bsp_beep.o
    0x08003af0   0x00000260   Code   RO          582    .text               bsp_ds18b20.o
    0x08003d50   0x00000834   Code   RO          600    .text               ws2812b.o
    0x08004584   0x00001b48   Code   RO          627    .text               other.o
    0x080060cc   0x00000204   Code   RO          644    .text               remote.o
    0x080062d0   0x0000013c   Code   RO          662    .text               bsp_74hc595.o
    0x0800640c   0x000004d8   Code   RO          680    .text               eeprom.o
    0x080068e4   0x00000024   Code   RO          701    .text               mc_w.l(memseta.o)
    0x08006908   0x000000b0   Code   RO          964    .text               mf_w.l(fadd.o)
    0x080069b8   0x0000006c   Code   RO          966    .text               mf_w.l(fmul.o)
    0x08006a24   0x0000014e   Code   RO          968    .text               mf_w.l(dadd.o)
    0x08006b72   0x000000e4   Code   RO          970    .text               mf_w.l(dmul.o)
    0x08006c56   0x000000de   Code   RO          972    .text               mf_w.l(ddiv.o)
    0x08006d34   0x0000000a   Code   RO          974    .text               mf_w.l(ffltui.o)
    0x08006d3e   0x00000022   Code   RO          976    .text               mf_w.l(dflti.o)
    0x08006d60   0x0000001a   Code   RO          978    .text               mf_w.l(dfltui.o)
    0x08006d7a   0x00000028   Code   RO          980    .text               mf_w.l(ffixui.o)
    0x08006da2   0x00000026   Code   RO          982    .text               mf_w.l(f2d.o)
    0x08006dc8   0x00000028   Code   RO          984    .text               mf_w.l(cdcmple.o)
    0x08006df0   0x00000028   Code   RO          986    .text               mf_w.l(cdrcmple.o)
    0x08006e18   0x00000038   Code   RO          988    .text               mf_w.l(d2f.o)
    0x08006e50   0x00000014   Code   RO          990    .text               mf_w.l(cfcmple.o)
    0x08006e64   0x00000014   Code   RO          992    .text               mf_w.l(cfrcmple.o)
    0x08006e78   0x0000002c   Code   RO         1009    .text               mc_w.l(uidiv.o)
    0x08006ea4   0x00000062   Code   RO         1011    .text               mc_w.l(uldiv.o)
    0x08006f06   0x0000001e   Code   RO         1013    .text               mc_w.l(llshl.o)
    0x08006f24   0x00000024   Code   RO         1015    .text               mc_w.l(llsshr.o)
    0x08006f48   0x00000000   Code   RO         1017    .text               mc_w.l(iusefp.o)
    0x08006f48   0x0000006c   Code   RO         1018    .text               mf_w.l(fepilogue.o)
    0x08006fb4   0x000000be   Code   RO         1020    .text               mf_w.l(depilogue.o)
    0x08007072   0x00000030   Code   RO         1022    .text               mf_w.l(dfixul.o)
    0x080070a2   0x00000002   PAD
    0x080070a4   0x00000024   Code   RO         1024    .text               mc_w.l(init.o)
    0x080070c8   0x00000020   Code   RO         1026    .text               mc_w.l(llushr.o)
    0x080070e8   0x0000005c   Code   RO         1036    .text               mc_w.l(__dczerorl2.o)
    0x08007144   0x00000020   Code   RO          936    i.__0printf         mc_w.l(printfa.o)
    0x08007164   0x0000000e   Code   RO         1030    i.__scatterload_copy  mc_w.l(handlers.o)
    0x08007172   0x00000002   Code   RO         1031    i.__scatterload_null  mc_w.l(handlers.o)
    0x08007174   0x0000000e   Code   RO         1032    i.__scatterload_zeroinit  mc_w.l(handlers.o)
    0x08007182   0x00000002   PAD
    0x08007184   0x0000015c   Code   RO          943    i._fp_digits        mc_w.l(printfa.o)
    0x080072e0   0x000006f0   Code   RO          944    i._printf_core      mc_w.l(printfa.o)
    0x080079d0   0x00000026   Code   RO          945    i._printf_post_padding  mc_w.l(printfa.o)
    0x080079f6   0x00000030   Code   RO          946    i._printf_pre_padding  mc_w.l(printfa.o)
    0x08007a26   0x00000002   PAD
    0x08007a28   0x00000020   Data   RO         1028    Region$$Table       anon$$obj.o


    Execution Region RW_IRAM1 (Base: 0x20000000, Size: 0x00000968, Max: 0x00005000, ABSOLUTE, COMPRESSED[0x000000a4])

    Base Addr    Size         Type   Attr      Idx    E Section Name        Object

    0x20000000   0x00000014   Data   RW           25    .data               system_stm32f10x.o
    0x20000014   0x00000014   Data   RW          309    .data               stm32f10x_rcc.o
    0x20000028   0x00000024   Data   RW          404    .data               main.o
    0x2000004c   0x0000000d   Data   RW          478    .data               stm32f10x_it.o
    0x20000059   0x00000003   PAD
    0x2000005c   0x00000004   Data   RW          510    .data               bsp_systick.o
    0x20000060   0x00000015   Data   RW          540    .data               ds3231.o
    0x20000075   0x00000003   PAD
    0x20000078   0x00000004   Data   RW          583    .data               bsp_ds18b20.o
    0x2000007c   0x0000001e   Data   RW          602    .data               ws2812b.o
    0x2000009a   0x00000002   PAD
    0x2000009c   0x0000000b   Data   RW          629    .data               other.o
    0x200000a7   0x00000001   PAD
    0x200000a8   0x00000006   Data   RW          645    .data               remote.o
    0x200000ae   0x00000005   Data   RW          663    .data               bsp_74hc595.o
    0x200000b3   0x00000001   PAD
    0x200000b4   0x00000078   Data   RW          681    .data               eeprom.o
    0x2000012c   0x00000004   Data   RW         1008    .data               mc_w.l(stdout.o)
    0x20000130   0x0000000c   Zero   RW          601    .bss                ws2812b.o
    0x2000013c   0x00000028   Zero   RW          628    .bss                other.o
    0x20000164   0x00000004   PAD
    0x20000168   0x00000800   Zero   RW            1    STACK               startup_stm32f10x_hd.o


==============================================================================

Image component sizes


      Code (inc. data)   RO Data    RW Data    ZI Data      Debug   Object Name

       316          4          0          5          0       1981   bsp_74hc595.o
       224         20          0          0          0       1117   bsp_beep.o
       608          8          0          4          0       2801   bsp_ds18b20.o
       484          6          0          0          0       2066   bsp_i2c_gpio.o
       152         12          0          0          0        771   bsp_led.o
       180         20          0          4          0      16553   bsp_systick.o
       312         16          0          0          0       1888   bsp_usart1.o
         0          0          0          0          0       4212   core_cm3.o
       764         70          0         21          0       4672   ds3231.o
      1240         40          0        120          0       4964   eeprom.o
      3428        740          0         36          0       5432   main.o
       220         20          0          0          0       1773   misc.o
      6984        352          0         11         40       8787   other.o
       516         20          0          6          0       2171   remote.o
        36          8        304          0       2048        836   startup_stm32f10x_hd.o
       284         10          0          0          0       2203   stm32f10x_exti.o
      1468         34          0          0          0       8002   stm32f10x_flash.o
       856         40          0          0          0       5613   stm32f10x_gpio.o
       304         42          0         13          0       2281   stm32f10x_it.o
       932         44          0         20          0       8764   stm32f10x_rcc.o
      3610         88          0          0          0      22100   stm32f10x_tim.o
      1032         22          0          0          0       8344   stm32f10x_usart.o
       476         36          0         20          0     257203   system_stm32f10x.o
      2100        124          0         30         12       4138   ws2812b.o

    ----------------------------------------------------------------------
     26528       1776        336        300       2104     378672   Object Totals
         0          0         32          0          0          0   (incl. Generated)
         2          0          0         10          4          0   (incl. Padding)

    ----------------------------------------------------------------------

      Code (inc. data)   RO Data    RW Data    ZI Data      Debug   Library Member Name

        92          0          0          0          0          0   __dczerorl2.o
         0          0          0          0          0          0   entry.o
         0          0          0          0          0          0   entry10a.o
         0          0          0          0          0          0   entry11a.o
         8          4          0          0          0          0   entry2.o
         4          0          0          0          0          0   entry5.o
         0          0          0          0          0          0   entry7b.o
         0          0          0          0          0          0   entry8b.o
         8          4          0          0          0          0   entry9a.o
        30          0          0          0          0          0   handlers.o
        36          8          0          0          0         68   init.o
         0          0          0          0          0          0   iusefp.o
        30          0          0          0          0         68   llshl.o
        36          0          0          0          0         68   llsshr.o
        32          0          0          0          0         68   llushr.o
        36          0          0          0          0        108   memseta.o
      2242         90          0          0          0        444   printfa.o
         0          0          0          4          0          0   stdout.o
        44          0          0          0          0         80   uidiv.o
        98          0          0          0          0         92   uldiv.o
        40          2          0          0          0         68   cdcmple.o
        40          2          0          0          0         68   cdrcmple.o
        20          0          0          0          0         68   cfcmple.o
        20          0          0          0          0         68   cfrcmple.o
        56          0          0          0          0         88   d2f.o
       334          0          0          0          0        148   dadd.o
       222          0          0          0          0        100   ddiv.o
       190          0          0          0          0        176   depilogue.o
        48          0          0          0          0         68   dfixul.o
        34          0          0          0          0         76   dflti.o
        26          0          0          0          0         76   dfltui.o
       228          0          0          0          0         96   dmul.o
        38          0          0          0          0         68   f2d.o
       176          0          0          0          0        140   fadd.o
       108          0          0          0          0        168   fepilogue.o
        40          0          0          0          0         68   ffixui.o
        10          0          0          0          0         68   ffltui.o
       108          0          0          0          0         76   fmul.o

    ----------------------------------------------------------------------
      4440        110          0          4          0       2684   Library Totals
         6          0          0          0          0          0   (incl. Padding)

    ----------------------------------------------------------------------

      Code (inc. data)   RO Data    RW Data    ZI Data      Debug   Library Name

      2696        106          0          4          0        996   mc_w.l
      1738          4          0          0          0       1688   mf_w.l

    ----------------------------------------------------------------------
      4440        110          0          4          0       2684   Library Totals

    ----------------------------------------------------------------------

==============================================================================


      Code (inc. data)   RO Data    RW Data    ZI Data      Debug   

     30968       1886        336        304       2104     377508   Grand Totals
     30968       1886        336        164       2104     377508   ELF Image Totals (compressed)
     30968       1886        336        164          0          0   ROM Totals

==============================================================================

    Total RO  Size (Code + RO Data)                31304 (  30.57kB)
    Total RW  Size (RW Data + ZI Data)              2408 (   2.35kB)
    Total ROM Size (Code + RO Data + RW Data)      31468 (  30.73kB)

==============================================================================

